Component: ARM Compiler 5.06 update 7 (build 960) Tool: armlink [4d3601]

==============================================================================

Section Cross References

    startup_stm32f103xb.o(STACK) refers (Special) to heapauxi.o(.text) for __use_two_region_memory
    startup_stm32f103xb.o(HEAP) refers (Special) to heapauxi.o(.text) for __use_two_region_memory
    startup_stm32f103xb.o(RESET) refers (Special) to heapauxi.o(.text) for __use_two_region_memory
    startup_stm32f103xb.o(RESET) refers to startup_stm32f103xb.o(STACK) for __initial_sp
    startup_stm32f103xb.o(RESET) refers to startup_stm32f103xb.o(.text) for Reset_Handler
    startup_stm32f103xb.o(RESET) refers to stm32f1xx_it.o(i.NMI_Handler) for NMI_Handler
    startup_stm32f103xb.o(RESET) refers to stm32f1xx_it.o(i.HardFault_Handler) for HardFault_Handler
    startup_stm32f103xb.o(RESET) refers to stm32f1xx_it.o(i.MemManage_Handler) for MemManage_Handler
    startup_stm32f103xb.o(RESET) refers to stm32f1xx_it.o(i.BusFault_Handler) for BusFault_Handler
    startup_stm32f103xb.o(RESET) refers to stm32f1xx_it.o(i.UsageFault_Handler) for UsageFault_Handler
    startup_stm32f103xb.o(RESET) refers to stm32f1xx_it.o(i.SVC_Handler) for SVC_Handler
    startup_stm32f103xb.o(RESET) refers to stm32f1xx_it.o(i.DebugMon_Handler) for DebugMon_Handler
    startup_stm32f103xb.o(RESET) refers to stm32f1xx_it.o(i.PendSV_Handler) for PendSV_Handler
    startup_stm32f103xb.o(RESET) refers to stm32f1xx_it.o(i.SysTick_Handler) for SysTick_Handler
    startup_stm32f103xb.o(RESET) refers to stm32f1xx_it.o(i.DMA1_Channel1_IRQHandler) for DMA1_Channel1_IRQHandler
    startup_stm32f103xb.o(RESET) refers to stm32f1xx_it.o(i.ADC1_2_IRQHandler) for ADC1_2_IRQHandler
    startup_stm32f103xb.o(RESET) refers to stm32f1xx_it.o(i.USART2_IRQHandler) for USART2_IRQHandler
    startup_stm32f103xb.o(.text) refers (Special) to heapauxi.o(.text) for __use_two_region_memory
    startup_stm32f103xb.o(.text) refers to system_stm32f1xx.o(i.SystemInit) for SystemInit
    startup_stm32f103xb.o(.text) refers to __main.o(!!!main) for __main
    startup_stm32f103xb.o(.text) refers to startup_stm32f103xb.o(HEAP) for Heap_Mem
    startup_stm32f103xb.o(.text) refers to startup_stm32f103xb.o(STACK) for Stack_Mem
    main.o(i.Input_DB_GLCD) refers to stm32f1xx_hal_gpio.o(i.HAL_GPIO_Init) for HAL_GPIO_Init
    main.o(i.MX_ADC1_Init) refers to stm32f1xx_hal_adc.o(i.HAL_ADC_Init) for HAL_ADC_Init
    main.o(i.MX_ADC1_Init) refers to main.o(i.Error_Handler) for Error_Handler
    main.o(i.MX_ADC1_Init) refers to stm32f1xx_hal_adc.o(i.HAL_ADC_ConfigChannel) for HAL_ADC_ConfigChannel
    main.o(i.MX_ADC1_Init) refers to main.o(.bss) for hadc1
    main.o(i.MX_CAN_Init) refers to stm32f1xx_hal_can.o(i.HAL_CAN_Init) for HAL_CAN_Init
    main.o(i.MX_CAN_Init) refers to main.o(i.Error_Handler) for Error_Handler
    main.o(i.MX_CAN_Init) refers to main.o(.bss) for hcan
    main.o(i.MX_DMA_Init) refers to stm32f1xx_hal_cortex.o(i.HAL_NVIC_SetPriority) for HAL_NVIC_SetPriority
    main.o(i.MX_DMA_Init) refers to stm32f1xx_hal_cortex.o(i.HAL_NVIC_EnableIRQ) for HAL_NVIC_EnableIRQ
    main.o(i.MX_GPIO_Init) refers to stm32f1xx_hal_gpio.o(i.HAL_GPIO_WritePin) for HAL_GPIO_WritePin
    main.o(i.MX_GPIO_Init) refers to stm32f1xx_hal_gpio.o(i.HAL_GPIO_Init) for HAL_GPIO_Init
    main.o(i.MX_RTC_Init) refers to stm32f1xx_hal_rtc.o(i.HAL_RTC_Init) for HAL_RTC_Init
    main.o(i.MX_RTC_Init) refers to main.o(i.Error_Handler) for Error_Handler
    main.o(i.MX_RTC_Init) refers to stm32f1xx_hal_rtc.o(i.HAL_RTC_SetTime) for HAL_RTC_SetTime
    main.o(i.MX_RTC_Init) refers to stm32f1xx_hal_rtc.o(i.HAL_RTC_SetDate) for HAL_RTC_SetDate
    main.o(i.MX_RTC_Init) refers to main.o(.bss) for hrtc
    main.o(i.MX_SPI1_Init) refers to stm32f1xx_hal_spi.o(i.HAL_SPI_Init) for HAL_SPI_Init
    main.o(i.MX_SPI1_Init) refers to main.o(i.Error_Handler) for Error_Handler
    main.o(i.MX_SPI1_Init) refers to main.o(.bss) for hspi1
    main.o(i.MX_TIM1_Init) refers to stm32f1xx_hal_tim.o(i.HAL_TIM_Base_Init) for HAL_TIM_Base_Init
    main.o(i.MX_TIM1_Init) refers to main.o(i.Error_Handler) for Error_Handler
    main.o(i.MX_TIM1_Init) refers to stm32f1xx_hal_tim.o(i.HAL_TIM_ConfigClockSource) for HAL_TIM_ConfigClockSource
    main.o(i.MX_TIM1_Init) refers to stm32f1xx_hal_tim_ex.o(i.HAL_TIMEx_MasterConfigSynchronization) for HAL_TIMEx_MasterConfigSynchronization
    main.o(i.MX_TIM1_Init) refers to main.o(.bss) for htim1
    main.o(i.MX_TIM2_Init) refers to rt_memclr_w.o(.text) for __aeabi_memclr4
    main.o(i.MX_TIM2_Init) refers to stm32f1xx_hal_tim.o(i.HAL_TIM_Base_Init) for HAL_TIM_Base_Init
    main.o(i.MX_TIM2_Init) refers to main.o(i.Error_Handler) for Error_Handler
    main.o(i.MX_TIM2_Init) refers to stm32f1xx_hal_tim.o(i.HAL_TIM_ConfigClockSource) for HAL_TIM_ConfigClockSource
    main.o(i.MX_TIM2_Init) refers to stm32f1xx_hal_tim.o(i.HAL_TIM_PWM_Init) for HAL_TIM_PWM_Init
[...]
    i.HAL_TIM_PWM_Init                       0x080031a4   Section        0  stm32f1xx_hal_tim.o(i.HAL_TIM_PWM_Init)
    i.HAL_TIM_PWM_MspInit                    0x0800320a   Section        0  stm32f1xx_hal_tim.o(i.HAL_TIM_PWM_MspInit)
    i.HAL_UARTEx_RxEventCallback             0x0800320c   Section        0  stm32f1xx_hal_uart.o(i.HAL_UARTEx_RxEventCallback)
    i.HAL_UART_ErrorCallback                 0x0800320e   Section        0  stm32f1xx_hal_uart.o(i.HAL_UART_ErrorCallback)
    i.HAL_UART_IRQHandler                    0x08003210   Section        0  stm32f1xx_hal_uart.o(i.HAL_UART_IRQHandler)
    i.HAL_UART_Init                          0x080034f4   Section        0  stm32f1xx_hal_uart.o(i.HAL_UART_Init)
    i.HAL_UART_MspInit                       0x0800356c   Section        0  stm32f1xx_hal_msp.o(i.HAL_UART_MspInit)
    i.HAL_UART_RxCpltCallback                0x080036dc   Section        0  stm32f1xx_hal_uart.o(i.HAL_UART_RxCpltCallback)
    i.HAL_UART_TxCpltCallback                0x080036de   Section        0  stm32f1xx_hal_uart.o(i.HAL_UART_TxCpltCallback)
    i.HardFault_Handler                      0x080036e0   Section        0  stm32f1xx_it.o(i.HardFault_Handler)
    i.ITM_SendChar                           0x080036e4   Section        0  retarget_io.o(i.ITM_SendChar)
    i.Input_DB_GLCD                          0x08003714   Section        0  main.o(i.Input_DB_GLCD)
    i.KS108_CLS                              0x08003730   Section        0  ks0108.o(i.KS108_CLS)
    i.KS108_ClearPage                        0x08003754   Section        0  ks0108.o(i.KS108_ClearPage)
    i.KS108_DoReadData                       0x08003778   Section        0  ks0108.o(i.KS108_DoReadData)
    i.KS108_DrawBitmap                       0x0800384c   Section        0  ks0108.o(i.KS108_DrawBitmap)
    i.KS108_FillRect                         0x0800397a   Section        0  ks0108.o(i.KS108_FillRect)
    i.KS108_GotoXY                           0x08003a70   Section        0  ks0108.o(i.KS108_GotoXY)
    i.KS108_Init                             0x08003af8   Section        0  ks0108.o(i.KS108_Init)
    i.KS108_Init_Port                        0x08003b70   Section        0  ks0108.o(i.KS108_Init_Port)
    i.KS108_InvertRect                       0x08003bcc   Section        0  ks0108.o(i.KS108_InvertRect)
    i.KS108_ReadData                         0x08003cda   Section        0  ks0108.o(i.KS108_ReadData)
    i.KS108_SetDot                           0x08003cea   Section        0  ks0108.o(i.KS108_SetDot)
    i.KS108_WriteCommand                     0x08003d4c   Section        0  ks0108.o(i.KS108_WriteCommand)
    i.KS108_WriteData                        0x08003dac   Section        0  ks0108.o(i.KS108_WriteData)
    i.KS108_delay450ns                       0x08003f28   Section        0  ks0108.o(i.KS108_delay450ns)
    i.LcdFont                                0x08003f40   Section        0  font.o(i.LcdFont)
    i.MX_ADC1_Init                           0x08003fa0   Section        0  main.o(i.MX_ADC1_Init)
    MX_ADC1_Init                             0x08003fa1   Thumb Code    82  main.o(i.MX_ADC1_Init)
    i.MX_CAN_Init                            0x08003ffc   Section        0  main.o(i.MX_CAN_Init)
    MX_CAN_Init                              0x08003ffd   Thumb Code    48  main.o(i.MX_CAN_Init)
    i.MX_DMA_Init                            0x08004034   Section        0  main.o(i.MX_DMA_Init)
    MX_DMA_Init                              0x08004035   Thumb Code    48  main.o(i.MX_DMA_Init)
    i.MX_GPIO_Init                           0x08004068   Section        0  main.o(i.MX_GPIO_Init)
    MX_GPIO_Init                             0x08004069   Thumb Code   238  main.o(i.MX_GPIO_Init)
    i.MX_RTC_Init                            0x08004168   Section        0  main.o(i.MX_RTC_Init)
    MX_RTC_Init                              0x08004169   Thumb Code   104  main.o(i.MX_RTC_Init)
    i.MX_SPI1_Init                           0x080041d8   Section        0  main.o(i.MX_SPI1_Init)
    MX_SPI1_Init                             0x080041d9   Thumb Code    60  main.o(i.MX_SPI1_Init)
    i.MX_TIM1_Init                           0x0800421c   Section        0  main.o(i.MX_TIM1_Init)
    MX_TIM1_Init                             0x0800421d   Thumb Code   102  main.o(i.MX_TIM1_Init)
    i.MX_TIM2_Init                           0x0800428c   Section        0  main.o(i.MX_TIM2_Init)
    MX_TIM2_Init                             0x0800428d   Thumb Code   150  main.o(i.MX_TIM2_Init)
    i.MX_USART1_UART_Init                    0x08004328   Section        0  main.o(i.MX_USART1_UART_Init)
    MX_USART1_UART_Init                      0x08004329   Thumb Code    46  main.o(i.MX_USART1_UART_Init)
    i.MX_USART2_UART_Init                    0x08004360   Section        0  main.o(i.MX_USART2_UART_Init)
    MX_USART2_UART_Init                      0x08004361   Thumb Code    46  main.o(i.MX_USART2_UART_Init)
    i.MX_USART3_UART_Init                    0x08004398   Section        0  main.o(i.MX_USART3_UART_Init)
    MX_USART3_UART_Init                      0x08004399   Thumb Code    46  main.o(i.MX_USART3_UART_Init)
    i.MemManage_Handler                      0x080043d0   Section        0  stm32f1xx_it.o(i.MemManage_Handler)
    i.NMI_Handler                            0x080043d4   Section        0  stm32f1xx_it.o(i.NMI_Handler)
    i.Output_DB_GLCD                         0x080043d8   Section        0  main.o(i.Output_DB_GLCD)
    i.PendSV_Handler                         0x080043f4   Section        0  stm32f1xx_it.o(i.PendSV_Handler)
    i.PutCharEN                              0x080043f8   Section        0  font.o(i.PutCharEN)
    i.PutCharPE                              0x08004730   Section        0  font.o(i.PutCharPE)
    i.PutText                                0x08004a30   Section        0  font.o(i.PutText)
    i.Puts                                   0x08004b00   Section        0  font.o(i.Puts)
    i.PutsPE                                 0x08004b30   Section        0  font.o(i.PutsPE)
    i.RCC_Delay                              0x08004d40   Section        0  stm32f1xx_hal_rcc.o(i.RCC_Delay)
    RCC_Delay                                0x08004d41   Thumb Code    36  stm32f1xx_hal_rcc.o(i.RCC_Delay)
    i.RTC_Bcd2ToByte                         0x08004d68   Section        0  stm32f1xx_hal_rtc.o(i.RTC_Bcd2ToByte)
    RTC_Bcd2ToByte                           0x08004d69   Thumb Code    22  stm32f1xx_hal_rtc.o(i.RTC_Bcd2ToByte)
    i.RTC_EnterInitMode                      0x08004d7e   Section        0  stm32f1xx_hal_rtc.o(i.RTC_EnterInitMode)
    RTC_EnterInitMode                        0x08004d7f   Thumb Code    58  stm32f1xx_hal_rtc.o(i.RTC_EnterInitMode)
    i.RTC_ExitInitMode                       0x08004db8   Section        0  stm32f1xx_hal_rtc.o(i.RTC_ExitInitMode)
    RTC_ExitInitMode                         0x08004db9   Thumb Code    58  stm32f1xx_hal_rtc.o(i.RTC_ExitInitMode)
    i.RTC_ReadAlarmCounter                   0x08004df2   Section        0  stm32f1xx_hal_rtc.o(i.RTC_ReadAlarmCounter)
    RTC_ReadAlarmCounter                     0x08004df3   Thumb Code    24  stm32f1xx_hal_rtc.o(i.RTC_ReadAlarmCounter)
    i.RTC_ReadTimeCounter                    0x08004e0a   Section        0  stm32f1xx_hal_rtc.o(i.RTC_ReadTimeCounter)
    RTC_ReadTimeCounter                      0x08004e0b   Thumb Code    52  stm32f1xx_hal_rtc.o(i.RTC_ReadTimeCounter)
    i.RTC_WeekDayNum                         0x08004e3e   Section        0  stm32f1xx_hal_rtc.o(i.RTC_WeekDayNum)
    RTC_WeekDayNum                           0x08004e3f   Thumb Code   132  stm32f1xx_hal_rtc.o(i.RTC_WeekDayNum)
    i.RTC_WriteAlarmCounter                  0x08004ec2   Section        0  stm32f1xx_hal_rtc.o(i.RTC_WriteAlarmCounter)
    RTC_WriteAlarmCounter                    0x08004ec3   Thumb Code    46  stm32f1xx_hal_rtc.o(i.RTC_WriteAlarmCounter)
    i.RTC_WriteTimeCounter                   0x08004ef0   Section        0  stm32f1xx_hal_rtc.o(i.RTC_WriteTimeCounter)
    RTC_WriteTimeCounter                     0x08004ef1   Thumb Code    46  stm32f1xx_hal_rtc.o(i.RTC_WriteTimeCounter)
    i.Read_DB_GLCD                           0x08004f20   Section        0  main.o(i.Read_DB_GLCD)
    i.Rectangle                              0x08004fe8   Section        0  graphic.o(i.Rectangle)
    i.RoundRectangle                         0x0800504c   Section        0  graphic.o(i.RoundRectangle)
    i.SVC_Handler                            0x08005338   Section        0  stm32f1xx_it.o(i.SVC_Handler)
    i.SetLetter                              0x0800533c   Section        0  font.o(i.SetLetter)
    i.SysTick_Handler                        0x0800535c   Section        0  stm32f1xx_it.o(i.SysTick_Handler)
    i.SystemClock_Config                     0x08005364   Section        0  main.o(i.SystemClock_Config)
    i.SystemInit                             0x080053ee   Section        0  system_stm32f1xx.o(i.SystemInit)
    i.TIM_Base_SetConfig                     0x080053f0   Section        0  stm32f1xx_hal_tim.o(i.TIM_Base_SetConfig)
    i.TIM_ETR_SetConfig                      0x08005464   Section        0  stm32f1xx_hal_tim.o(i.TIM_ETR_SetConfig)
    i.TIM_ITRx_SetConfig                     0x0800547a   Section        0  stm32f1xx_hal_tim.o(i.TIM_ITRx_SetConfig)
    TIM_ITRx_SetConfig                       0x0800547b   Thumb Code    18  stm32f1xx_hal_tim.o(i.TIM_ITRx_SetConfig)
    i.TIM_OC1_SetConfig                      0x0800548c   Section        0  stm32f1xx_hal_tim.o(i.TIM_OC1_SetConfig)
    TIM_OC1_SetConfig                        0x0800548d   Thumb Code    90  stm32f1xx_hal_tim.o(i.TIM_OC1_SetConfig)
    i.TIM_OC2_SetConfig                      0x080054ec   Section        0  stm32f1xx_hal_tim.o(i.TIM_OC2_SetConfig)
    i.TIM_OC3_SetConfig                      0x08005554   Section        0  stm32f1xx_hal_tim.o(i.TIM_OC3_SetConfig)
    TIM_OC3_SetConfig                        0x08005555   Thumb Code    98  stm32f1xx_hal_tim.o(i.TIM_OC3_SetConfig)
    i.TIM_OC4_SetConfig                      0x080055bc   Section        0  stm32f1xx_hal_tim.o(i.TIM_OC4_SetConfig)
    TIM_OC4_SetConfig                        0x080055bd   Thumb Code    68  stm32f1xx_hal_tim.o(i.TIM_OC4_SetConfig)
    i.TIM_TI1_ConfigInputStage               0x08005604   Section        0  stm32f1xx_hal_tim.o(i.TIM_TI1_ConfigInputStage)
    TIM_TI1_ConfigInputStage                 0x08005605   Thumb Code    38  stm32f1xx_hal_tim.o(i.TIM_TI1_ConfigInputStage)
    i.TIM_TI2_ConfigInputStage               0x0800562a   Section        0  stm32f1xx_hal_tim.o(i.TIM_TI2_ConfigInputStage)
    TIM_TI2_ConfigInputStage                 0x0800562b   Thumb Code    40  stm32f1xx_hal_tim.o(i.TIM_TI2_ConfigInputStage)
    i.TextBox                                0x08005654   Section        0  font.o(i.TextBox)
    i.UART_DMAAbortOnError                   0x080057bc   Section        0  stm32f1xx_hal_uart.o(i.UART_DMAAbortOnError)
    UART_DMAAbortOnError                     0x080057bd   Thumb Code    20  stm32f1xx_hal_uart.o(i.UART_DMAAbortOnError)
    i.UART_EndRxTransfer                     0x080057d0   Section        0  stm32f1xx_hal_uart.o(i.UART_EndRxTransfer)
    UART_EndRxTransfer                       0x080057d1   Thumb Code   108  stm32f1xx_hal_uart.o(i.UART_EndRxTransfer)
    i.UART_EndTransmit_IT                    0x0800583c   Section        0  stm32f1xx_hal_uart.o(i.UART_EndTransmit_IT)
    UART_EndTransmit_IT                      0x0800583d   Thumb Code    32  stm32f1xx_hal_uart.o(i.UART_EndTransmit_IT)
    i.UART_Receive_IT                        0x0800585c   Section        0  stm32f1xx_hal_uart.o(i.UART_Receive_IT)
    UART_Receive_IT                          0x0800585d   Thumb Code   252  stm32f1xx_hal_uart.o(i.UART_Receive_IT)
    i.UART_SetConfig                         0x08005958   Section        0  stm32f1xx_hal_uart.o(i.UART_SetConfig)
    UART_SetConfig                           0x08005959   Thumb Code   248  stm32f1xx_hal_uart.o(i.UART_SetConfig)
    i.UART_Transmit_IT                       0x08005a54   Section        0  stm32f1xx_hal_uart.o(i.UART_Transmit_IT)
    UART_Transmit_IT                         0x08005a55   Thumb Code    96  stm32f1xx_hal_uart.o(i.UART_Transmit_IT)
    i.USART2_IRQHandler                      0x08005ab4   Section        0  stm32f1xx_it.o(i.USART2_IRQHandler)
    i.UsageFault_Handler                     0x08005ac4   Section        0  stm32f1xx_it.o(i.UsageFault_Handler)
    i.Write_DB_GLCD                          0x08005ac8   Section        0  main.o(i.Write_DB_GLCD)
    i.__NVIC_GetPriorityGrouping             0x08005ae8   Section        0  stm32f1xx_hal_cortex.o(i.__NVIC_GetPriorityGrouping)
    __NVIC_GetPriorityGrouping               0x08005ae9   Thumb Code    10  stm32f1xx_hal_cortex.o(i.__NVIC_GetPriorityGrouping)
    i.__NVIC_SetPriority                     0x08005af8   Section        0  stm32f1xx_hal_cortex.o(i.__NVIC_SetPriority)
    __NVIC_SetPriority                       0x08005af9   Thumb Code    32  stm32f1xx_hal_cortex.o(i.__NVIC_SetPriority)
    i._delay_us                              0x08005b20   Section        0  main.o(i._delay_us)
    i._sys_close                             0x08005b34   Section        0  retarget_io.o(i._sys_close)
    i._sys_flen                              0x08005b5a   Section        0  retarget_io.o(i._sys_flen)
    i._sys_istty                             0x08005b7e   Section        0  retarget_io.o(i._sys_istty)
    i._sys_open                              0x08005ba4   Section        0  retarget_io.o(i._sys_open)
    i._sys_seek                              0x08005c0c   Section        0  retarget_io.o(i._sys_seek)
    i._sys_write                             0x08005c38   Section        0  retarget_io.o(i._sys_write)
    i.fputc                                  0x08005c7e   Section        0  fputc.o(i.fputc)
    i.main                                   0x08005c98   Section        0  main.o(i.main)
    i.stdout_putchar                         0x08005da8   Section        0  retarget_io.o(i.stdout_putchar)
    stdout_putchar                           0x08005da9   Thumb Code    12  retarget_io.o(i.stdout_putchar)
    .constdata                               0x08005db4   Section    10089  main.o(.constdata)
    .constdata                               0x0800851d   Section       18  stm32f1xx_hal_rcc.o(.constdata)
    aPLLMULFactorTable                       0x0800851d   Data          16  stm32f1xx_hal_rcc.o(.constdata)
    aPredivFactorTable                       0x0800852d   Data           2  stm32f1xx_hal_rcc.o(.constdata)
    .constdata                               0x0800852f   Section       18  stm32f1xx_hal_rcc_ex.o(.constdata)
    aPLLMULFactorTable                       0x0800852f   Data          16  stm32f1xx_hal_rcc_ex.o(.constdata)
    aPredivFactorTable                       0x0800853f   Data           2  stm32f1xx_hal_rcc_ex.o(.constdata)
    .constdata                               0x08008541   Section       24  system_stm32f1xx.o(.constdata)
    .constdata                               0x08008559   Section      378  font.o(.constdata)
    .constdata                               0x080086d3   Section       23  retarget_io.o(.constdata)
    .data                                    0x20000000   Section        1  main.o(.data)
    .data                                    0x20000004   Section        9  stm32f1xx_hal.o(.data)
    .data                                    0x20000010   Section        4  system_stm32f1xx.o(.data)
    .data                                    0x20000014   Section       35  font.o(.data)
    .data                                    0x20000037   Section        4  ks0108.o(.data)
    .data                                    0x2000003c   Section        4  stdio_streams.o(.data)
    .data                                    0x20000040   Section        4  stdio_streams.o(.data)
    .data                                    0x20000044   Section        4  stdio_streams.o(.data)
    .bss                                     0x20000048   Section      681  main.o(.bss)
    .bss                                     0x200002f4   Section       84  stdio_streams.o(.bss)
    .bss                                     0x20000348   Section       84  stdio_streams.o(.bss)
    .bss                                     0x2000039c   Section       84  stdio_streams.o(.bss)
    .bss                                     0x200003f0   Section       96  libspace.o(.bss)
    HEAP                                     0x20000450   Section      512  startup_stm32f103xb.o(HEAP)
    Heap_Mem                                 0x20000450   Data         512  startup_stm32f103xb.o(HEAP)
    STACK                                    0x20000650   Section     1024  startup_stm32f103xb.o(STACK)
    Stack_Mem                                0x20000650   Data        1024  startup_stm32f103xb.o(STACK)
    __initial_sp                             0x20000a50   Data           0  startup_stm32f103xb.o(STACK)

    Global Symbols

    Symbol Name                              Value     Ov Type        Size  Object(Section)

    BuildAttributes$$THM_ISAv4$P$D$K$B$S$PE$A:L22UL41UL21$X:L11$S22US41US21$IEEE1$IW$USESV6$~STKCKD$USESV7$~SHL$OTIME$ROPI$EBA8$UX$STANDARDLIB$REQ8$PRES8$EABIv2 0x00000000   Number         0  anon$$obj.o ABSOLUTE
    __ARM_use_no_argv                        0x00000000   Number         0  main.o ABSOLUTE
    __ARM_exceptions_init                     - Undefined Weak Reference
    __alloca_initialize                       - Undefined Weak Reference
    __arm_fini_                               - Undefined Weak Reference
    __arm_preinit_                            - Undefined Weak Reference
    __cpp_initialize__aeabi_                  - Undefined Weak Reference
    __cxa_finalize                            - Undefined Weak Reference
    __rt_locale                               - Undefined Weak Reference
    __sigvec_lookup                           - Undefined Weak Reference
    __user_heap_extent                        - Undefined Weak Reference
    _atexit_init                              - Undefined Weak Reference
    _call_atexit_fns                          - Undefined Weak Reference
    _clock_init                               - Undefined Weak Reference
    _fp_trap_init                             - Undefined Weak Reference
    _fp_trap_shutdown                         - Undefined Weak Reference
    _get_lc_collate                           - Undefined Weak Reference
    _get_lc_ctype                             - Undefined Weak Reference
    _get_lc_monetary                          - Undefined Weak Reference
    _get_lc_numeric                           - Undefined Weak Reference
    _get_lc_time                              - Undefined Weak Reference
    _getenv_init                              - Undefined Weak Reference
    _handle_redirection                       - Undefined Weak Reference
    _mutex_acquire                            - Undefined Weak Reference
    _mutex_free                               - Undefined Weak Reference
    _mutex_release                            - Undefined Weak Reference
    _rand_init                                - Undefined Weak Reference
    _signal_finish                            - Undefined Weak Reference
    _signal_init                              - Undefined Weak Reference
    __Vectors_Size                           0x000000ec   Number         0  startup_stm32f103xb.o ABSOLUTE
    __Vectors                                0x08000000   Data           4  startup_stm32f103xb.o(RESET)
    __Vectors_End                            0x080000ec   Data           0  startup_stm32f103xb.o(RESET)
    __main                                   0x080000ed   Thumb Code     8  __main.o(!!!main)
    __scatterload                            0x080000f5   Thumb Code     0  __scatter.o(!!!scatter)
    __scatterload_rt2                        0x080000f5   Thumb Code    44  __scatter.o(!!!scatter)
    __scatterload_rt2_thumb_only             0x080000f5   Thumb Code     0  __scatter.o(!!!scatter)
    __scatterload_null                       0x08000103   Thumb Code     0  __scatter.o(!!!scatter)
    __scatterload_copy                       0x08000129   Thumb Code    26  __scatter_copy.o(!!handler_copy)
    __scatterload_zeroinit                   0x08000145   Thumb Code    28  __scatter_zi.o(!!handler_zi)
    __rt_lib_init                            0x08000161   Thumb Code     0  libinit.o(.ARM.Collect$$libinit$$00000000)
    __rt_lib_init_fp_1                       0x08000163   Thumb Code     0  libinit2.o(.ARM.Collect$$libinit$$00000002)
    __rt_lib_init_heap_2                     0x08000163   Thumb Code     0  libinit2.o(.ARM.Collect$$libinit$$00000005)
    __rt_lib_init_preinit_1                  0x08000163   Thumb Code     0  libinit2.o(.ARM.Collect$$libinit$$00000004)
    __rt_lib_init_atexit_1                   0x0800016b   Thumb Code     0  libinit2.o(.ARM.Collect$$libinit$$0000001B)
    __rt_lib_init_clock_1                    0x0800016b   Thumb Code     0  libinit2.o(.ARM.Collect$$libinit$$00000021)
    __rt_lib_init_fp_trap_1                  0x0800016b   Thumb Code     0  libinit2.o(.ARM.Collect$$libinit$$0000001F)
    __rt_lib_init_getenv_1                   0x0800016b   Thumb Code     0  libinit2.o(.ARM.Collect$$libinit$$00000023)
    __rt_lib_init_heap_1                     0x0800016b   Thumb Code     0  libinit2.o(.ARM.Collect$$libinit$$0000000A)
    __rt_lib_init_lc_collate_1               0x0800016b   Thumb Code     0  libinit2.o(.ARM.Collect$$libinit$$00000011)
    __rt_lib_init_lc_ctype_1                 0x0800016b   Thumb Code     0  libinit2.o(.ARM.Collect$$libinit$$00000013)
    __rt_lib_init_lc_monetary_1              0x0800016b   Thumb Code     0  libinit2.o(.ARM.Collect$$libinit$$00000015)
    __rt_lib_init_lc_numeric_1               0x0800016b   Thumb Code     0  libinit2.o(.ARM.Collect$$libinit$$00000017)
    __rt_lib_init_lc_time_1                  0x0800016b   Thumb Code     0  libinit2.o(.ARM.Collect$$libinit$$00000019)
    __rt_lib_init_rand_1                     0x0800016b   Thumb Code     0  libinit2.o(.ARM.Collect$$libinit$$0000000E)
    __rt_lib_init_signal_1                   0x0800016b   Thumb Code     0  libinit2.o(.ARM.Collect$$libinit$$0000001D)
    __rt_lib_init_stdio_2                    0x0800016b   Thumb Code     0  libinit2.o(.ARM.Collect$$libinit$$00000024)
    __rt_lib_init_user_alloc_1               0x0800016b   Thumb Code     0  libinit2.o(.ARM.Collect$$libinit$$0000000C)
    __rt_lib_init_alloca_1                   0x0800016f   Thumb Code     0  libinit2.o(.ARM.Collect$$libinit$$0000002E)
    __rt_lib_init_argv_1                     0x0800016f   Thumb Code     0  libinit2.o(.ARM.Collect$$libinit$$0000002C)
    __rt_lib_init_cpp_1                      0x0800016f   Thumb Code     0  libinit2.o(.ARM.Collect$$libinit$$00000032)
    __rt_lib_init_exceptions_1               0x0800016f   Thumb Code     0  libinit2.o(.ARM.Collect$$libinit$$00000030)
    __rt_lib_init_return                     0x0800016f   Thumb Code     0  libinit2.o(.ARM.Collect$$libinit$$00000033)
    __rt_lib_init_stdio_1                    0x0800016f   Thumb Code     0  libinit2.o(.ARM.Collect$$libinit$$00000025)
    __rt_lib_shutdown                        0x08000171   Thumb Code     0  libshutdown.o(.ARM.Collect$$libshutdown$$00000000)
    __rt_lib_shutdown_cpp_1                  0x08000173   Thumb Code     0  libshutdown2.o(.ARM.Collect$$libshutdown$$00000004)
    __rt_lib_shutdown_fini_1                 0x08000173   Thumb Code     0  libshutdown2.o(.ARM.Collect$$libshutdown$$00000002)
    __rt_lib_shutdown_stdio_2                0x08000173   Thumb Code     0  libshutdown2.o(.ARM.Collect$$libshutdown$$00000005)
    __rt_lib_shutdown_fp_trap_1              0x08000177   Thumb Code     0  libshutdown2.o(.ARM.Collect$$libshutdown$$00000009)
    __rt_lib_shutdown_heap_1                 0x08000177   Thumb Code     0  libshutdown2.o(.ARM.Collect$$libshutdown$$00000011)
    __rt_lib_shutdown_return                 0x08000177   Thumb Code     0  libshutdown2.o(.ARM.Collect$$libshutdown$$00000012)
    __rt_lib_shutdown_signal_1               0x08000177   Thumb Code     0  libshutdown2.o(.ARM.Collect$$libshutdown$$0000000C)
    __rt_lib_shutdown_stdio_1                0x08000177   Thumb Code     0  libshutdown2.o(.ARM.Collect$$libshutdown$$00000006)
    __rt_lib_shutdown_user_alloc_1           0x08000177   Thumb Code     0  libshutdown2.o(.ARM.Collect$$libshutdown$$0000000E)
    __rt_entry                               0x08000179   Thumb Code     0  __rtentry.o(.ARM.Collect$$rtentry$$00000000)
    __rt_entry_presh_1                       0x08000179   Thumb Code     0  __rtentry2.o(.ARM.Collect$$rtentry$$00000002)
    __rt_entry_sh                            0x08000179   Thumb Code     0  __rtentry4.o(.ARM.Collect$$rtentry$$00000004)
    __rt_entry_li                            0x0800017f   Thumb Code     0  __rtentry2.o(.ARM.Collect$$rtentry$$0000000A)
    __rt_entry_postsh_1                      0x0800017f   Thumb Code     0  __rtentry2.o(.ARM.Collect$$rtentry$$00000009)
    __rt_entry_main                          0x08000183   Thumb Code     0  __rtentry2.o(.ARM.Collect$$rtentry$$0000000D)
    __rt_entry_postli_1                      0x08000183   Thumb Code     0  __rtentry2.o(.ARM.Collect$$rtentry$$0000000C)
    __rt_exit                                0x0800018b   Thumb Code     0  rtexit.o(.ARM.Collect$$rtexit$$00000000)
    __rt_exit_ls                             0x0800018d   Thumb Code     0  rtexit2.o(.ARM.Collect$$rtexit$$00000003)
    __rt_exit_prels_1                        0x0800018d   Thumb Code     0  rtexit2.o(.ARM.Collect$$rtexit$$00000002)
    __rt_exit_exit                           0x08000191   Thumb Code     0  rtexit2.o(.ARM.Collect$$rtexit$$00000004)
    Reset_Handler                            0x08000199   Thumb Code     8  startup_stm32f103xb.o(.text)
    _maybe_terminate_alloc                   0x08000199   Thumb Code     0  maybetermalloc1.o(.emb_text)
    CAN1_RX1_IRQHandler                      0x080001b3   Thumb Code     0  startup_stm32f103xb.o(.text)
    CAN1_SCE_IRQHandler                      0x080001b3   Thumb Code     0  startup_stm32f103xb.o(.text)
    DMA1_Channel2_IRQHandler                 0x080001b3   Thumb Code     0  startup_stm32f103xb.o(.text)
    DMA1_Channel3_IRQHandler                 0x080001b3   Thumb Code     0  startup_stm32f103xb.o(.text)
    DMA1_Channel4_IRQHandler                 0x080001b3   Thumb Code     0  startup_stm32f103xb.o(.text)
    DMA1_Channel5_IRQHandler                 0x080001b3   Thumb Code     0  startup_stm32f103xb.o(.text)
    DMA1_Channel6_IRQHandler                 0x080001b3   Thumb Code     0  startup_stm32f103xb.o(.text)
    DMA1_Channel7_IRQHandler                 0x080001b3   Thumb Code     0  startup_stm32f103xb.o(.text)
    EXTI0_IRQHandler                         0x080001b3   Thumb Code     0  startup_stm32f103xb.o(.text)
    EXTI15_10_IRQHandler                     0x080001b3   Thumb Code     0  startup_stm32f103xb.o(.text)
    EXTI1_IRQHandler                         0x080001b3   Thumb Code     0  startup_stm32f103xb.o(.text)
    EXTI2_IRQHandler                         0x080001b3   Thumb Code     0  startup_stm32f103xb.o(.text)
    EXTI3_IRQHandler                         0x080001b3   Thumb Code     0  startup_stm32f103xb.o(.text)
    EXTI4_IRQHandler                         0x080001b3   Thumb Code     0  startup_stm32f103xb.o(.text)
    EXTI9_5_IRQHandler                       0x080001b3   Thumb Code     0  startup_stm32f103xb.o(.text)
    FLASH_IRQHandler                         0x080001b3   Thumb Code     0  startup_stm32f103xb.o(.text)
    I2C1_ER_IRQHandler                       0x080001b3   Thumb Code     0  startup_stm32f103xb.o(.text)
    I2C1_EV_IRQHandler                       0x080001b3   Thumb Code     0  startup_stm32f103xb.o(.text)
    I2C2_ER_IRQHandler                       0x080001b3   Thumb Code     0  startup_stm32f103xb.o(.text)
    I2C2_EV_IRQHandler                       0x080001b3   Thumb Code     0  startup_stm32f103xb.o(.text)
    PVD_IRQHandler                           0x080001b3   Thumb Code     0  startup_stm32f103xb.o(.text)
    RCC_IRQHandler                           0x080001b3   Thumb Code     0  startup_stm32f103xb.o(.text)
    RTC_Alarm_IRQHandler                     0x080001b3   Thumb Code     0  startup_stm32f103xb.o(.text)
    RTC_IRQHandler                           0x080001b3   Thumb Code     0  startup_stm32f103xb.o(.text)
    SPI1_IRQHandler                          0x080001b3   Thumb Code     0  startup_stm32f103xb.o(.text)
    SPI2_IRQHandler                          0x080001b3   Thumb Code     0  startup_stm32f103xb.o(.text)
    TAMPER_IRQHandler                        0x080001b3   Thumb Code     0  startup_stm32f103xb.o(.text)
    TIM1_BRK_IRQHandler                      0x080001b3   Thumb Code     0  startup_stm32f103xb.o(.text)
    TIM1_CC_IRQHandler                       0x080001b3   Thumb Code     0  startup_stm32f103xb.o(.text)
    TIM1_TRG_COM_IRQHandler                  0x080001b3   Thumb Code     0  startup_stm32f103xb.o(.text)
    TIM1_UP_IRQHandler                       0x080001b3   Thumb Code     0  startup_stm32f103xb.o(.text)
    TIM2_IRQHandler                          0x080001b3   Thumb Code     0  startup_stm32f103xb.o(.text)
    TIM3_IRQHandler                          0x080001b3   Thumb Code     0  startup_stm32f103xb.o(.text)
    TIM4_IRQHandler                          0x080001b3   Thumb Code     0  startup_stm32f103xb.o(.text)
    USART1_IRQHandler                        0x080001b3   Thumb Code     0  startup_stm32f103xb.o(.text)
    USART3_IRQHandler                        0x080001b3   Thumb Code     0  startup_stm32f103xb.o(.text)
    USBWakeUp_IRQHandler                     0x080001b3   Thumb Code     0  startup_stm32f103xb.o(.text)
    USB_HP_CAN1_TX_IRQHandler                0x080001b3   Thumb Code     0  startup_stm32f103xb.o(.text)
    USB_LP_CAN1_RX0_IRQHandler               0x080001b3   Thumb Code     0  startup_stm32f103xb.o(.text)
    WWDG_IRQHandler                          0x080001b3   Thumb Code     0  startup_stm32f103xb.o(.text)
    __user_initial_stackheap                 0x080001b5   Thumb Code     0  startup_stm32f103xb.o(.text)
    __2printf                                0x080001d9   Thumb Code    20  noretval__2printf.o(.text)
    __aeabi_memclr4                          0x080001f1   Thumb Code     0  rt_memclr_w.o(.text)
    __aeabi_memclr8                          0x080001f1   Thumb Code     0  rt_memclr_w.o(.text)
    __rt_memclr_w                            0x080001f1   Thumb Code    78  rt_memclr_w.o(.text)
    _memset_w                                0x080001f5   Thumb Code     0  rt_memclr_w.o(.text)
    strcmp                                   0x08000241   Thumb Code   128  strcmpv7m.o(.text)
    __use_two_region_memory                  0x080002c1   Thumb Code     2  heapauxi.o(.text)
    __rt_heap_escrow                         0x080002c3   Thumb Code     2  heapauxi.o(.text)
    __rt_heap_expand                         0x080002c5   Thumb Code     2  heapauxi.o(.text)
    _printf_char_file                        0x080002c9   Thumb Code    32  _printf_char_file.o(.text)
    _printf_char_common                      0x080002f7   Thumb Code    32  _printf_char_common.o(.text)
    ferror                                   0x0800031d   Thumb Code     8  ferror.o(.text)
    _initio                                  0x08000325   Thumb Code   210  initio.o(.text)
    _terminateio                             0x080003f7   Thumb Code    56  initio.o(.text)
    __user_setup_stackheap                   0x0800045d   Thumb Code    74  sys_stackheap_outer.o(.text)
    free                                     0x080004a7   Thumb Code    78  h1_free.o(.text)
    __printf                                 0x080004f5   Thumb Code    40  __printf_nopercent.o(.text)
    __flsbuf                                 0x0800051d   Thumb Code   470  flsbuf.o(.text)
    __flsbuf_byte                            0x0800051d   Thumb Code     0  flsbuf.o(.text)
    __flsbuf_wide                            0x0800051d   Thumb Code     0  flsbuf.o(.text)
    setvbuf                                  0x080006f3   Thumb Code    70  setvbuf.o(.text)
    freopen                                  0x08000739   Thumb Code   158  fopen.o(.text)
    fopen                                    0x080007d7   Thumb Code    74  fopen.o(.text)
    _fclose_internal                         0x08000825   Thumb Code    76  fclose.o(.text)
    fclose                                   0x08000825   Thumb Code     0  fclose.o(.text)
    exit                                     0x08000871   Thumb Code    18  exit.o(.text)
    __rt_SIGRTRED                            0x08000883   Thumb Code    14  defsig_rtred_outer.o(.text)
    __user_libspace                          0x08000891   Thumb Code     8  libspace.o(.text)
    __user_perproc_libspace                  0x08000891   Thumb Code     0  libspace.o(.text)
    __user_perthread_libspace                0x08000891   Thumb Code     0  libspace.o(.text)
    __rt_heap_descriptor                     0x08000899   Thumb Code     8  rt_heap_descriptor_intlibspace.o(.text)
    __use_no_heap                            0x080008a1   Thumb Code     2  hguard.o(.text)
    __heap$guard                             0x080008a3   Thumb Code     2  hguard.o(.text)
    _terminate_user_alloc                    0x080008a5   Thumb Code     2  init_alloc.o(.text)
    _init_user_alloc                         0x080008a7   Thumb Code     2  init_alloc.o(.text)
    __Heap_Full                              0x080008a9   Thumb Code    34  init_alloc.o(.text)
    __Heap_Broken                            0x080008cb   Thumb Code     6  init_alloc.o(.text)
    _init_alloc                              0x080008d1   Thumb Code    94  init_alloc.o(.text)
    malloc                                   0x0800092f   Thumb Code    94  h1_alloc.o(.text)
    _fseek                                   0x0800098d   Thumb Code   242  fseek.o(.text)
    fseek                                    0x0800098d   Thumb Code     0  fseek.o(.text)
    _seterr                                  0x08000a85   Thumb Code    20  stdio.o(.text)
    _writebuf                                0x08000a99   Thumb Code    84  stdio.o(.text)
    _fflush                                  0x08000aed   Thumb Code    70  stdio.o(.text)
    _deferredlazyseek                        0x08000b33   Thumb Code    60  stdio.o(.text)
    __sig_exit                               0x08000b75   Thumb Code    10  defsig_exit.o(.text)
    __rt_SIGRTRED_inner                      0x08000b81   Thumb Code    14  defsig_rtred_inner.o(.text)
    _sys_exit                                0x08000bb5   Thumb Code     8  sys_exit.o(.text)
    __Heap_Initialize                        0x08000bc1   Thumb Code    10  h1_init.o(.text)
    __Heap_DescSize                          0x08000bcb   Thumb Code     4  h1_init.o(.text)
    __Heap_ProvideMemory                     0x08000bcf   Thumb Code    52  h1_extend.o(.text)
    _ftell_internal                          0x08000c03   Thumb Code    66  ftell.o(.text)
    ftell                                    0x08000c03   Thumb Code     0  ftell.o(.text)
    __default_signal_display                 0x08000c45   Thumb Code    50  defsig_general.o(.text)
    __rt_SIGRTMEM                            0x08000c77   Thumb Code    14  defsig_rtmem_outer.o(.text)
    _ttywrch                                 0x08000c85   Thumb Code    14  sys_wrch.o(.text)
    __I$use$semihosting                      0x08000c93   Thumb Code     0  use_no_semi.o(.text)
    __use_no_semihosting_swi                 0x08000c93   Thumb Code     2  use_no_semi.o(.text)
    __aeabi_errno_addr                       0x08000c95   Thumb Code     8  rt_errno_addr_intlibspace.o(.text)
    __errno$intlibspace                      0x08000c95   Thumb Code     0  rt_errno_addr_intlibspace.o(.text)
    __rt_errno_addr$intlibspace              0x08000c95   Thumb Code     0  rt_errno_addr_intlibspace.o(.text)
    __semihosting_library_function           0x08000c95   Thumb Code     0  indicate_semi.o(.text)
    __rt_SIGRTMEM_inner                      0x08000c9d   Thumb Code    22  defsig_rtmem_inner.o(.text)
    ADC1_2_IRQHandler                        0x08000ced   Thumb Code    10  stm32f1xx_it.o(i.ADC1_2_IRQHandler)
    ADC_ConversionStop_Disable               0x08000cfd   Thumb Code    92  stm32f1xx_hal_adc.o(i.ADC_ConversionStop_Disable)
    Bit_Is_Set                               0x08000d59   Thumb Code    18  font.o(i.Bit_Is_Set)
    BusFault_Handler                         0x08000d6b   Thumb Code     4  stm32f1xx_it.o(i.BusFault_Handler)
    CalcTextWidth                            0x08000d71   Thumb Code    26  font.o(i.CalcTextWidth)
    CalcTextWidthEN                          0x08000d91   Thumb Code   140  font.o(i.CalcTextWidthEN)
    CalcTextWidthPE                          0x08000e3d   Thumb Code   906  font.o(i.CalcTextWidthPE)
    DMA1_Channel1_IRQHandler                 0x080011f5   Thumb Code    10  stm32f1xx_it.o(i.DMA1_Channel1_IRQHandler)
    DebugMon_Handler                         0x08001205   Thumb Code     2  stm32f1xx_it.o(i.DebugMon_Handler)
    Enable                                   0x08001209   Thumb Code    38  ks0108.o(i.Enable)
    Error_Handler                            0x08001235   Thumb Code     6  main.o(i.Error_Handler)
    HAL_ADCEx_InjectedConvCpltCallback       0x0800123b   Thumb Code     2  stm32f1xx_hal_adc_ex.o(i.HAL_ADCEx_InjectedConvCpltCallback)
    HAL_ADC_ConfigChannel                    0x0800123d   Thumb Code   338  stm32f1xx_hal_adc.o(i.HAL_ADC_ConfigChannel)
    HAL_ADC_ConvCpltCallback                 0x0800139d   Thumb Code     2  stm32f1xx_hal_adc.o(i.HAL_ADC_ConvCpltCallback)
    HAL_ADC_IRQHandler                       0x0800139f   Thumb Code   274  stm32f1xx_hal_adc.o(i.HAL_ADC_IRQHandler)
    HAL_ADC_Init                             0x080014b1   Thumb Code   314  stm32f1xx_hal_adc.o(i.HAL_ADC_Init)
    HAL_ADC_LevelOutOfWindowCallback         0x080015f5   Thumb Code     2  stm32f1xx_hal_adc.o(i.HAL_ADC_LevelOutOfWindowCallback)
    HAL_ADC_MspInit                          0x080015f9   Thumb Code   168  stm32f1xx_hal_msp.o(i.HAL_ADC_MspInit)
    HAL_CAN_Init                             0x080016b5   Thumb Code   372  stm32f1xx_hal_can.o(i.HAL_CAN_Init)
    HAL_CAN_MspInit                          0x08001829   Thumb Code   122  stm32f1xx_hal_msp.o(i.HAL_CAN_MspInit)
    HAL_DMA_Abort                            0x080018b1   Thumb Code    86  stm32f1xx_hal_dma.o(i.HAL_DMA_Abort)
    HAL_DMA_Abort_IT                         0x08001909   Thumb Code   172  stm32f1xx_hal_dma.o(i.HAL_DMA_Abort_IT)
    HAL_DMA_IRQHandler                       0x080019b9   Thumb Code   408  stm32f1xx_hal_dma.o(i.HAL_DMA_IRQHandler)
    HAL_DMA_Init                             0x08001b55   Thumb Code   100  stm32f1xx_hal_dma.o(i.HAL_DMA_Init)
    HAL_Delay                                0x08001bbd   Thumb Code    36  stm32f1xx_hal.o(i.HAL_Delay)
    HAL_GPIO_Init                            0x08001be5   Thumb Code   766  stm32f1xx_hal_gpio.o(i.HAL_GPIO_Init)
    HAL_GPIO_ReadPin                         0x08001f05   Thumb Code    16  stm32f1xx_hal_gpio.o(i.HAL_GPIO_ReadPin)
    HAL_GPIO_TogglePin                       0x08001f15   Thumb Code    20  stm32f1xx_hal_gpio.o(i.HAL_GPIO_TogglePin)
    HAL_GPIO_WritePin                        0x08001f29   Thumb Code    12  stm32f1xx_hal_gpio.o(i.HAL_GPIO_WritePin)
    HAL_GetTick                              0x08001f35   Thumb Code     6  stm32f1xx_hal.o(i.HAL_GetTick)
    HAL_IncTick                              0x08001f41   Thumb Code    16  stm32f1xx_hal.o(i.HAL_IncTick)
    HAL_Init                                 0x08001f59   Thumb Code    34  stm32f1xx_hal.o(i.HAL_Init)
    HAL_InitTick                             0x08001f81   Thumb Code    64  stm32f1xx_hal.o(i.HAL_InitTick)
    HAL_MspInit                              0x08001fcd   Thumb Code    76  stm32f1xx_hal_msp.o(i.HAL_MspInit)
    HAL_NVIC_EnableIRQ                       0x08002021   Thumb Code    32  stm32f1xx_hal_cortex.o(i.HAL_NVIC_EnableIRQ)
    HAL_NVIC_SetPriority                     0x08002041   Thumb Code   124  stm32f1xx_hal_cortex.o(i.HAL_NVIC_SetPriority)
    HAL_NVIC_SetPriorityGrouping             0x080020bd   Thumb Code    32  stm32f1xx_hal_cortex.o(i.HAL_NVIC_SetPriorityGrouping)
    HAL_PWR_EnableBkUpAccess                 0x080020e5   Thumb Code     8  stm32f1xx_hal_pwr.o(i.HAL_PWR_EnableBkUpAccess)
    HAL_RCCEx_GetPeriphCLKFreq               0x080020f1   Thumb Code   232  stm32f1xx_hal_rcc_ex.o(i.HAL_RCCEx_GetPeriphCLKFreq)
    HAL_RCCEx_PeriphCLKConfig                0x080021ed   Thumb Code   290  stm32f1xx_hal_rcc_ex.o(i.HAL_RCCEx_PeriphCLKConfig)
    HAL_RCC_ClockConfig                      0x0800231d   Thumb Code   376  stm32f1xx_hal_rcc.o(i.HAL_RCC_ClockConfig)
    HAL_RCC_GetHCLKFreq                      0x080024a9   Thumb Code     6  stm32f1xx_hal_rcc.o(i.HAL_RCC_GetHCLKFreq)
    HAL_RCC_GetPCLK1Freq                     0x080024b5   Thumb Code    22  stm32f1xx_hal_rcc.o(i.HAL_RCC_GetPCLK1Freq)
    HAL_RCC_GetPCLK2Freq                     0x080024d5   Thumb Code    22  stm32f1xx_hal_rcc.o(i.HAL_RCC_GetPCLK2Freq)
    HAL_RCC_GetSysClockFreq                  0x080024f5   Thumb Code    92  stm32f1xx_hal_rcc.o(i.HAL_RCC_GetSysClockFreq)
    HAL_RCC_OscConfig                        0x08002565   Thumb Code  1114  stm32f1xx_hal_rcc.o(i.HAL_RCC_OscConfig)
    HAL_RTC_Init                             0x080029c9   Thumb Code   188  stm32f1xx_hal_rtc.o(i.HAL_RTC_Init)
    HAL_RTC_MspInit                          0x08002a89   Thumb Code    52  stm32f1xx_hal_msp.o(i.HAL_RTC_MspInit)
    HAL_RTC_SetDate                          0x08002ac9   Thumb Code   242  stm32f1xx_hal_rtc.o(i.HAL_RTC_SetDate)
    HAL_RTC_SetTime                          0x08002bc1   Thumb Code   214  stm32f1xx_hal_rtc.o(i.HAL_RTC_SetTime)
    HAL_RTC_WaitForSynchro                   0x08002c9d   Thumb Code    64  stm32f1xx_hal_rtc.o(i.HAL_RTC_WaitForSynchro)
    HAL_SPI_Init                             0x08002cdd   Thumb Code   190  stm32f1xx_hal_spi.o(i.HAL_SPI_Init)
    HAL_SPI_MspInit                          0x08002d9d   Thumb Code   120  stm32f1xx_hal_msp.o(i.HAL_SPI_MspInit)
    HAL_SYSTICK_Config                       0x08002e21   Thumb Code    52  stm32f1xx_hal_cortex.o(i.HAL_SYSTICK_Config)
    HAL_TIMEx_MasterConfigSynchronization    0x08002e55   Thumb Code   118  stm32f1xx_hal_tim_ex.o(i.HAL_TIMEx_MasterConfigSynchronization)
    HAL_TIM_Base_Init                        0x08002ed9   Thumb Code   102  stm32f1xx_hal_tim.o(i.HAL_TIM_Base_Init)
    HAL_TIM_Base_MspInit                     0x08002f41   Thumb Code    76  stm32f1xx_hal_msp.o(i.HAL_TIM_Base_MspInit)
    HAL_TIM_ConfigClockSource                0x08002f95   Thumb Code   268  stm32f1xx_hal_tim.o(i.HAL_TIM_ConfigClockSource)
    HAL_TIM_PWM_ConfigChannel                0x080030a1   Thumb Code   260  stm32f1xx_hal_tim.o(i.HAL_TIM_PWM_ConfigChannel)
    HAL_TIM_PWM_Init                         0x080031a5   Thumb Code   102  stm32f1xx_hal_tim.o(i.HAL_TIM_PWM_Init)
    HAL_TIM_PWM_MspInit                      0x0800320b   Thumb Code     2  stm32f1xx_hal_tim.o(i.HAL_TIM_PWM_MspInit)
    HAL_UARTEx_RxEventCallback               0x0800320d   Thumb Code     2  stm32f1xx_hal_uart.o(i.HAL_UARTEx_RxEventCallback)
    HAL_UART_ErrorCallback                   0x0800320f   Thumb Code     2  stm32f1xx_hal_uart.o(i.HAL_UART_ErrorCallback)
    HAL_UART_IRQHandler                      0x08003211   Thumb Code   736  stm32f1xx_hal_uart.o(i.HAL_UART_IRQHandler)
    HAL_UART_Init                            0x080034f5   Thumb Code   118  stm32f1xx_hal_uart.o(i.HAL_UART_Init)
    HAL_UART_MspInit                         0x0800356d   Thumb Code   344  stm32f1xx_hal_msp.o(i.HAL_UART_MspInit)
    HAL_UART_RxCpltCallback                  0x080036dd   Thumb Code     2  stm32f1xx_hal_uart.o(i.HAL_UART_RxCpltCallback)
    HAL_UART_TxCpltCallback                  0x080036df   Thumb Code     2  stm32f1xx_hal_uart.o(i.HAL_UART_TxCpltCallback)
    HardFault_Handler                        0x080036e1   Thumb Code     4  stm32f1xx_it.o(i.HardFault_Handler)
    ITM_SendChar                             0x080036e5   Thumb Code    42  retarget_io.o(i.ITM_SendChar)
    Input_DB_GLCD                            0x08003715   Thumb Code    22  main.o(i.Input_DB_GLCD)
    KS108_CLS                                0x08003731   Thumb Code    36  ks0108.o(i.KS108_CLS)
    KS108_ClearPage                          0x08003755   Thumb Code    36  ks0108.o(i.KS108_ClearPage)
    KS108_DoReadData                         0x08003779   Thumb Code   198  ks0108.o(i.KS108_DoReadData)
    KS108_DrawBitmap                         0x0800384d   Thumb Code   302  ks0108.o(i.KS108_DrawBitmap)
    KS108_FillRect                           0x0800397b   Thumb Code   244  ks0108.o(i.KS108_FillRect)
    KS108_GotoXY                             0x08003a71   Thumb Code   130  ks0108.o(i.KS108_GotoXY)
    KS108_Init                               0x08003af9   Thumb Code   108  ks0108.o(i.KS108_Init)
    KS108_Init_Port                          0x08003b71   Thumb Code    86  ks0108.o(i.KS108_Init_Port)
    KS108_InvertRect                         0x08003bcd   Thumb Code   270  ks0108.o(i.KS108_InvertRect)
    KS108_ReadData                           0x08003cdb   Thumb Code    16  ks0108.o(i.KS108_ReadData)
    KS108_SetDot                             0x08003ceb   Thumb Code    98  ks0108.o(i.KS108_SetDot)
    KS108_WriteCommand                       0x08003d4d   Thumb Code    90  ks0108.o(i.KS108_WriteCommand)
    KS108_WriteData                          0x08003dad   Thumb Code   368  ks0108.o(i.KS108_WriteData)
    KS108_delay450ns                         0x08003f29   Thumb Code    24  ks0108.o(i.KS108_delay450ns)
    LcdFont                                  0x08003f41   Thumb Code    70  font.o(i.LcdFont)
    MemManage_Handler                        0x080043d1   Thumb Code     4  stm32f1xx_it.o(i.MemManage_Handler)
    NMI_Handler                              0x080043d5   Thumb Code     4  stm32f1xx_it.o(i.NMI_Handler)
    Output_DB_GLCD                           0x080043d9   Thumb Code    24  main.o(i.Output_DB_GLCD)
    PendSV_Handler                           0x080043f5   Thumb Code     2  stm32f1xx_it.o(i.PendSV_Handler)
    PutCharEN                                0x080043f9   Thumb Code   746  font.o(i.PutCharEN)
    PutCharPE                                0x08004731   Thumb Code   690  font.o(i.PutCharPE)
    PutText                                  0x08004a31   Thumb Code   182  font.o(i.PutText)
    Puts                                     0x08004b01   Thumb Code    42  font.o(i.Puts)
    PutsPE                                   0x08004b31   Thumb Code   510  font.o(i.PutsPE)
    Read_DB_GLCD                             0x08004f21   Thumb Code   190  main.o(i.Read_DB_GLCD)
    Rectangle                                0x08004fe9   Thumb Code   100  graphic.o(i.Rectangle)
    RoundRectangle                           0x0800504d   Thumb Code   748  graphic.o(i.RoundRectangle)
    SVC_Handler                              0x08005339   Thumb Code     2  stm32f1xx_it.o(i.SVC_Handler)
    SetLetter                                0x0800533d   Thumb Code    24  font.o(i.SetLetter)
    SysTick_Handler                          0x0800535d   Thumb Code     8  stm32f1xx_it.o(i.SysTick_Handler)
    SystemClock_Config                       0x08005365   Thumb Code   138  main.o(i.SystemClock_Config)
    SystemInit                               0x080053ef   Thumb Code     2  system_stm32f1xx.o(i.SystemInit)
    TIM_Base_SetConfig                       0x080053f1   Thumb Code   104  stm32f1xx_hal_tim.o(i.TIM_Base_SetConfig)
    TIM_ETR_SetConfig                        0x08005465   Thumb Code    22  stm32f1xx_hal_tim.o(i.TIM_ETR_SetConfig)
    TIM_OC2_SetConfig                        0x080054ed   Thumb Code   100  stm32f1xx_hal_tim.o(i.TIM_OC2_SetConfig)
    TextBox                                  0x08005655   Thumb Code   346  font.o(i.TextBox)
    USART2_IRQHandler                        0x08005ab5   Thumb Code    10  stm32f1xx_it.o(i.USART2_IRQHandler)
    UsageFault_Handler                       0x08005ac5   Thumb Code     4  stm32f1xx_it.o(i.UsageFault_Handler)
    Write_DB_GLCD                            0x08005ac9   Thumb Code    26  main.o(i.Write_DB_GLCD)
    _delay_us                                0x08005b21   Thumb Code    20  main.o(i._delay_us)
    _sys_close                               0x08005b35   Thumb Code    38  retarget_io.o(i._sys_close)
    _sys_flen                                0x08005b5b   Thumb Code    36  retarget_io.o(i._sys_flen)
    _sys_istty                               0x08005b7f   Thumb Code    36  retarget_io.o(i._sys_istty)
    _sys_open                                0x08005ba5   Thumb Code    80  retarget_io.o(i._sys_open)
    _sys_seek                                0x08005c0d   Thumb Code    44  retarget_io.o(i._sys_seek)
    _sys_write                               0x08005c39   Thumb Code    70  retarget_io.o(i._sys_write)
    fputc                                    0x08005c7f   Thumb Code    26  fputc.o(i.fputc)
    main                                     0x08005c99   Thumb Code   220  main.o(i.main)
    f5x7                                     0x08005db4   Data         522  main.o(.constdata)
    AF9x10                                   0x08005fbe   Data        1982  main.o(.constdata)
    AF12x16                                  0x0800677c   Data        3716  main.o(.constdata)
    f10x20                                   0x08007600   Data        2842  main.o(.constdata)
    Logo                                     0x0800811a   Data        1027  main.o(.constdata)
    AHBPrescTable                            0x08008541   Data          16  system_stm32f1xx.o(.constdata)
    APBPrescTable                            0x08008551   Data           8  system_stm32f1xx.o(.constdata)
    PEmap                                    0x08008559   Data         378  font.o(.constdata)
    __stdin_name                             0x080086d3   Data           7  retarget_io.o(.constdata)
    __stdout_name                            0x080086da   Data           8  retarget_io.o(.constdata)
    __stderr_name                            0x080086e2   Data           8  retarget_io.o(.constdata)
    Region$$Table$$Base                      0x080086ec   Number         0  anon$$obj.o(Region$$Table)
    Region$$Table$$Limit                     0x0800870c   Number         0  anon$$obj.o(Region$$Table)
    Data                                     0x20000000   Data           1  main.o(.data)
    uwTick                                   0x20000004   Data           4  stm32f1xx_hal.o(.data)
    uwTickPrio                               0x20000008   Data           4  stm32f1xx_hal.o(.data)
    uwTickFreq                               0x2000000c   Data           1  stm32f1xx_hal.o(.data)
    SystemCoreClock                          0x20000010   Data           4  system_stm32f1xx.o(.data)
    FontPointer                              0x20000014   Data           4  font.o(.data)
    rot                                      0x20000018   Data           1  font.o(.data)
    Reverse                                  0x20000019   Data           1  font.o(.data)
    Horizontal                               0x2000001a   Data           1  font.o(.data)
    FgColor                                  0x2000001c   Data           2  font.o(.data)
    BkColor                                  0x2000001e   Data           2  font.o(.data)
    FontFixed                                0x20000020   Data           1  font.o(.data)
    NonTransparence                          0x20000021   Data           1  font.o(.data)
    fontSize                                 0x20000022   Data           2  font.o(.data)
    firstchar                                0x20000024   Data           1  font.o(.data)
    lastchar                                 0x20000025   Data           1  font.o(.data)
    charwidth                                0x20000026   Data           1  font.o(.data)
    FontWidth                                0x20000027   Data           1  font.o(.data)
    FontHeight                               0x20000028   Data           1  font.o(.data)
    FontXScale                               0x20000029   Data           1  font.o(.data)
    FontYScale                               0x2000002a   Data           1  font.o(.data)
    FontSpace                                0x2000002b   Data           1  font.o(.data)
    cursorX                                  0x2000002c   Data           4  font.o(.data)
    cursorY                                  0x20000030   Data           4  font.o(.data)
    peLETTER                                 0x20000034   Data           1  font.o(.data)
    prevLet                                  0x20000035   Data           1  font.o(.data)
    nextLet                                  0x20000036   Data           1  font.o(.data)
    KS108_Coord                              0x20000037   Data           3  ks0108.o(.data)
    Inverted                                 0x2000003a   Data           1  ks0108.o(.data)
    __aeabi_stdin                            0x2000003c   Data           4  stdio_streams.o(.data)
    __aeabi_stdout                           0x20000040   Data           4  stdio_streams.o(.data)
    __aeabi_stderr                           0x20000044   Data           4  stdio_streams.o(.data)
    hadc1                                    0x20000048   Data          48  main.o(.bss)
    hdma_adc1                                0x20000078   Data          68  main.o(.bss)
    hcan                                     0x200000bc   Data          40  main.o(.bss)
    hrtc                                     0x200000e4   Data          20  main.o(.bss)
    hspi1                                    0x200000f8   Data          88  main.o(.bss)
    htim1                                    0x20000150   Data          72  main.o(.bss)
    htim2                                    0x20000198   Data          72  main.o(.bss)
    huart1                                   0x200001e0   Data          72  main.o(.bss)
    huart2                                   0x20000228   Data          72  main.o(.bss)
    huart3                                   0x20000270   Data          72  main.o(.bss)
    data                                     0x200002b8   Data          37  main.o(.bss)
    Ctemp                                    0x200002dd   Data          20  main.o(.bss)
    __stdin                                  0x200002f4   Data          84  stdio_streams.o(.bss)
    __stdout                                 0x20000348   Data          84  stdio_streams.o(.bss)
    __stderr                                 0x2000039c   Data          84  stdio_streams.o(.bss)
    __libspace_start                         0x200003f0   Data          96  libspace.o(.bss)
    __temporary_stack_top$libspace           0x20000450   Data           0  libspace.o(.bss)



==============================================================================

Memory Map of the image

  Image Entry point : 0x080000ed

  Load Region LR_IROM1 (Base: 0x08000000, Size: 0x00008754, Max: 0x00010000, ABSOLUTE)

    Execution Region ER_IROM1 (Exec base: 0x08000000, Load base: 0x08000000, Size: 0x0000870c, Max: 0x00010000, ABSOLUTE)

    Exec Addr    Load Addr    Size         Type   Attr      Idx    E Section Name        Object

    0x08000000   0x08000000   0x000000ec   Data   RO            3    RESET               startup_stm32f103xb.o
    0x080000ec   0x080000ec   0x00000008   Code   RO         5323  * !!!main             c_w.l(__main.o)
    0x080000f4   0x080000f4   0x00000034   Code   RO         5662    !!!scatter          c_w.l(__scatter.o)
    0x08000128   0x08000128   0x0000001a   Code   RO         5664    !!handler_copy      c_w.l(__scatter_copy.o)
    0x08000142   0x08000142   0x00000002   PAD
    0x08000144   0x08000144   0x0000001c   Code   RO         5666    !!handler_zi        c_w.l(__scatter_zi.o)
    0x08000160   0x08000160   0x00000002   Code   RO         5453    .ARM.Collect$$libinit$$00000000  c_w.l(libinit.o)
    0x08000162   0x08000162   0x00000000   Code   RO         5455    .ARM.Collect$$libinit$$00000002  c_w.l(libinit2.o)
    0x08000162   0x08000162   0x00000000   Code   RO         5457    .ARM.Collect$$libinit$$00000004  c_w.l(libinit2.o)
    0x08000162   0x08000162   0x00000008   Code   RO         5458    .ARM.Collect$$libinit$$00000005  c_w.l(libinit2.o)
    0x0800016a   0x0800016a   0x00000000   Code   RO         5460    .ARM.Collect$$libinit$$0000000A  c_w.l(libinit2.o)
    0x0800016a   0x0800016a   0x00000000   Code   RO         5462    .ARM.Collect$$libinit$$0000000C  c_w.l(libinit2.o)
    0x0800016a   0x0800016a   0x00000000   Code   RO         5464    .ARM.Collect$$libinit$$0000000E  c_w.l(libinit2.o)
    0x0800016a   0x0800016a   0x00000000   Code   RO         5467    .ARM.Collect$$libinit$$00000011  c_w.l(libinit2.o)
    0x0800016a   0x0800016a   0x00000000   Code   RO         5469    .ARM.Collect$$libinit$$00000013  c_w.l(libinit2.o)
    0x0800016a   0x0800016a   0x00000000   Code   RO         5471    .ARM.Collect$$libinit$$00000015  c_w.l(libinit2.o)
    0x0800016a   0x0800016a   0x00000000   Code   RO         5473    .ARM.Collect$$libinit$$00000017  c_w.l(libinit2.o)
    0x0800016a   0x0800016a   0x00000000   Code   RO         5475    .ARM.Collect$$libinit$$00000019  c_w.l(libinit2.o)
    0x0800016a   0x0800016a   0x00000000   Code   RO         5477    .ARM.Collect$$libinit$$0000001B  c_w.l(libinit2.o)
    0x0800016a   0x0800016a   0x00000000   Code   RO         5479    .ARM.Collect$$libinit$$0000001D  c_w.l(libinit2.o)
    0x0800016a   0x0800016a   0x00000000   Code   RO         5481    .ARM.Collect$$libinit$$0000001F  c_w.l(libinit2.o)
    0x0800016a   0x0800016a   0x00000000   Code   RO         5483    .ARM.Collect$$libinit$$00000021  c_w.l(libinit2.o)
    0x0800016a   0x0800016a   0x00000000   Code   RO         5485    .ARM.Collect$$libinit$$00000023  c_w.l(libinit2.o)
    0x0800016a   0x0800016a   0x00000004   Code   RO         5486    .ARM.Collect$$libinit$$00000024  c_w.l(libinit2.o)
    0x0800016e   0x0800016e   0x00000000   Code   RO         5487    .ARM.Collect$$libinit$$00000025  c_w.l(libinit2.o)
    0x0800016e   0x0800016e   0x00000000   Code   RO         5491    .ARM.Collect$$libinit$$0000002C  c_w.l(libinit2.o)
    0x0800016e   0x0800016e   0x00000000   Code   RO         5493    .ARM.Collect$$libinit$$0000002E  c_w.l(libinit2.o)
    0x0800016e   0x0800016e   0x00000000   Code   RO         5495    .ARM.Collect$$libinit$$00000030  c_w.l(libinit2.o)
    0x0800016e   0x0800016e   0x00000000   Code   RO         5497    .ARM.Collect$$libinit$$00000032  c_w.l(libinit2.o)
    0x0800016e   0x0800016e   0x00000002   Code   RO         5498    .ARM.Collect$$libinit$$00000033  c_w.l(libinit2.o)
    0x08000170   0x08000170   0x00000002   Code   RO         5641    .ARM.Collect$$libshutdown$$00000000  c_w.l(libshutdown.o)
    0x08000172   0x08000172   0x00000000   Code   RO         5500    .ARM.Collect$$libshutdown$$00000002  c_w.l(libshutdown2.o)
    0x08000172   0x08000172   0x00000000   Code   RO         5502    .ARM.Collect$$libshutdown$$00000004  c_w.l(libshutdown2.o)
    0x08000172   0x08000172   0x00000004   Code   RO         5503    .ARM.Collect$$libshutdown$$00000005  c_w.l(libshutdown2.o)
    0x08000176   0x08000176   0x00000000   Code   RO         5504    .ARM.Collect$$libshutdown$$00000006  c_w.l(libshutdown2.o)
    0x08000176   0x08000176   0x00000000   Code   RO         5507    .ARM.Collect$$libshutdown$$00000009  c_w.l(libshutdown2.o)
    0x08000176   0x08000176   0x00000000   Code   RO         5510    .ARM.Collect$$libshutdown$$0000000C  c_w.l(libshutdown2.o)
    0x08000176   0x08000176   0x00000000   Code   RO         5512    .ARM.Collect$$libshutdown$$0000000E  c_w.l(libshutdown2.o)
    0x08000176   0x08000176   0x00000000   Code   RO         5515    .ARM.Collect$$libshutdown$$00000011  c_w.l(libshutdown2.o)
    0x08000176   0x08000176   0x00000002   Code   RO         5516    .ARM.Collect$$libshutdown$$00000012  c_w.l(libshutdown2.o)
    0x08000178   0x08000178   0x00000000   Code   RO         5325    .ARM.Collect$$rtentry$$00000000  c_w.l(__rtentry.o)
    0x08000178   0x08000178   0x00000000   Code   RO         5337    .ARM.Collect$$rtentry$$00000002  c_w.l(__rtentry2.o)
    0x08000178   0x08000178   0x00000006   Code   RO         5349    .ARM.Collect$$rtentry$$00000004  c_w.l(__rtentry4.o)
    0x0800017e   0x0800017e   0x00000000   Code   RO         5339    .ARM.Collect$$rtentry$$00000009  c_w.l(__rtentry2.o)
    0x0800017e   0x0800017e   0x00000004   Code   RO         5340    .ARM.Collect$$rtentry$$0000000A  c_w.l(__rtentry2.o)
    0x08000182   0x08000182   0x00000000   Code   RO         5342    .ARM.Collect$$rtentry$$0000000C  c_w.l(__rtentry2.o)
    0x08000182   0x08000182   0x00000008   Code   RO         5343    .ARM.Collect$$rtentry$$0000000D  c_w.l(__rtentry2.o)
    0x0800018a   0x0800018a   0x00000002   Code   RO         5522    .ARM.Collect$$rtexit$$00000000  c_w.l(rtexit.o)
    0x0800018c   0x0800018c   0x00000000   Code   RO         5576    .ARM.Collect$$rtexit$$00000002  c_w.l(rtexit2.o)
    0x0800018c   0x0800018c   0x00000004   Code   RO         5577    .ARM.Collect$$rtexit$$00000003  c_w.l(rtexit2.o)
    0x08000190   0x08000190   0x00000006   Code   RO         5578    .ARM.Collect$$rtexit$$00000004  c_w.l(rtexit2.o)
    0x08000196   0x08000196   0x00000002   PAD
    0x08000198   0x08000198   0x00000000   Code   RO         5582    .emb_text           c_w.l(maybetermalloc1.o)
    0x08000198   0x08000198   0x00000040   Code   RO            4    .text               startup_stm32f103xb.o
    0x080001d8   0x080001d8   0x00000018   Code   RO         5311    .text               c_w.l(noretval__2printf.o)
    0x080001f0   0x080001f0   0x0000004e   Code   RO         5317    .text               c_w.l(rt_memclr_w.o)
    0x0800023e   0x0800023e   0x00000002   PAD
    0x08000240   0x08000240   0x00000080   Code   RO         5319    .text               c_w.l(strcmpv7m.o)
    0x080002c0   0x080002c0   0x00000006   Code   RO         5321    .text               c_w.l(heapauxi.o)
    0x080002c6   0x080002c6   0x00000002   PAD
    0x080002c8   0x080002c8   0x00000024   Code   RO         5326    .text               c_w.l(_printf_char_file.o)
    0x080002ec   0x080002ec   0x00000030   Code   RO         5351    .text               c_w.l(_printf_char_common.o)
    0x0800031c   0x0800031c   0x00000008   Code   RO         5353    .text               c_w.l(ferror.o)
    0x08000324   0x08000324   0x00000138   Code   RO         5359    .text               c_w.l(initio.o)
    0x0800045c   0x0800045c   0x0000004a   Code   RO         5369    .text               c_w.l(sys_stackheap_outer.o)
    0x080004a6   0x080004a6   0x0000004e   Code   RO         5373    .text               c_w.l(h1_free.o)
    0x080004f4   0x080004f4   0x00000028   Code   RO         5427    .text               c_w.l(__printf_nopercent.o)
    0x0800051c   0x0800051c   0x000001d6   Code   RO         5429    .text               c_w.l(flsbuf.o)
    0x080006f2   0x080006f2   0x00000046   Code   RO         5431    .text               c_w.l(setvbuf.o)
    0x08000738   0x08000738   0x000000ec   Code   RO         5434    .text               c_w.l(fopen.o)
    0x08000824   0x08000824   0x0000004c   Code   RO         5436    .text               c_w.l(fclose.o)
    0x08000870   0x08000870   0x00000012   Code   RO         5442    .text               c_w.l(exit.o)
    0x08000882   0x08000882   0x0000000e   Code   RO         5444    .text               c_w.l(defsig_rtred_outer.o)
    0x08000890   0x08000890   0x00000008   Code   RO         5519    .text               c_w.l(libspace.o)
    0x08000898   0x08000898   0x00000008   Code   RO         5529    .text               c_w.l(rt_heap_descriptor_intlibspace.o)
    0x080008a0   0x080008a0   0x00000004   Code   RO         5531    .text               c_w.l(hguard.o)
    0x080008a4   0x080008a4   0x0000008a   Code   RO         5533    .text               c_w.l(init_alloc.o)
    0x0800092e   0x0800092e   0x0000005e   Code   RO         5539    .text               c_w.l(h1_alloc.o)
    0x0800098c   0x0800098c   0x000000f8   Code   RO         5555    .text               c_w.l(fseek.o)
    0x08000a84   0x08000a84   0x000000f0   Code   RO         5557    .text               c_w.l(stdio.o)
    0x08000b74   0x08000b74   0x0000000a   Code   RO         5563    .text               c_w.l(defsig_exit.o)
    0x08000b7e   0x08000b7e   0x00000002   PAD
    0x08000b80   0x08000b80   0x00000034   Code   RO         5565    .text               c_w.l(defsig_rtred_inner.o)
    0x08000bb4   0x08000bb4   0x0000000c   Code   RO         5573    .text               c_w.l(sys_exit.o)
    0x08000bc0   0x08000bc0   0x0000000e   Code   RO         5584    .text               c_w.l(h1_init.o)
    0x08000bce   0x08000bce   0x00000034   Code   RO         5586    .text               c_w.l(h1_extend.o)
    0x08000c02   0x08000c02   0x00000042   Code   RO         5596    .text               c_w.l(ftell.o)
    0x08000c44   0x08000c44   0x00000032   Code   RO         5604    .text               c_w.l(defsig_general.o)
    0x08000c76   0x08000c76   0x0000000e   Code   RO         5606    .text               c_w.l(defsig_rtmem_outer.o)
    0x08000c84   0x08000c84   0x0000000e   Code   RO         5619    .text               c_w.l(sys_wrch.o)
    0x08000c92   0x08000c92   0x00000002   Code   RO         5623    .text               c_w.l(use_no_semi.o)
    0x08000c94   0x08000c94   0x00000000   Code   RO         5625    .text               c_w.l(indicate_semi.o)
    0x08000c94   0x08000c94   0x00000008   Code   RO         5629    .text               c_w.l(rt_errno_addr_intlibspace.o)
    0x08000c9c   0x08000c9c   0x00000050   Code   RO         5635    .text               c_w.l(defsig_rtmem_inner.o)
    0x08000cec   0x08000cec   0x00000010   Code   RO          310    i.ADC1_2_IRQHandler  stm32f1xx_it.o
    0x08000cfc   0x08000cfc   0x0000005c   Code   RO          537    i.ADC_ConversionStop_Disable  stm32f1xx_hal_adc.o
    0x08000d58   0x08000d58   0x00000012   Code   RO         4048    i.Bit_Is_Set        font.o
    0x08000d6a   0x08000d6a   0x00000004   Code   RO          311    i.BusFault_Handler  stm32f1xx_it.o
    0x08000d6e   0x08000d6e   0x00000002   PAD
    0x08000d70   0x08000d70   0x00000020   Code   RO         4050    i.CalcTextWidth     font.o
    0x08000d90   0x08000d90   0x000000ac   Code   RO         4051    i.CalcTextWidthEN   font.o
    0x08000e3c   0x08000e3c   0x000003b8   Code   RO         4052    i.CalcTextWidthPE   font.o
    0x080011f4   0x080011f4   0x00000010   Code   RO          312    i.DMA1_Channel1_IRQHandler  stm32f1xx_it.o
    0x08001204   0x08001204   0x00000002   Code   RO          313    i.DebugMon_Handler  stm32f1xx_it.o
    0x08001206   0x08001206   0x00000002   PAD
    0x08001208   0x08001208   0x0000002c   Code   RO         4196    i.Enable            ks0108.o
    0x08001234   0x08001234   0x00000006   Code   RO           13    i.Error_Handler     main.o
    0x0800123a   0x0800123a   0x00000002   Code   RO          719    i.HAL_ADCEx_InjectedConvCpltCallback  stm32f1xx_hal_adc_ex.o
    0x0800123c   0x0800123c   0x00000160   Code   RO          543    i.HAL_ADC_ConfigChannel  stm32f1xx_hal_adc.o
    0x0800139c   0x0800139c   0x00000002   Code   RO          544    i.HAL_ADC_ConvCpltCallback  stm32f1xx_hal_adc.o
    0x0800139e   0x0800139e   0x00000112   Code   RO          551    i.HAL_ADC_IRQHandler  stm32f1xx_hal_adc.o
    0x080014b0   0x080014b0   0x00000144   Code   RO          552    i.HAL_ADC_Init      stm32f1xx_hal_adc.o
    0x080015f4   0x080015f4   0x00000002   Code   RO          553    i.HAL_ADC_LevelOutOfWindowCallback  stm32f1xx_hal_adc.o
    0x080015f6   0x080015f6   0x00000002   PAD
    0x080015f8   0x080015f8   0x000000bc   Code   RO          405    i.HAL_ADC_MspInit   stm32f1xx_hal_msp.o
    0x080016b4   0x080016b4   0x00000174   Code   RO         1835    i.HAL_CAN_Init      stm32f1xx_hal_can.o
    0x08001828   0x08001828   0x00000088   Code   RO          407    i.HAL_CAN_MspInit   stm32f1xx_hal_msp.o
    0x080018b0   0x080018b0   0x00000056   Code   RO         1199    i.HAL_DMA_Abort     stm32f1xx_hal_dma.o
    0x08001906   0x08001906   0x00000002   PAD
    0x08001908   0x08001908   0x000000b0   Code   RO         1200    i.HAL_DMA_Abort_IT  stm32f1xx_hal_dma.o
    0x080019b8   0x080019b8   0x0000019c   Code   RO         1204    i.HAL_DMA_IRQHandler  stm32f1xx_hal_dma.o
    0x08001b54   0x08001b54   0x00000068   Code   RO         1205    i.HAL_DMA_Init      stm32f1xx_hal_dma.o
    0x08001bbc   0x08001bbc   0x00000028   Code   RO          820    i.HAL_Delay         stm32f1xx_hal.o
    0x08001be4   0x08001be4   0x00000320   Code   RO         1135    i.HAL_GPIO_Init     stm32f1xx_hal_gpio.o
    0x08001f04   0x08001f04   0x00000010   Code   RO         1137    i.HAL_GPIO_ReadPin  stm32f1xx_hal_gpio.o
    0x08001f14   0x08001f14   0x00000014   Code   RO         1138    i.HAL_GPIO_TogglePin  stm32f1xx_hal_gpio.o
    0x08001f28   0x08001f28   0x0000000c   Code   RO         1139    i.HAL_GPIO_WritePin  stm32f1xx_hal_gpio.o
    0x08001f34   0x08001f34   0x0000000c   Code   RO          824    i.HAL_GetTick       stm32f1xx_hal.o
    0x08001f40   0x08001f40   0x00000018   Code   RO          830    i.HAL_IncTick       stm32f1xx_hal.o
    0x08001f58   0x08001f58   0x00000028   Code   RO          831    i.HAL_Init          stm32f1xx_hal.o
    0x08001f80   0x08001f80   0x0000004c   Code   RO          832    i.HAL_InitTick      stm32f1xx_hal.o
    0x08001fcc   0x08001fcc   0x00000054   Code   RO          408    i.HAL_MspInit       stm32f1xx_hal_msp.o
    0x08002020   0x08002020   0x00000020   Code   RO         1295    i.HAL_NVIC_EnableIRQ  stm32f1xx_hal_cortex.o
    0x08002040   0x08002040   0x0000007c   Code   RO         1301    i.HAL_NVIC_SetPriority  stm32f1xx_hal_cortex.o
    0x080020bc   0x080020bc   0x00000028   Code   RO         1302    i.HAL_NVIC_SetPriorityGrouping  stm32f1xx_hal_cortex.o
    0x080020e4   0x080020e4   0x0000000c   Code   RO         1422    i.HAL_PWR_EnableBkUpAccess  stm32f1xx_hal_pwr.o
    0x080020f0   0x080020f0   0x000000fc   Code   RO         1096    i.HAL_RCCEx_GetPeriphCLKFreq  stm32f1xx_hal_rcc_ex.o
    0x080021ec   0x080021ec   0x00000130   Code   RO         1097    i.HAL_RCCEx_PeriphCLKConfig  stm32f1xx_hal_rcc_ex.o
    0x0800231c   0x0800231c   0x0000018c   Code   RO          988    i.HAL_RCC_ClockConfig  stm32f1xx_hal_rcc.o
    0x080024a8   0x080024a8   0x0000000c   Code   RO          993    i.HAL_RCC_GetHCLKFreq  stm32f1xx_hal_rcc.o
    0x080024b4   0x080024b4   0x00000020   Code   RO          995    i.HAL_RCC_GetPCLK1Freq  stm32f1xx_hal_rcc.o
    0x080024d4   0x080024d4   0x00000020   Code   RO          996    i.HAL_RCC_GetPCLK2Freq  stm32f1xx_hal_rcc.o
    0x080024f4   0x080024f4   0x00000070   Code   RO          997    i.HAL_RCC_GetSysClockFreq  stm32f1xx_hal_rcc.o
    0x08002564   0x08002564   0x00000464   Code   RO         1000    i.HAL_RCC_OscConfig  stm32f1xx_hal_rcc.o
    0x080029c8   0x080029c8   0x000000c0   Code   RO         2063    i.HAL_RTC_Init      stm32f1xx_hal_rtc.o
    0x08002a88   0x08002a88   0x00000040   Code   RO          410    i.HAL_RTC_MspInit   stm32f1xx_hal_msp.o
    0x08002ac8   0x08002ac8   0x000000f8   Code   RO         2069    i.HAL_RTC_SetDate   stm32f1xx_hal_rtc.o
    0x08002bc0   0x08002bc0   0x000000dc   Code   RO         2070    i.HAL_RTC_SetTime   stm32f1xx_hal_rtc.o
    0x08002c9c   0x08002c9c   0x00000040   Code   RO         2071    i.HAL_RTC_WaitForSynchro  stm32f1xx_hal_rtc.o
    0x08002cdc   0x08002cdc   0x000000be   Code   RO         2343    i.HAL_SPI_Init      stm32f1xx_hal_spi.o
    0x08002d9a   0x08002d9a   0x00000002   PAD
    0x08002d9c   0x08002d9c   0x00000084   Code   RO          412    i.HAL_SPI_MspInit   stm32f1xx_hal_msp.o
    0x08002e20   0x08002e20   0x00000034   Code   RO         1306    i.HAL_SYSTICK_Config  stm32f1xx_hal_cortex.o
    0x08002e54   0x08002e54   0x00000084   Code   RO         3390    i.HAL_TIMEx_MasterConfigSynchronization  stm32f1xx_hal_tim_ex.o
    0x08002ed8   0x08002ed8   0x00000066   Code   RO         2656    i.HAL_TIM_Base_Init  stm32f1xx_hal_tim.o
    0x08002f3e   0x08002f3e   0x00000002   PAD
    0x08002f40   0x08002f40   0x00000054   Code   RO          414    i.HAL_TIM_Base_MspInit  stm32f1xx_hal_msp.o
    0x08002f94   0x08002f94   0x0000010c   Code   RO         2665    i.HAL_TIM_ConfigClockSource  stm32f1xx_hal_tim.o
    0x080030a0   0x080030a0   0x00000104   Code   RO         2728    i.HAL_TIM_PWM_ConfigChannel  stm32f1xx_hal_tim.o
    0x080031a4   0x080031a4   0x00000066   Code   RO         2731    i.HAL_TIM_PWM_Init  stm32f1xx_hal_tim.o
    0x0800320a   0x0800320a   0x00000002   Code   RO         2733    i.HAL_TIM_PWM_MspInit  stm32f1xx_hal_tim.o
    0x0800320c   0x0800320c   0x00000002   Code   RO         3650    i.HAL_UARTEx_RxEventCallback  stm32f1xx_hal_uart.o
    0x0800320e   0x0800320e   0x00000002   Code   RO         3664    i.HAL_UART_ErrorCallback  stm32f1xx_hal_uart.o
    0x08003210   0x08003210   0x000002e4   Code   RO         3667    i.HAL_UART_IRQHandler  stm32f1xx_hal_uart.o
    0x080034f4   0x080034f4   0x00000076   Code   RO         3668    i.HAL_UART_Init     stm32f1xx_hal_uart.o
    0x0800356a   0x0800356a   0x00000002   PAD
    0x0800356c   0x0800356c   0x00000170   Code   RO          416    i.HAL_UART_MspInit  stm32f1xx_hal_msp.o
    0x080036dc   0x080036dc   0x00000002   Code   RO         3674    i.HAL_UART_RxCpltCallback  stm32f1xx_hal_uart.o
    0x080036de   0x080036de   0x00000002   Code   RO         3679    i.HAL_UART_TxCpltCallback  stm32f1xx_hal_uart.o
    0x080036e0   0x080036e0   0x00000004   Code   RO          314    i.HardFault_Handler  stm32f1xx_it.o
    0x080036e4   0x080036e4   0x00000030   Code   RO         5221    i.ITM_SendChar      retarget_io.o
    0x08003714   0x08003714   0x0000001c   Code   RO           14    i.Input_DB_GLCD     main.o
    0x08003730   0x08003730   0x00000024   Code   RO         4198    i.KS108_CLS         ks0108.o
    0x08003754   0x08003754   0x00000024   Code   RO         4199    i.KS108_ClearPage   ks0108.o
    0x08003778   0x08003778   0x000000d4   Code   RO         4200    i.KS108_DoReadData  ks0108.o
    0x0800384c   0x0800384c   0x0000012e   Code   RO         4201    i.KS108_DrawBitmap  ks0108.o
    0x0800397a   0x0800397a   0x000000f4   Code   RO         4202    i.KS108_FillRect    ks0108.o
    0x08003a6e   0x08003a6e   0x00000002   PAD
    0x08003a70   0x08003a70   0x00000088   Code   RO         4203    i.KS108_GotoXY      ks0108.o
    0x08003af8   0x08003af8   0x00000078   Code   RO         4204    i.KS108_Init        ks0108.o
    0x08003b70   0x08003b70   0x0000005c   Code   RO         4205    i.KS108_Init_Port   ks0108.o
    0x08003bcc   0x08003bcc   0x0000010e   Code   RO         4206    i.KS108_InvertRect  ks0108.o
    0x08003cda   0x08003cda   0x00000010   Code   RO         4207    i.KS108_ReadData    ks0108.o
    0x08003cea   0x08003cea   0x00000062   Code   RO         4208    i.KS108_SetDot      ks0108.o
    0x08003d4c   0x08003d4c   0x00000060   Code   RO         4210    i.KS108_WriteCommand  ks0108.o
    0x08003dac   0x08003dac   0x0000017c   Code   RO         4211    i.KS108_WriteData   ks0108.o
    0x08003f28   0x08003f28   0x00000018   Code   RO         4212    i.KS108_delay450ns  ks0108.o
    0x08003f40   0x08003f40   0x00000060   Code   RO         4053    i.LcdFont           font.o
    0x08003fa0   0x08003fa0   0x0000005c   Code   RO           15    i.MX_ADC1_Init      main.o
    0x08003ffc   0x08003ffc   0x00000038   Code   RO           16    i.MX_CAN_Init       main.o
    0x08004034   0x08004034   0x00000034   Code   RO           17    i.MX_DMA_Init       main.o
    0x08004068   0x08004068   0x00000100   Code   RO           18    i.MX_GPIO_Init      main.o
    0x08004168   0x08004168   0x00000070   Code   RO           19    i.MX_RTC_Init       main.o
    0x080041d8   0x080041d8   0x00000044   Code   RO           20    i.MX_SPI1_Init      main.o
    0x0800421c   0x0800421c   0x00000070   Code   RO           21    i.MX_TIM1_Init      main.o
    0x0800428c   0x0800428c   0x0000009c   Code   RO           22    i.MX_TIM2_Init      main.o
    0x08004328   0x08004328   0x00000038   Code   RO           23    i.MX_USART1_UART_Init  main.o
    0x08004360   0x08004360   0x00000038   Code   RO           24    i.MX_USART2_UART_Init  main.o
    0x08004398   0x08004398   0x00000038   Code   RO           25    i.MX_USART3_UART_Init  main.o
    0x080043d0   0x080043d0   0x00000004   Code   RO          315    i.MemManage_Handler  stm32f1xx_it.o
    0x080043d4   0x080043d4   0x00000004   Code   RO          316    i.NMI_Handler       stm32f1xx_it.o
    0x080043d8   0x080043d8   0x0000001c   Code   RO           26    i.Output_DB_GLCD    main.o
    0x080043f4   0x080043f4   0x00000002   Code   RO          317    i.PendSV_Handler    stm32f1xx_it.o
    0x080043f6   0x080043f6   0x00000002   PAD
    0x080043f8   0x080043f8   0x00000338   Code   RO         4056    i.PutCharEN         font.o
    0x08004730   0x08004730   0x00000300   Code   RO         4057    i.PutCharPE         font.o
    0x08004a30   0x08004a30   0x000000d0   Code   RO         4060    i.PutText           font.o
    0x08004b00   0x08004b00   0x00000030   Code   RO         4061    i.Puts              font.o
    0x08004b30   0x08004b30   0x00000210   Code   RO         4062    i.PutsPE            font.o
    0x08004d40   0x08004d40   0x00000028   Code   RO         1001    i.RCC_Delay         stm32f1xx_hal_rcc.o
    0x08004d68   0x08004d68   0x00000016   Code   RO         2072    i.RTC_Bcd2ToByte    stm32f1xx_hal_rtc.o
    0x08004d7e   0x08004d7e   0x0000003a   Code   RO         2075    i.RTC_EnterInitMode  stm32f1xx_hal_rtc.o
    0x08004db8   0x08004db8   0x0000003a   Code   RO         2076    i.RTC_ExitInitMode  stm32f1xx_hal_rtc.o
    0x08004df2   0x08004df2   0x00000018   Code   RO         2078    i.RTC_ReadAlarmCounter  stm32f1xx_hal_rtc.o
    0x08004e0a   0x08004e0a   0x00000034   Code   RO         2079    i.RTC_ReadTimeCounter  stm32f1xx_hal_rtc.o
    0x08004e3e   0x08004e3e   0x00000084   Code   RO         2080    i.RTC_WeekDayNum    stm32f1xx_hal_rtc.o
    0x08004ec2   0x08004ec2   0x0000002e   Code   RO         2081    i.RTC_WriteAlarmCounter  stm32f1xx_hal_rtc.o
    0x08004ef0   0x08004ef0   0x0000002e   Code   RO         2082    i.RTC_WriteTimeCounter  stm32f1xx_hal_rtc.o
    0x08004f1e   0x08004f1e   0x00000002   PAD
    0x08004f20   0x08004f20   0x000000c8   Code   RO           27    i.Read_DB_GLCD      main.o
    0x08004fe8   0x08004fe8   0x00000064   Code   RO         4334    i.Rectangle         graphic.o
    0x0800504c   0x0800504c   0x000002ec   Code   RO         4335    i.RoundRectangle    graphic.o
    0x08005338   0x08005338   0x00000002   Code   RO          318    i.SVC_Handler       stm32f1xx_it.o
    0x0800533a   0x0800533a   0x00000002   PAD
    0x0800533c   0x0800533c   0x00000020   Code   RO         4063    i.SetLetter         font.o
    0x0800535c   0x0800535c   0x00000008   Code   RO          319    i.SysTick_Handler   stm32f1xx_it.o
    0x08005364   0x08005364   0x0000008a   Code   RO           28    i.SystemClock_Config  main.o
    0x080053ee   0x080053ee   0x00000002   Code   RO         4012    i.SystemInit        system_stm32f1xx.o
    0x080053f0   0x080053f0   0x00000074   Code   RO         2749    i.TIM_Base_SetConfig  stm32f1xx_hal_tim.o
    0x08005464   0x08005464   0x00000016   Code   RO         2760    i.TIM_ETR_SetConfig  stm32f1xx_hal_tim.o
    0x0800547a   0x0800547a   0x00000012   Code   RO         2761    i.TIM_ITRx_SetConfig  stm32f1xx_hal_tim.o
    0x0800548c   0x0800548c   0x00000060   Code   RO         2762    i.TIM_OC1_SetConfig  stm32f1xx_hal_tim.o
    0x080054ec   0x080054ec   0x00000068   Code   RO         2763    i.TIM_OC2_SetConfig  stm32f1xx_hal_tim.o
    0x08005554   0x08005554   0x00000068   Code   RO         2764    i.TIM_OC3_SetConfig  stm32f1xx_hal_tim.o
    0x080055bc   0x080055bc   0x00000048   Code   RO         2765    i.TIM_OC4_SetConfig  stm32f1xx_hal_tim.o
    0x08005604   0x08005604   0x00000026   Code   RO         2767    i.TIM_TI1_ConfigInputStage  stm32f1xx_hal_tim.o
    0x0800562a   0x0800562a   0x00000028   Code   RO         2769    i.TIM_TI2_ConfigInputStage  stm32f1xx_hal_tim.o
    0x08005652   0x08005652   0x00000002   PAD
    0x08005654   0x08005654   0x00000168   Code   RO         4065    i.TextBox           font.o
    0x080057bc   0x080057bc   0x00000014   Code   RO         3681    i.UART_DMAAbortOnError  stm32f1xx_hal_uart.o
    0x080057d0   0x080057d0   0x0000006c   Code   RO         3691    i.UART_EndRxTransfer  stm32f1xx_hal_uart.o
    0x0800583c   0x0800583c   0x00000020   Code   RO         3692    i.UART_EndTransmit_IT  stm32f1xx_hal_uart.o
    0x0800585c   0x0800585c   0x000000fc   Code   RO         3694    i.UART_Receive_IT   stm32f1xx_hal_uart.o
    0x08005958   0x08005958   0x000000fc   Code   RO         3695    i.UART_SetConfig    stm32f1xx_hal_uart.o
    0x08005a54   0x08005a54   0x00000060   Code   RO         3698    i.UART_Transmit_IT  stm32f1xx_hal_uart.o
    0x08005ab4   0x08005ab4   0x00000010   Code   RO          320    i.USART2_IRQHandler  stm32f1xx_it.o
    0x08005ac4   0x08005ac4   0x00000004   Code   RO          321    i.UsageFault_Handler  stm32f1xx_it.o
    0x08005ac8   0x08005ac8   0x00000020   Code   RO           29    i.Write_DB_GLCD     main.o
    0x08005ae8   0x08005ae8   0x00000010   Code   RO         1308    i.__NVIC_GetPriorityGrouping  stm32f1xx_hal_cortex.o
    0x08005af8   0x08005af8   0x00000028   Code   RO         1309    i.__NVIC_SetPriority  stm32f1xx_hal_cortex.o
    0x08005b20   0x08005b20   0x00000014   Code   RO           30    i._delay_us         main.o
    0x08005b34   0x08005b34   0x00000026   Code   RO         5222    i._sys_close        retarget_io.o
    0x08005b5a   0x08005b5a   0x00000024   Code   RO         5223    i._sys_flen         retarget_io.o
    0x08005b7e   0x08005b7e   0x00000024   Code   RO         5224    i._sys_istty        retarget_io.o
    0x08005ba2   0x08005ba2   0x00000002   PAD
    0x08005ba4   0x08005ba4   0x00000068   Code   RO         5225    i._sys_open         retarget_io.o
    0x08005c0c   0x08005c0c   0x0000002c   Code   RO         5227    i._sys_seek         retarget_io.o
    0x08005c38   0x08005c38   0x00000046   Code   RO         5228    i._sys_write        retarget_io.o
    0x08005c7e   0x08005c7e   0x0000001a   Code   RO         5356    i.fputc             c_w.l(fputc.o)
    0x08005c98   0x08005c98   0x00000110   Code   RO           31    i.main              main.o
    0x08005da8   0x08005da8   0x0000000c   Code   RO         5229    i.stdout_putchar    retarget_io.o
    0x08005db4   0x08005db4   0x00002769   Data   RO           33    .constdata          main.o
    0x0800851d   0x0800851d   0x00000012   Data   RO         1002    .constdata          stm32f1xx_hal_rcc.o
    0x0800852f   0x0800852f   0x00000012   Data   RO         1098    .constdata          stm32f1xx_hal_rcc_ex.o
    0x08008541   0x08008541   0x00000018   Data   RO         4013    .constdata          system_stm32f1xx.o
    0x08008559   0x08008559   0x0000017a   Data   RO         4066    .constdata          font.o
    0x080086d3   0x080086d3   0x00000017   Data   RO         5230    .constdata          retarget_io.o
    0x080086ea   0x080086ea   0x00000002   PAD
    0x080086ec   0x080086ec   0x00000020   Data   RO         5660    Region$$Table       anon$$obj.o


    Execution Region RW_IRAM1 (Exec base: 0x20000000, Load base: 0x0800870c, Size: 0x00000a50, Max: 0x00005000, ABSOLUTE)

    Exec Addr    Load Addr    Size         Type   Attr      Idx    E Section Name        Object

    0x20000000   0x0800870c   0x00000001   Data   RW           34    .data               main.o
    0x20000001   0x0800870d   0x00000003   PAD
    0x20000004   0x08008710   0x00000009   Data   RW          838    .data               stm32f1xx_hal.o
    0x2000000d   0x08008719   0x00000003   PAD
    0x20000010   0x0800871c   0x00000004   Data   RW         4014    .data               system_stm32f1xx.o
    0x20000014   0x08008720   0x00000023   Data   RW         4067    .data               font.o
    0x20000037   0x08008743   0x00000004   Data   RW         4213    .data               ks0108.o
    0x2000003b   0x08008747   0x00000001   PAD
    0x2000003c   0x08008748   0x00000004   Data   RW         5331    .data               c_w.l(stdio_streams.o)
    0x20000040   0x0800874c   0x00000004   Data   RW         5332    .data               c_w.l(stdio_streams.o)
    0x20000044   0x08008750   0x00000004   Data   RW         5333    .data               c_w.l(stdio_streams.o)
    0x20000048        -       0x000002a9   Zero   RW           32    .bss                main.o
    0x200002f1   0x08008754   0x00000003   PAD
    0x200002f4        -       0x00000054   Zero   RW         5328    .bss                c_w.l(stdio_streams.o)
    0x20000348        -       0x00000054   Zero   RW         5329    .bss                c_w.l(stdio_streams.o)
    0x2000039c        -       0x00000054   Zero   RW         5330    .bss                c_w.l(stdio_streams.o)
    0x200003f0        -       0x00000060   Zero   RW         5520    .bss                c_w.l(libspace.o)
    0x20000450        -       0x00000200   Zero   RW            2    HEAP                startup_stm32f103xb.o
    0x20000650        -       0x00000400   Zero   RW            1    STACK               startup_stm32f103xb.o


==============================================================================

Image component sizes


      Code (inc. data)   RO Data    RW Data    ZI Data      Debug   Object Name

      4038        362        378         35          0      13296   font.o
       848          0          0          0          0       1677   graphic.o
      2106         62          0          4          0      11764   ks0108.o
      1796        180      10089          1        681     481579   main.o
       388         30         23          0          0       6746   retarget_io.o
        64         26        236          0       1536        804   startup_stm32f103xb.o
       192         36          0          9          0       5821   stm32f1xx_hal.o
      1046         24          0          0          0       4991   stm32f1xx_hal_adc.o
         2          0          0          0          0       1065   stm32f1xx_hal_adc_ex.o
       372          0          0          0          0       1319   stm32f1xx_hal_can.o
       304         22          0          0          0      29351   stm32f1xx_hal_cortex.o
       778         12          0          0          0       3267   stm32f1xx_hal_dma.o
       848         34          0          0          0       3884   stm32f1xx_hal_gpio.o
      1056         98          0          0          0       5132   stm32f1xx_hal_msp.o
        12          4          0          0          0        507   stm32f1xx_hal_pwr.o
      1748         98         18          0          0       5900   stm32f1xx_hal_rcc.o
       556         34         18          0          0       2345   stm32f1xx_hal_rcc_ex.o
      1162         16          0          0          0       8928   stm32f1xx_hal_rtc.o
       190          0          0          0          0       1111   stm32f1xx_hal_spi.o
      1344         32          0          0          0      10266   stm32f1xx_hal_tim.o
       132         14          0          0          0       1312   stm32f1xx_hal_tim_ex.o
      1626          8          0          0          0       9024   stm32f1xx_hal_uart.o
        82         18          0          0          0       5221   stm32f1xx_it.o
         2          0         24          4          0       1095   system_stm32f1xx.o

    ----------------------------------------------------------------------
     20718       1110      10820         60       2220     616405   Object Totals
         0          0         32          0          0          0   (incl. Generated)
        26          0          2          7          3          0   (incl. Padding)

    ----------------------------------------------------------------------

      Code (inc. data)   RO Data    RW Data    ZI Data      Debug   Library Member Name

         8          0          0          0          0         68   __main.o
        40          0          0          0          0         84   __printf_nopercent.o
         0          0          0          0          0          0   __rtentry.o
        12          0          0          0          0          0   __rtentry2.o
         6          0          0          0          0          0   __rtentry4.o
        52          8          0          0          0          0   __scatter.o
        26          0          0          0          0          0   __scatter_copy.o
        28          0          0          0          0          0   __scatter_zi.o
        48          6          0          0          0         96   _printf_char_common.o
        36          4          0          0          0         80   _printf_char_file.o
        10          0          0          0          0         68   defsig_exit.o
        50          0          0          0          0         88   defsig_general.o
        80         58          0          0          0         76   defsig_rtmem_inner.o
        14          0          0          0          0         80   defsig_rtmem_outer.o
        52         38          0          0          0         76   defsig_rtred_inner.o
        14          0          0          0          0         80   defsig_rtred_outer.o
        18          0          0          0          0         80   exit.o
        76          0          0          0          0         88   fclose.o
         8          0          0          0          0         68   ferror.o
       470          0          0          0          0         88   flsbuf.o
       236          4          0          0          0        128   fopen.o
        26          0          0          0          0         68   fputc.o
       248          6          0          0          0         84   fseek.o
        66          0          0          0          0         76   ftell.o
        94          0          0          0          0         80   h1_alloc.o
        52          0          0          0          0         68   h1_extend.o
        78          0          0          0          0         80   h1_free.o
        14          0          0          0          0         84   h1_init.o
         6          0          0          0          0        152   heapauxi.o
         4          0          0          0          0        136   hguard.o
         0          0          0          0          0          0   indicate_semi.o
       138          0          0          0          0        168   init_alloc.o
       312         46          0          0          0        112   initio.o
         2          0          0          0          0          0   libinit.o
        14          0          0          0          0          0   libinit2.o
         2          0          0          0          0          0   libshutdown.o
         6          0          0          0          0          0   libshutdown2.o
         8          4          0          0         96         68   libspace.o
         0          0          0          0          0          0   maybetermalloc1.o
        24          4          0          0          0         84   noretval__2printf.o
         8          4          0          0          0         68   rt_errno_addr_intlibspace.o
         8          4          0          0          0         68   rt_heap_descriptor_intlibspace.o
        78          0          0          0          0         80   rt_memclr_w.o
         2          0          0          0          0          0   rtexit.o
        10          0          0          0          0          0   rtexit2.o
        70          0          0          0          0         80   setvbuf.o
       240          6          0          0          0        156   stdio.o
         0          0          0         12        252          0   stdio_streams.o
       128          0          0          0          0         68   strcmpv7m.o
        12          4          0          0          0         68   sys_exit.o
        74          0          0          0          0         80   sys_stackheap_outer.o
        14          0          0          0          0         76   sys_wrch.o
         2          0          0          0          0         68   use_no_semi.o

    ----------------------------------------------------------------------
      3034        196          0         12        348       3320   Library Totals
        10          0          0          0          0          0   (incl. Padding)

    ----------------------------------------------------------------------

      Code (inc. data)   RO Data    RW Data    ZI Data      Debug   Library Name

      3024        196          0         12        348       3320   c_w.l

    ----------------------------------------------------------------------
      3034        196          0         12        348       3320   Library Totals

    ----------------------------------------------------------------------

==============================================================================


      Code (inc. data)   RO Data    RW Data    ZI Data      Debug   

     23752       1306      10820         72       2568     610257   Grand Totals
     23752       1306      10820         72       2568     610257   ELF Image Totals
     23752       1306      10820         72          0          0   ROM Totals

==============================================================================

    Total RO  Size (Code + RO Data)                34572 (  33.76kB)
    Total RW  Size (RW Data + ZI Data)              2640 (   2.58kB)
    Total ROM Size (Code + RO Data + RW Data)      34644 (  33.83kB)

==============================================================================

