Component: ARM Compiler 5.06 update 7 (build 960) Tool: armlink [4d3601]

==============================================================================

Section Cross References

    startup_stm32f103xb.o(STACK) refers (Special) to heapauxi.o(.text) for __use_two_region_memory
    startup_stm32f103xb.o(HEAP) refers (Special) to heapauxi.o(.text) for __use_two_region_memory
    startup_stm32f103xb.o(RESET) refers (Special) to heapauxi.o(.text) for __use_two_region_memory
    startup_stm32f103xb.o(RESET) refers to startup_stm32f103xb.o(STACK) for __initial_sp
    startup_stm32f103xb.o(RESET) refers to startup_stm32f103xb.o(.text) for Reset_Handler
    startup_stm32f103xb.o(RESET) refers to stm32f1xx_it.o(i.NMI_Handler) for NMI_Handler
    startup_stm32f103xb.o(RESET) refers to stm32f1xx_it.o(i.HardFault_Handler) for HardFault_Handler
    startup_stm32f103xb.o(RESET) refers to stm32f1xx_it.o(i.MemManage_Handler) for MemManage_Handler
    startup_stm32f103xb.o(RESET) refers to stm32f1xx_it.o(i.BusFault_Handler) for BusFault_Handler
    startup_stm32f103xb.o(RESET) refers to stm32f1xx_it.o(i.UsageFault_Handler) for UsageFault_Handler
    startup_stm32f103xb.o(RESET) refers to port.o(.emb_text) for SVC_Handler
    startup_stm32f103xb.o(RESET) refers to stm32f1xx_it.o(i.DebugMon_Handler) for DebugMon_Handler
    startup_stm32f103xb.o(RESET) refers to port.o(i.SysTick_Handler) for SysTick_Handler
    startup_stm32f103xb.o(RESET) refers to stm32f1xx_it.o(i.DMA1_Channel1_IRQHandler) for DMA1_Channel1_IRQHandler
    startup_stm32f103xb.o(RESET) refers to stm32f1xx_it.o(i.ADC1_2_IRQHandler) for ADC1_2_IRQHandler
    startup_stm32f103xb.o(RESET) refers to stm32f1xx_it.o(i.TIM4_IRQHandler) for TIM4_IRQHandler
    startup_stm32f103xb.o(RESET) refers to stm32f1xx_it.o(i.USART2_IRQHandler) for USART2_IRQHandler
    startup_stm32f103xb.o(.text) refers (Special) to heapauxi.o(.text) for __use_two_region_memory
    startup_stm32f103xb.o(.text) refers to system_stm32f1xx.o(i.SystemInit) for SystemInit
    startup_stm32f103xb.o(.text) refers to __main.o(!!!main) for __main
    startup_stm32f103xb.o(.text) refers to startup_stm32f103xb.o(HEAP) for Heap_Mem
    startup_stm32f103xb.o(.text) refers to startup_stm32f103xb.o(STACK) for Stack_Mem
    main.o(i.HAL_TIM_PeriodElapsedCallback) refers to stm32f1xx_hal.o(i.HAL_IncTick) for HAL_IncTick
    main.o(i.Input_DB_GLCD) refers to stm32f1xx_hal_gpio.o(i.HAL_GPIO_Init) for HAL_GPIO_Init
    main.o(i.MX_ADC1_Init) refers to stm32f1xx_hal_adc.o(i.HAL_ADC_Init) for HAL_ADC_Init
    main.o(i.MX_ADC1_Init) refers to main.o(i.Error_Handler) for Error_Handler
    main.o(i.MX_ADC1_Init) refers to stm32f1xx_hal_adc.o(i.HAL_ADC_ConfigChannel) for HAL_ADC_ConfigChannel
    main.o(i.MX_ADC1_Init) refers to main.o(.bss) for hadc1
    main.o(i.MX_CAN_Init) refers to stm32f1xx_hal_can.o(i.HAL_CAN_Init) for HAL_CAN_Init
    main.o(i.MX_CAN_Init) refers to main.o(i.Error_Handler) for Error_Handler
    main.o(i.MX_CAN_Init) refers to main.o(.bss) for hcan
    main.o(i.MX_DMA_Init) refers to stm32f1xx_hal_cortex.o(i.HAL_NVIC_SetPriority) for HAL_NVIC_SetPriority
    main.o(i.MX_DMA_Init) refers to stm32f1xx_hal_cortex.o(i.HAL_NVIC_EnableIRQ) for HAL_NVIC_EnableIRQ
    main.o(i.MX_GPIO_Init) refers to stm32f1xx_hal_gpio.o(i.HAL_GPIO_WritePin) for HAL_GPIO_WritePin
    main.o(i.MX_GPIO_Init) refers to stm32f1xx_hal_gpio.o(i.HAL_GPIO_Init) for HAL_GPIO_Init
    main.o(i.MX_RTC_Init) refers to stm32f1xx_hal_rtc.o(i.HAL_RTC_Init) for HAL_RTC_Init
    main.o(i.MX_RTC_Init) refers to main.o(i.Error_Handler) for Error_Handler
    main.o(i.MX_RTC_Init) refers to stm32f1xx_hal_rtc.o(i.HAL_RTC_SetTime) for HAL_RTC_SetTime
    main.o(i.MX_RTC_Init) refers to stm32f1xx_hal_rtc.o(i.HAL_RTC_SetDate) for HAL_RTC_SetDate
    main.o(i.MX_RTC_Init) refers to main.o(.bss) for hrtc
    main.o(i.MX_SPI1_Init) refers to stm32f1xx_hal_spi.o(i.HAL_SPI_Init) for HAL_SPI_Init
    main.o(i.MX_SPI1_Init) refers to main.o(i.Error_Handler) for Error_Handler
    main.o(i.MX_SPI1_Init) refers to main.o(.bss) for hspi1
    main.o(i.MX_TIM1_Init) refers to stm32f1xx_hal_tim.o(i.HAL_TIM_Base_Init) for HAL_TIM_Base_Init
    main.o(i.MX_TIM1_Init) refers to main.o(i.Error_Handler) for Error_Handler
    main.o(i.MX_TIM1_Init) refers to stm32f1xx_hal_tim.o(i.HAL_TIM_ConfigClockSource) for HAL_TIM_ConfigClockSource
    main.o(i.MX_TIM1_Init) refers to stm32f1xx_hal_tim_ex.o(i.HAL_TIMEx_MasterConfigSynchronization) for HAL_TIMEx_MasterConfigSynchronization
    main.o(i.MX_TIM1_Init) refers to main.o(.bss) for htim1
    main.o(i.MX_TIM2_Init) refers to rt_memclr_w.o(.text) for __aeabi_memclr4
    main.o(i.MX_TIM2_Init) refers to stm32f1xx_hal_tim.o(i.HAL_TIM_Base_Init) for HAL_TIM_Base_Init
    main.o(i.MX_TIM2_Init) refers to main.o(i.Error_Handler) for Error_Handler
    main.o(i.MX_TIM2_Init) refers to stm32f1xx_hal_tim.o(i.HAL_TIM_ConfigClockSource) for HAL_TIM_ConfigClockSource
[...]
    i.vTask_read_keys                        0x08006ae4   Section        0  main.o(i.vTask_read_keys)
    i.xPortStartScheduler                    0x08006b04   Section        0  port.o(i.xPortStartScheduler)
    i.xTaskCreate                            0x08006bfc   Section        0  tasks.o(i.xTaskCreate)
    i.xTaskCreateStatic                      0x08006c60   Section        0  tasks.o(i.xTaskCreateStatic)
    i.xTaskIncrementTick                     0x08006d18   Section        0  tasks.o(i.xTaskIncrementTick)
    i.xTaskResumeAll                         0x08006e60   Section        0  tasks.o(i.xTaskResumeAll)
    .constdata                               0x08006f64   Section    10089  main.o(.constdata)
    .constdata                               0x080096cd   Section       18  stm32f1xx_hal_rcc.o(.constdata)
    aPLLMULFactorTable                       0x080096cd   Data          16  stm32f1xx_hal_rcc.o(.constdata)
    aPredivFactorTable                       0x080096dd   Data           2  stm32f1xx_hal_rcc.o(.constdata)
    .constdata                               0x080096df   Section       18  stm32f1xx_hal_rcc_ex.o(.constdata)
    aPLLMULFactorTable                       0x080096df   Data          16  stm32f1xx_hal_rcc_ex.o(.constdata)
    aPredivFactorTable                       0x080096ef   Data           2  stm32f1xx_hal_rcc_ex.o(.constdata)
    .constdata                               0x080096f1   Section       24  system_stm32f1xx.o(.constdata)
    .constdata                               0x08009709   Section      378  font.o(.constdata)
    .constdata                               0x08009883   Section       23  retarget_io.o(.constdata)
    .data                                    0x20000000   Section        5  main.o(.data)
    .data                                    0x20000008   Section        9  stm32f1xx_hal.o(.data)
    .data                                    0x20000014   Section        4  system_stm32f1xx.o(.data)
    .data                                    0x20000018   Section       35  font.o(.data)
    .data                                    0x2000003b   Section        4  ks0108.o(.data)
    .data                                    0x20000040   Section       60  tasks.o(.data)
    pxDelayedTaskList                        0x20000044   Data           4  tasks.o(.data)
    pxOverflowDelayedTaskList                0x20000048   Data           4  tasks.o(.data)
    uxDeletedTasksWaitingCleanUp             0x2000004c   Data           4  tasks.o(.data)
    uxCurrentNumberOfTasks                   0x20000050   Data           4  tasks.o(.data)
    xTickCount                               0x20000054   Data           4  tasks.o(.data)
    uxTopReadyPriority                       0x20000058   Data           4  tasks.o(.data)
    xSchedulerRunning                        0x2000005c   Data           4  tasks.o(.data)
    uxPendedTicks                            0x20000060   Data           4  tasks.o(.data)
    xYieldPending                            0x20000064   Data           4  tasks.o(.data)
    xNumOfOverflows                          0x20000068   Data           4  tasks.o(.data)
    uxTaskNumber                             0x2000006c   Data           4  tasks.o(.data)
    xNextTaskUnblockTime                     0x20000070   Data           4  tasks.o(.data)
    xIdleTaskHandle                          0x20000074   Data           4  tasks.o(.data)
    uxSchedulerSuspended                     0x20000078   Data           4  tasks.o(.data)
    .data                                    0x2000007c   Section       24  heap_4.o(.data)
    xStart                                   0x2000007c   Data           8  heap_4.o(.data)
    pxEnd                                    0x20000084   Data           4  heap_4.o(.data)
    xFreeBytesRemaining                      0x20000088   Data           4  heap_4.o(.data)
    xMinimumEverFreeBytesRemaining           0x2000008c   Data           4  heap_4.o(.data)
    xBlockAllocatedBit                       0x20000090   Data           4  heap_4.o(.data)
    .data                                    0x20000094   Section       12  port.o(.data)
    uxCriticalNesting                        0x20000094   Data           4  port.o(.data)
    ucMaxSysCallPriority                     0x20000098   Data           1  port.o(.data)
    ulMaxPRIGROUPValue                       0x2000009c   Data           4  port.o(.data)
    .data                                    0x200000a0   Section        4  stdio_streams.o(.data)
    .data                                    0x200000a4   Section        4  stdio_streams.o(.data)
    .data                                    0x200000a8   Section        4  stdio_streams.o(.data)
    .bss                                     0x200000ac   Section      681  main.o(.bss)
    .bss                                     0x20000358   Section      596  freertos.o(.bss)
    xIdleTaskTCBBuffer                       0x20000358   Data          84  freertos.o(.bss)
    xIdleStack                               0x200003ac   Data         512  freertos.o(.bss)
    .bss                                     0x200005ac   Section       72  stm32f1xx_hal_timebase_tim.o(.bss)
    .bss                                     0x200005f4   Section      240  tasks.o(.bss)
    pxReadyTasksLists                        0x200005f4   Data         140  tasks.o(.bss)
    xDelayedTaskList1                        0x20000680   Data          20  tasks.o(.bss)
    xDelayedTaskList2                        0x20000694   Data          20  tasks.o(.bss)
    xPendingReadyList                        0x200006a8   Data          20  tasks.o(.bss)
    xTasksWaitingTermination                 0x200006bc   Data          20  tasks.o(.bss)
    xSuspendedTaskList                       0x200006d0   Data          20  tasks.o(.bss)
    .bss                                     0x200006e4   Section     3072  heap_4.o(.bss)
    ucHeap                                   0x200006e4   Data        3072  heap_4.o(.bss)
    .bss                                     0x200012e4   Section       84  stdio_streams.o(.bss)
    .bss                                     0x20001338   Section       84  stdio_streams.o(.bss)
    .bss                                     0x2000138c   Section       84  stdio_streams.o(.bss)
    .bss                                     0x200013e0   Section       96  libspace.o(.bss)
    HEAP                                     0x20001440   Section      512  startup_stm32f103xb.o(HEAP)
    Heap_Mem                                 0x20001440   Data         512  startup_stm32f103xb.o(HEAP)
    STACK                                    0x20001640   Section     1024  startup_stm32f103xb.o(STACK)
    Stack_Mem                                0x20001640   Data        1024  startup_stm32f103xb.o(STACK)
    __initial_sp                             0x20001a40   Data           0  startup_stm32f103xb.o(STACK)

    Global Symbols

    Symbol Name                              Value     Ov Type        Size  Object(Section)

    BuildAttributes$$THM_ISAv4$P$D$K$B$S$PE$A:L22UL41UL21$X:L11$S22US41US21$IEEE1$IW$USESV6$~STKCKD$USESV7$~SHL$OTIME$ROPI$EBA8$UX$STANDARDLIB$REQ8$PRES8$EABIv2 0x00000000   Number         0  anon$$obj.o ABSOLUTE
    __ARM_use_no_argv                        0x00000000   Number         0  main.o ABSOLUTE
    __ARM_exceptions_init                     - Undefined Weak Reference
    __alloca_initialize                       - Undefined Weak Reference
    __arm_fini_                               - Undefined Weak Reference
    __arm_preinit_                            - Undefined Weak Reference
    __cpp_initialize__aeabi_                  - Undefined Weak Reference
    __cxa_finalize                            - Undefined Weak Reference
    __rt_locale                               - Undefined Weak Reference
    __sigvec_lookup                           - Undefined Weak Reference
    __user_heap_extent                        - Undefined Weak Reference
    _atexit_init                              - Undefined Weak Reference
    _call_atexit_fns                          - Undefined Weak Reference
    _clock_init                               - Undefined Weak Reference
    _fp_trap_init                             - Undefined Weak Reference
    _fp_trap_shutdown                         - Undefined Weak Reference
    _get_lc_collate                           - Undefined Weak Reference
    _get_lc_ctype                             - Undefined Weak Reference
    _get_lc_monetary                          - Undefined Weak Reference
    _get_lc_numeric                           - Undefined Weak Reference
    _get_lc_time                              - Undefined Weak Reference
    _getenv_init                              - Undefined Weak Reference
    _handle_redirection                       - Undefined Weak Reference
    _mutex_acquire                            - Undefined Weak Reference
    _mutex_free                               - Undefined Weak Reference
    _mutex_release                            - Undefined Weak Reference
    _rand_init                                - Undefined Weak Reference
    _signal_finish                            - Undefined Weak Reference
    _signal_init                              - Undefined Weak Reference
    __Vectors_Size                           0x000000ec   Number         0  startup_stm32f103xb.o ABSOLUTE
    __Vectors                                0x08000000   Data           4  startup_stm32f103xb.o(RESET)
    __Vectors_End                            0x080000ec   Data           0  startup_stm32f103xb.o(RESET)
    __main                                   0x080000ed   Thumb Code     8  __main.o(!!!main)
    __scatterload                            0x080000f5   Thumb Code     0  __scatter.o(!!!scatter)
    __scatterload_rt2                        0x080000f5   Thumb Code    44  __scatter.o(!!!scatter)
    __scatterload_rt2_thumb_only             0x080000f5   Thumb Code     0  __scatter.o(!!!scatter)
    __scatterload_null                       0x08000103   Thumb Code     0  __scatter.o(!!!scatter)
    __scatterload_copy                       0x08000129   Thumb Code    26  __scatter_copy.o(!!handler_copy)
    __scatterload_zeroinit                   0x08000145   Thumb Code    28  __scatter_zi.o(!!handler_zi)
    _printf_percent                          0x08000161   Thumb Code     0  _printf_percent.o(.ARM.Collect$$_printf_percent$$00000000)
    _printf_percent_end                      0x08000161   Thumb Code     0  _printf_percent_end.o(.ARM.Collect$$_printf_percent$$00000017)
    __rt_lib_init                            0x08000165   Thumb Code     0  libinit.o(.ARM.Collect$$libinit$$00000000)
    __rt_lib_init_fp_1                       0x08000167   Thumb Code     0  libinit2.o(.ARM.Collect$$libinit$$00000002)
    __rt_lib_init_heap_2                     0x08000167   Thumb Code     0  libinit2.o(.ARM.Collect$$libinit$$00000005)
    __rt_lib_init_preinit_1                  0x08000167   Thumb Code     0  libinit2.o(.ARM.Collect$$libinit$$00000004)
    __rt_lib_init_atexit_1                   0x0800016f   Thumb Code     0  libinit2.o(.ARM.Collect$$libinit$$0000001B)
    __rt_lib_init_clock_1                    0x0800016f   Thumb Code     0  libinit2.o(.ARM.Collect$$libinit$$00000021)
    __rt_lib_init_fp_trap_1                  0x0800016f   Thumb Code     0  libinit2.o(.ARM.Collect$$libinit$$0000001F)
    __rt_lib_init_getenv_1                   0x0800016f   Thumb Code     0  libinit2.o(.ARM.Collect$$libinit$$00000023)
    __rt_lib_init_heap_1                     0x0800016f   Thumb Code     0  libinit2.o(.ARM.Collect$$libinit$$0000000A)
    __rt_lib_init_lc_collate_1               0x0800016f   Thumb Code     0  libinit2.o(.ARM.Collect$$libinit$$00000011)
    __rt_lib_init_lc_ctype_1                 0x0800016f   Thumb Code     0  libinit2.o(.ARM.Collect$$libinit$$00000013)
    __rt_lib_init_lc_monetary_1              0x0800016f   Thumb Code     0  libinit2.o(.ARM.Collect$$libinit$$00000015)
    __rt_lib_init_lc_numeric_1               0x0800016f   Thumb Code     0  libinit2.o(.ARM.Collect$$libinit$$00000017)
    __rt_lib_init_lc_time_1                  0x0800016f   Thumb Code     0  libinit2.o(.ARM.Collect$$libinit$$00000019)
    __rt_lib_init_rand_1                     0x0800016f   Thumb Code     0  libinit2.o(.ARM.Collect$$libinit$$0000000E)
    __rt_lib_init_signal_1                   0x0800016f   Thumb Code     0  libinit2.o(.ARM.Collect$$libinit$$0000001D)
    __rt_lib_init_stdio_2                    0x0800016f   Thumb Code     0  libinit2.o(.ARM.Collect$$libinit$$00000024)
    __rt_lib_init_user_alloc_1               0x0800016f   Thumb Code     0  libinit2.o(.ARM.Collect$$libinit$$0000000C)
    __rt_lib_init_alloca_1                   0x08000173   Thumb Code     0  libinit2.o(.ARM.Collect$$libinit$$0000002E)
    __rt_lib_init_argv_1                     0x08000173   Thumb Code     0  libinit2.o(.ARM.Collect$$libinit$$0000002C)
    __rt_lib_init_cpp_1                      0x08000173   Thumb Code     0  libinit2.o(.ARM.Collect$$libinit$$00000032)
    __rt_lib_init_exceptions_1               0x08000173   Thumb Code     0  libinit2.o(.ARM.Collect$$libinit$$00000030)
    __rt_lib_init_return                     0x08000173   Thumb Code     0  libinit2.o(.ARM.Collect$$libinit$$00000033)
    __rt_lib_init_stdio_1                    0x08000173   Thumb Code     0  libinit2.o(.ARM.Collect$$libinit$$00000025)
    __rt_lib_shutdown                        0x08000175   Thumb Code     0  libshutdown.o(.ARM.Collect$$libshutdown$$00000000)
    __rt_lib_shutdown_cpp_1                  0x08000177   Thumb Code     0  libshutdown2.o(.ARM.Collect$$libshutdown$$00000004)
    __rt_lib_shutdown_fini_1                 0x08000177   Thumb Code     0  libshutdown2.o(.ARM.Collect$$libshutdown$$00000002)
    __rt_lib_shutdown_stdio_2                0x08000177   Thumb Code     0  libshutdown2.o(.ARM.Collect$$libshutdown$$00000005)
    __rt_lib_shutdown_fp_trap_1              0x0800017b   Thumb Code     0  libshutdown2.o(.ARM.Collect$$libshutdown$$00000009)
    __rt_lib_shutdown_heap_1                 0x0800017b   Thumb Code     0  libshutdown2.o(.ARM.Collect$$libshutdown$$00000011)
    __rt_lib_shutdown_return                 0x0800017b   Thumb Code     0  libshutdown2.o(.ARM.Collect$$libshutdown$$00000012)
    __rt_lib_shutdown_signal_1               0x0800017b   Thumb Code     0  libshutdown2.o(.ARM.Collect$$libshutdown$$0000000C)
    __rt_lib_shutdown_stdio_1                0x0800017b   Thumb Code     0  libshutdown2.o(.ARM.Collect$$libshutdown$$00000006)
    __rt_lib_shutdown_user_alloc_1           0x0800017b   Thumb Code     0  libshutdown2.o(.ARM.Collect$$libshutdown$$0000000E)
    __rt_entry                               0x0800017d   Thumb Code     0  __rtentry.o(.ARM.Collect$$rtentry$$00000000)
    __rt_entry_presh_1                       0x0800017d   Thumb Code     0  __rtentry2.o(.ARM.Collect$$rtentry$$00000002)
    __rt_entry_sh                            0x0800017d   Thumb Code     0  __rtentry4.o(.ARM.Collect$$rtentry$$00000004)
    __rt_entry_li                            0x08000183   Thumb Code     0  __rtentry2.o(.ARM.Collect$$rtentry$$0000000A)
    __rt_entry_postsh_1                      0x08000183   Thumb Code     0  __rtentry2.o(.ARM.Collect$$rtentry$$00000009)
    __rt_entry_main                          0x08000187   Thumb Code     0  __rtentry2.o(.ARM.Collect$$rtentry$$0000000D)
    __rt_entry_postli_1                      0x08000187   Thumb Code     0  __rtentry2.o(.ARM.Collect$$rtentry$$0000000C)
    __rt_exit                                0x0800018f   Thumb Code     0  rtexit.o(.ARM.Collect$$rtexit$$00000000)
    __rt_exit_ls                             0x08000191   Thumb Code     0  rtexit2.o(.ARM.Collect$$rtexit$$00000003)
    __rt_exit_prels_1                        0x08000191   Thumb Code     0  rtexit2.o(.ARM.Collect$$rtexit$$00000002)
    __rt_exit_exit                           0x08000195   Thumb Code     0  rtexit2.o(.ARM.Collect$$rtexit$$00000004)
    SVC_Handler                              0x0800019d   Thumb Code    32  port.o(.emb_text)
    __asm___6_port_c_39a90d8d__prvStartFirstTask 0x080001c1   Thumb Code    28  port.o(.emb_text)
    PendSV_Handler                           0x080001e1   Thumb Code    72  port.o(.emb_text)
    vPortGetIPSR                             0x0800022d   Thumb Code     6  port.o(.emb_text)
    Reset_Handler                            0x08000235   Thumb Code     8  startup_stm32f103xb.o(.text)
    _maybe_terminate_alloc                   0x08000235   Thumb Code     0  maybetermalloc1.o(.emb_text)
    CAN1_RX1_IRQHandler                      0x0800024f   Thumb Code     0  startup_stm32f103xb.o(.text)
    CAN1_SCE_IRQHandler                      0x0800024f   Thumb Code     0  startup_stm32f103xb.o(.text)
    DMA1_Channel2_IRQHandler                 0x0800024f   Thumb Code     0  startup_stm32f103xb.o(.text)
    DMA1_Channel3_IRQHandler                 0x0800024f   Thumb Code     0  startup_stm32f103xb.o(.text)
    DMA1_Channel4_IRQHandler                 0x0800024f   Thumb Code     0  startup_stm32f103xb.o(.text)
    DMA1_Channel5_IRQHandler                 0x0800024f   Thumb Code     0  startup_stm32f103xb.o(.text)
    DMA1_Channel6_IRQHandler                 0x0800024f   Thumb Code     0  startup_stm32f103xb.o(.text)
    DMA1_Channel7_IRQHandler                 0x0800024f   Thumb Code     0  startup_stm32f103xb.o(.text)
    EXTI0_IRQHandler                         0x0800024f   Thumb Code     0  startup_stm32f103xb.o(.text)
    EXTI15_10_IRQHandler                     0x0800024f   Thumb Code     0  startup_stm32f103xb.o(.text)
    EXTI1_IRQHandler                         0x0800024f   Thumb Code     0  startup_stm32f103xb.o(.text)
    EXTI2_IRQHandler                         0x0800024f   Thumb Code     0  startup_stm32f103xb.o(.text)
    EXTI3_IRQHandler                         0x0800024f   Thumb Code     0  startup_stm32f103xb.o(.text)
    EXTI4_IRQHandler                         0x0800024f   Thumb Code     0  startup_stm32f103xb.o(.text)
    EXTI9_5_IRQHandler                       0x0800024f   Thumb Code     0  startup_stm32f103xb.o(.text)
    FLASH_IRQHandler                         0x0800024f   Thumb Code     0  startup_stm32f103xb.o(.text)
    I2C1_ER_IRQHandler                       0x0800024f   Thumb Code     0  startup_stm32f103xb.o(.text)
    I2C1_EV_IRQHandler                       0x0800024f   Thumb Code     0  startup_stm32f103xb.o(.text)
    I2C2_ER_IRQHandler                       0x0800024f   Thumb Code     0  startup_stm32f103xb.o(.text)
    I2C2_EV_IRQHandler                       0x0800024f   Thumb Code     0  startup_stm32f103xb.o(.text)
    PVD_IRQHandler                           0x0800024f   Thumb Code     0  startup_stm32f103xb.o(.text)
    RCC_IRQHandler                           0x0800024f   Thumb Code     0  startup_stm32f103xb.o(.text)
    RTC_Alarm_IRQHandler                     0x0800024f   Thumb Code     0  startup_stm32f103xb.o(.text)
    RTC_IRQHandler                           0x0800024f   Thumb Code     0  startup_stm32f103xb.o(.text)
    SPI1_IRQHandler                          0x0800024f   Thumb Code     0  startup_stm32f103xb.o(.text)
    SPI2_IRQHandler                          0x0800024f   Thumb Code     0  startup_stm32f103xb.o(.text)
    TAMPER_IRQHandler                        0x0800024f   Thumb Code     0  startup_stm32f103xb.o(.text)
    TIM1_BRK_IRQHandler                      0x0800024f   Thumb Code     0  startup_stm32f103xb.o(.text)
    TIM1_CC_IRQHandler                       0x0800024f   Thumb Code     0  startup_stm32f103xb.o(.text)
    TIM1_TRG_COM_IRQHandler                  0x0800024f   Thumb Code     0  startup_stm32f103xb.o(.text)
    TIM1_UP_IRQHandler                       0x0800024f   Thumb Code     0  startup_stm32f103xb.o(.text)
    TIM2_IRQHandler                          0x0800024f   Thumb Code     0  startup_stm32f103xb.o(.text)
    TIM3_IRQHandler                          0x0800024f   Thumb Code     0  startup_stm32f103xb.o(.text)
    USART1_IRQHandler                        0x0800024f   Thumb Code     0  startup_stm32f103xb.o(.text)
    USART3_IRQHandler                        0x0800024f   Thumb Code     0  startup_stm32f103xb.o(.text)
    USBWakeUp_IRQHandler                     0x0800024f   Thumb Code     0  startup_stm32f103xb.o(.text)
    USB_HP_CAN1_TX_IRQHandler                0x0800024f   Thumb Code     0  startup_stm32f103xb.o(.text)
    USB_LP_CAN1_RX0_IRQHandler               0x0800024f   Thumb Code     0  startup_stm32f103xb.o(.text)
    WWDG_IRQHandler                          0x0800024f   Thumb Code     0  startup_stm32f103xb.o(.text)
    __user_initial_stackheap                 0x08000251   Thumb Code     0  startup_stm32f103xb.o(.text)
    __2printf                                0x08000275   Thumb Code    20  noretval__2printf.o(.text)
    __printf                                 0x0800028d   Thumb Code   104  __printf.o(.text)
    __aeabi_memclr4                          0x080002f5   Thumb Code     0  rt_memclr_w.o(.text)
    __aeabi_memclr8                          0x080002f5   Thumb Code     0  rt_memclr_w.o(.text)
    __rt_memclr_w                            0x080002f5   Thumb Code    78  rt_memclr_w.o(.text)
    _memset_w                                0x080002f9   Thumb Code     0  rt_memclr_w.o(.text)
    strcmp                                   0x08000345   Thumb Code   128  strcmpv7m.o(.text)
    __use_two_region_memory                  0x080003c5   Thumb Code     2  heapauxi.o(.text)
    __rt_heap_escrow                         0x080003c7   Thumb Code     2  heapauxi.o(.text)
    __rt_heap_expand                         0x080003c9   Thumb Code     2  heapauxi.o(.text)
    _printf_char_file                        0x080003cd   Thumb Code    32  _printf_char_file.o(.text)
    _printf_char_common                      0x080003fb   Thumb Code    32  _printf_char_common.o(.text)
    ferror                                   0x08000421   Thumb Code     8  ferror.o(.text)
    _initio                                  0x08000429   Thumb Code   210  initio.o(.text)
    _terminateio                             0x080004fb   Thumb Code    56  initio.o(.text)
    __user_setup_stackheap                   0x08000561   Thumb Code    74  sys_stackheap_outer.o(.text)
    free                                     0x080005ab   Thumb Code    78  h1_free.o(.text)
    __flsbuf                                 0x080005f9   Thumb Code   470  flsbuf.o(.text)
    __flsbuf_byte                            0x080005f9   Thumb Code     0  flsbuf.o(.text)
    __flsbuf_wide                            0x080005f9   Thumb Code     0  flsbuf.o(.text)
    setvbuf                                  0x080007cf   Thumb Code    70  setvbuf.o(.text)
    freopen                                  0x08000815   Thumb Code   158  fopen.o(.text)
    fopen                                    0x080008b3   Thumb Code    74  fopen.o(.text)
    _fclose_internal                         0x08000901   Thumb Code    76  fclose.o(.text)
    fclose                                   0x08000901   Thumb Code     0  fclose.o(.text)
    exit                                     0x0800094d   Thumb Code    18  exit.o(.text)
    __rt_SIGRTRED                            0x0800095f   Thumb Code    14  defsig_rtred_outer.o(.text)
    __user_libspace                          0x0800096d   Thumb Code     8  libspace.o(.text)
    __user_perproc_libspace                  0x0800096d   Thumb Code     0  libspace.o(.text)
    __user_perthread_libspace                0x0800096d   Thumb Code     0  libspace.o(.text)
    __rt_heap_descriptor                     0x08000975   Thumb Code     8  rt_heap_descriptor_intlibspace.o(.text)
    __use_no_heap                            0x0800097d   Thumb Code     2  hguard.o(.text)
    __heap$guard                             0x0800097f   Thumb Code     2  hguard.o(.text)
    _terminate_user_alloc                    0x08000981   Thumb Code     2  init_alloc.o(.text)
    _init_user_alloc                         0x08000983   Thumb Code     2  init_alloc.o(.text)
    __Heap_Full                              0x08000985   Thumb Code    34  init_alloc.o(.text)
    __Heap_Broken                            0x080009a7   Thumb Code     6  init_alloc.o(.text)
    _init_alloc                              0x080009ad   Thumb Code    94  init_alloc.o(.text)
    malloc                                   0x08000a0b   Thumb Code    94  h1_alloc.o(.text)
    _fseek                                   0x08000a69   Thumb Code   242  fseek.o(.text)
    fseek                                    0x08000a69   Thumb Code     0  fseek.o(.text)
    _seterr                                  0x08000b61   Thumb Code    20  stdio.o(.text)
    _writebuf                                0x08000b75   Thumb Code    84  stdio.o(.text)
    _fflush                                  0x08000bc9   Thumb Code    70  stdio.o(.text)
    _deferredlazyseek                        0x08000c0f   Thumb Code    60  stdio.o(.text)
    __sig_exit                               0x08000c51   Thumb Code    10  defsig_exit.o(.text)
    __rt_SIGRTRED_inner                      0x08000c5d   Thumb Code    14  defsig_rtred_inner.o(.text)
    _sys_exit                                0x08000c91   Thumb Code     8  sys_exit.o(.text)
    __Heap_Initialize                        0x08000c9d   Thumb Code    10  h1_init.o(.text)
    __Heap_DescSize                          0x08000ca7   Thumb Code     4  h1_init.o(.text)
    __Heap_ProvideMemory                     0x08000cab   Thumb Code    52  h1_extend.o(.text)
    _ftell_internal                          0x08000cdf   Thumb Code    66  ftell.o(.text)
    ftell                                    0x08000cdf   Thumb Code     0  ftell.o(.text)
    __default_signal_display                 0x08000d21   Thumb Code    50  defsig_general.o(.text)
    __rt_SIGRTMEM                            0x08000d53   Thumb Code    14  defsig_rtmem_outer.o(.text)
    _ttywrch                                 0x08000d61   Thumb Code    14  sys_wrch.o(.text)
    __I$use$semihosting                      0x08000d6f   Thumb Code     0  use_no_semi.o(.text)
    __use_no_semihosting_swi                 0x08000d6f   Thumb Code     2  use_no_semi.o(.text)
    __aeabi_errno_addr                       0x08000d71   Thumb Code     8  rt_errno_addr_intlibspace.o(.text)
    __errno$intlibspace                      0x08000d71   Thumb Code     0  rt_errno_addr_intlibspace.o(.text)
    __rt_errno_addr$intlibspace              0x08000d71   Thumb Code     0  rt_errno_addr_intlibspace.o(.text)
    __semihosting_library_function           0x08000d71   Thumb Code     0  indicate_semi.o(.text)
    __rt_SIGRTMEM_inner                      0x08000d79   Thumb Code    22  defsig_rtmem_inner.o(.text)
    ADC1_2_IRQHandler                        0x08000dc9   Thumb Code    10  stm32f1xx_it.o(i.ADC1_2_IRQHandler)
    ADC_ConversionStop_Disable               0x08000dd9   Thumb Code    92  stm32f1xx_hal_adc.o(i.ADC_ConversionStop_Disable)
    Bit_Is_Set                               0x08000e35   Thumb Code    18  font.o(i.Bit_Is_Set)
    BusFault_Handler                         0x08000e47   Thumb Code     4  stm32f1xx_it.o(i.BusFault_Handler)
    CalcTextWidth                            0x08000e4d   Thumb Code    26  font.o(i.CalcTextWidth)
    CalcTextWidthEN                          0x08000e6d   Thumb Code   140  font.o(i.CalcTextWidthEN)
    CalcTextWidthPE                          0x08000f19   Thumb Code   906  font.o(i.CalcTextWidthPE)
    DMA1_Channel1_IRQHandler                 0x080012d1   Thumb Code    10  stm32f1xx_it.o(i.DMA1_Channel1_IRQHandler)
    DebugMon_Handler                         0x080012e1   Thumb Code     2  stm32f1xx_it.o(i.DebugMon_Handler)
    Enable                                   0x080012e5   Thumb Code    38  ks0108.o(i.Enable)
    Error_Handler                            0x08001311   Thumb Code     6  main.o(i.Error_Handler)
    HAL_ADCEx_InjectedConvCpltCallback       0x08001317   Thumb Code     2  stm32f1xx_hal_adc_ex.o(i.HAL_ADCEx_InjectedConvCpltCallback)
    HAL_ADC_ConfigChannel                    0x08001319   Thumb Code   338  stm32f1xx_hal_adc.o(i.HAL_ADC_ConfigChannel)
    HAL_ADC_ConvCpltCallback                 0x08001479   Thumb Code     2  stm32f1xx_hal_adc.o(i.HAL_ADC_ConvCpltCallback)
    HAL_ADC_IRQHandler                       0x0800147b   Thumb Code   274  stm32f1xx_hal_adc.o(i.HAL_ADC_IRQHandler)
    HAL_ADC_Init                             0x0800158d   Thumb Code   314  stm32f1xx_hal_adc.o(i.HAL_ADC_Init)
    HAL_ADC_LevelOutOfWindowCallback         0x080016d1   Thumb Code     2  stm32f1xx_hal_adc.o(i.HAL_ADC_LevelOutOfWindowCallback)
    HAL_ADC_MspInit                          0x080016d5   Thumb Code   168  stm32f1xx_hal_msp.o(i.HAL_ADC_MspInit)
    HAL_CAN_Init                             0x08001791   Thumb Code   372  stm32f1xx_hal_can.o(i.HAL_CAN_Init)
    HAL_CAN_MspInit                          0x08001905   Thumb Code   122  stm32f1xx_hal_msp.o(i.HAL_CAN_MspInit)
    HAL_DMA_Abort                            0x0800198d   Thumb Code    86  stm32f1xx_hal_dma.o(i.HAL_DMA_Abort)
    HAL_DMA_Abort_IT                         0x080019e5   Thumb Code   172  stm32f1xx_hal_dma.o(i.HAL_DMA_Abort_IT)
    HAL_DMA_IRQHandler                       0x08001a95   Thumb Code   408  stm32f1xx_hal_dma.o(i.HAL_DMA_IRQHandler)
    HAL_DMA_Init                             0x08001c31   Thumb Code   100  stm32f1xx_hal_dma.o(i.HAL_DMA_Init)
    HAL_Delay                                0x08001c99   Thumb Code    36  stm32f1xx_hal.o(i.HAL_Delay)
    HAL_GPIO_Init                            0x08001cc1   Thumb Code   766  stm32f1xx_hal_gpio.o(i.HAL_GPIO_Init)
    HAL_GPIO_ReadPin                         0x08001fe1   Thumb Code    16  stm32f1xx_hal_gpio.o(i.HAL_GPIO_ReadPin)
    HAL_GPIO_TogglePin                       0x08001ff1   Thumb Code    20  stm32f1xx_hal_gpio.o(i.HAL_GPIO_TogglePin)
    HAL_GPIO_WritePin                        0x08002005   Thumb Code    12  stm32f1xx_hal_gpio.o(i.HAL_GPIO_WritePin)
    HAL_GetTick                              0x08002011   Thumb Code     6  stm32f1xx_hal.o(i.HAL_GetTick)
    HAL_IncTick                              0x0800201d   Thumb Code    16  stm32f1xx_hal.o(i.HAL_IncTick)
    HAL_Init                                 0x08002035   Thumb Code    34  stm32f1xx_hal.o(i.HAL_Init)
    HAL_InitTick                             0x0800205d   Thumb Code   158  stm32f1xx_hal_timebase_tim.o(i.HAL_InitTick)
    HAL_MspInit                              0x08002111   Thumb Code    86  stm32f1xx_hal_msp.o(i.HAL_MspInit)
    HAL_NVIC_EnableIRQ                       0x08002171   Thumb Code    32  stm32f1xx_hal_cortex.o(i.HAL_NVIC_EnableIRQ)
    HAL_NVIC_SetPriority                     0x08002191   Thumb Code   124  stm32f1xx_hal_cortex.o(i.HAL_NVIC_SetPriority)
    HAL_NVIC_SetPriorityGrouping             0x0800220d   Thumb Code    32  stm32f1xx_hal_cortex.o(i.HAL_NVIC_SetPriorityGrouping)
    HAL_PWR_EnableBkUpAccess                 0x08002235   Thumb Code     8  stm32f1xx_hal_pwr.o(i.HAL_PWR_EnableBkUpAccess)
    HAL_RCCEx_GetPeriphCLKFreq               0x08002241   Thumb Code   232  stm32f1xx_hal_rcc_ex.o(i.HAL_RCCEx_GetPeriphCLKFreq)
    HAL_RCCEx_PeriphCLKConfig                0x0800233d   Thumb Code   290  stm32f1xx_hal_rcc_ex.o(i.HAL_RCCEx_PeriphCLKConfig)
    HAL_RCC_ClockConfig                      0x0800246d   Thumb Code   376  stm32f1xx_hal_rcc.o(i.HAL_RCC_ClockConfig)
    HAL_RCC_GetClockConfig                   0x080025f9   Thumb Code    58  stm32f1xx_hal_rcc.o(i.HAL_RCC_GetClockConfig)
    HAL_RCC_GetHCLKFreq                      0x0800263d   Thumb Code     6  stm32f1xx_hal_rcc.o(i.HAL_RCC_GetHCLKFreq)
    HAL_RCC_GetPCLK1Freq                     0x08002649   Thumb Code    22  stm32f1xx_hal_rcc.o(i.HAL_RCC_GetPCLK1Freq)
    HAL_RCC_GetPCLK2Freq                     0x08002669   Thumb Code    22  stm32f1xx_hal_rcc.o(i.HAL_RCC_GetPCLK2Freq)
    HAL_RCC_GetSysClockFreq                  0x08002689   Thumb Code    92  stm32f1xx_hal_rcc.o(i.HAL_RCC_GetSysClockFreq)
    HAL_RCC_OscConfig                        0x080026f9   Thumb Code  1114  stm32f1xx_hal_rcc.o(i.HAL_RCC_OscConfig)
    HAL_RTC_Init                             0x08002b5d   Thumb Code   188  stm32f1xx_hal_rtc.o(i.HAL_RTC_Init)
    HAL_RTC_MspInit                          0x08002c1d   Thumb Code    52  stm32f1xx_hal_msp.o(i.HAL_RTC_MspInit)
    HAL_RTC_SetDate                          0x08002c5d   Thumb Code   242  stm32f1xx_hal_rtc.o(i.HAL_RTC_SetDate)
    HAL_RTC_SetTime                          0x08002d55   Thumb Code   214  stm32f1xx_hal_rtc.o(i.HAL_RTC_SetTime)
    HAL_RTC_WaitForSynchro                   0x08002e31   Thumb Code    64  stm32f1xx_hal_rtc.o(i.HAL_RTC_WaitForSynchro)
    HAL_SPI_Init                             0x08002e71   Thumb Code   190  stm32f1xx_hal_spi.o(i.HAL_SPI_Init)
    HAL_SPI_MspInit                          0x08002f31   Thumb Code   120  stm32f1xx_hal_msp.o(i.HAL_SPI_MspInit)
    HAL_TIMEx_BreakCallback                  0x08002fb5   Thumb Code     2  stm32f1xx_hal_tim_ex.o(i.HAL_TIMEx_BreakCallback)
    HAL_TIMEx_CommutCallback                 0x08002fb7   Thumb Code     2  stm32f1xx_hal_tim_ex.o(i.HAL_TIMEx_CommutCallback)
    HAL_TIMEx_MasterConfigSynchronization    0x08002fb9   Thumb Code   118  stm32f1xx_hal_tim_ex.o(i.HAL_TIMEx_MasterConfigSynchronization)
    HAL_TIM_Base_Init                        0x0800303d   Thumb Code   102  stm32f1xx_hal_tim.o(i.HAL_TIM_Base_Init)
    HAL_TIM_Base_MspInit                     0x080030a5   Thumb Code    76  stm32f1xx_hal_msp.o(i.HAL_TIM_Base_MspInit)
    HAL_TIM_Base_Start_IT                    0x080030f9   Thumb Code   106  stm32f1xx_hal_tim.o(i.HAL_TIM_Base_Start_IT)
    HAL_TIM_ConfigClockSource                0x08003171   Thumb Code   268  stm32f1xx_hal_tim.o(i.HAL_TIM_ConfigClockSource)
    HAL_TIM_IC_CaptureCallback               0x0800327d   Thumb Code     2  stm32f1xx_hal_tim.o(i.HAL_TIM_IC_CaptureCallback)
    HAL_TIM_IRQHandler                       0x0800327f   Thumb Code   406  stm32f1xx_hal_tim.o(i.HAL_TIM_IRQHandler)
    HAL_TIM_OC_DelayElapsedCallback          0x08003415   Thumb Code     2  stm32f1xx_hal_tim.o(i.HAL_TIM_OC_DelayElapsedCallback)
    HAL_TIM_PWM_ConfigChannel                0x08003417   Thumb Code   260  stm32f1xx_hal_tim.o(i.HAL_TIM_PWM_ConfigChannel)
    HAL_TIM_PWM_Init                         0x0800351b   Thumb Code   102  stm32f1xx_hal_tim.o(i.HAL_TIM_PWM_Init)
    HAL_TIM_PWM_MspInit                      0x08003581   Thumb Code     2  stm32f1xx_hal_tim.o(i.HAL_TIM_PWM_MspInit)
    HAL_TIM_PWM_PulseFinishedCallback        0x08003583   Thumb Code     2  stm32f1xx_hal_tim.o(i.HAL_TIM_PWM_PulseFinishedCallback)
    HAL_TIM_PeriodElapsedCallback            0x08003585   Thumb Code    18  main.o(i.HAL_TIM_PeriodElapsedCallback)
    HAL_TIM_TriggerCallback                  0x0800359d   Thumb Code     2  stm32f1xx_hal_tim.o(i.HAL_TIM_TriggerCallback)
    HAL_UARTEx_RxEventCallback               0x0800359f   Thumb Code     2  stm32f1xx_hal_uart.o(i.HAL_UARTEx_RxEventCallback)
    HAL_UART_ErrorCallback                   0x080035a1   Thumb Code     2  stm32f1xx_hal_uart.o(i.HAL_UART_ErrorCallback)
    HAL_UART_IRQHandler                      0x080035a5   Thumb Code   736  stm32f1xx_hal_uart.o(i.HAL_UART_IRQHandler)
    HAL_UART_Init                            0x08003889   Thumb Code   118  stm32f1xx_hal_uart.o(i.HAL_UART_Init)
    HAL_UART_MspInit                         0x08003901   Thumb Code   344  stm32f1xx_hal_msp.o(i.HAL_UART_MspInit)
    HAL_UART_RxCpltCallback                  0x08003a71   Thumb Code     2  stm32f1xx_hal_uart.o(i.HAL_UART_RxCpltCallback)
    HAL_UART_TxCpltCallback                  0x08003a73   Thumb Code     2  stm32f1xx_hal_uart.o(i.HAL_UART_TxCpltCallback)
    HardFault_Handler                        0x08003a75   Thumb Code     4  stm32f1xx_it.o(i.HardFault_Handler)
    ITM_SendChar                             0x08003a79   Thumb Code    42  retarget_io.o(i.ITM_SendChar)
    Input_DB_GLCD                            0x08003aa9   Thumb Code    22  main.o(i.Input_DB_GLCD)
    KS108_CLS                                0x08003ac5   Thumb Code    36  ks0108.o(i.KS108_CLS)
    KS108_ClearPage                          0x08003ae9   Thumb Code    36  ks0108.o(i.KS108_ClearPage)
    KS108_DoReadData                         0x08003b0d   Thumb Code   198  ks0108.o(i.KS108_DoReadData)
    KS108_DrawBitmap                         0x08003be1   Thumb Code   302  ks0108.o(i.KS108_DrawBitmap)
    KS108_FillRect                           0x08003d0f   Thumb Code   244  ks0108.o(i.KS108_FillRect)
    KS108_GotoXY                             0x08003e05   Thumb Code   130  ks0108.o(i.KS108_GotoXY)
    KS108_Init                               0x08003e8d   Thumb Code   108  ks0108.o(i.KS108_Init)
    KS108_Init_Port                          0x08003f05   Thumb Code    86  ks0108.o(i.KS108_Init_Port)
    KS108_InvertRect                         0x08003f61   Thumb Code   270  ks0108.o(i.KS108_InvertRect)
    KS108_ReadData                           0x0800406f   Thumb Code    16  ks0108.o(i.KS108_ReadData)
    KS108_SetDot                             0x0800407f   Thumb Code    98  ks0108.o(i.KS108_SetDot)
    KS108_WriteCommand                       0x080040e1   Thumb Code    90  ks0108.o(i.KS108_WriteCommand)
    KS108_WriteData                          0x08004141   Thumb Code   368  ks0108.o(i.KS108_WriteData)
    KS108_delay450ns                         0x080042bd   Thumb Code    24  ks0108.o(i.KS108_delay450ns)
    LcdFont                                  0x080042d5   Thumb Code    70  font.o(i.LcdFont)
    MemManage_Handler                        0x08004765   Thumb Code     4  stm32f1xx_it.o(i.MemManage_Handler)
    NMI_Handler                              0x08004769   Thumb Code     4  stm32f1xx_it.o(i.NMI_Handler)
    Output_DB_GLCD                           0x0800476d   Thumb Code    24  main.o(i.Output_DB_GLCD)
    PutCharEN                                0x08004789   Thumb Code   746  font.o(i.PutCharEN)
    PutCharPE                                0x08004ac1   Thumb Code   690  font.o(i.PutCharPE)
    PutText                                  0x08004dc1   Thumb Code   182  font.o(i.PutText)
    Puts                                     0x08004e91   Thumb Code    42  font.o(i.Puts)
    PutsPE                                   0x08004ec1   Thumb Code   510  font.o(i.PutsPE)
    Read_DB_GLCD                             0x080052b1   Thumb Code   190  main.o(i.Read_DB_GLCD)
    Rectangle                                0x08005379   Thumb Code   100  graphic.o(i.Rectangle)
    RoundRectangle                           0x080053dd   Thumb Code   748  graphic.o(i.RoundRectangle)
    SetLetter                                0x080056c9   Thumb Code    24  font.o(i.SetLetter)
    SysTick_Handler                          0x080056e9   Thumb Code    46  port.o(i.SysTick_Handler)
    SystemClock_Config                       0x0800571d   Thumb Code   138  main.o(i.SystemClock_Config)
    SystemInit                               0x080057a7   Thumb Code     2  system_stm32f1xx.o(i.SystemInit)
    TIM4_IRQHandler                          0x080057a9   Thumb Code    10  stm32f1xx_it.o(i.TIM4_IRQHandler)
    TIM_Base_SetConfig                       0x080057b9   Thumb Code   104  stm32f1xx_hal_tim.o(i.TIM_Base_SetConfig)
    TIM_ETR_SetConfig                        0x0800582d   Thumb Code    22  stm32f1xx_hal_tim.o(i.TIM_ETR_SetConfig)
    TIM_OC2_SetConfig                        0x080058b5   Thumb Code   100  stm32f1xx_hal_tim.o(i.TIM_OC2_SetConfig)
    TextBox                                  0x08005a1d   Thumb Code   346  font.o(i.TextBox)
    USART2_IRQHandler                        0x08005e7d   Thumb Code    10  stm32f1xx_it.o(i.USART2_IRQHandler)
    UsageFault_Handler                       0x08005e8d   Thumb Code     4  stm32f1xx_it.o(i.UsageFault_Handler)
    Write_DB_GLCD                            0x08005e91   Thumb Code    26  main.o(i.Write_DB_GLCD)
    _delay_us                                0x08005ee9   Thumb Code    20  main.o(i._delay_us)
    _sys_close                               0x08005efd   Thumb Code    38  retarget_io.o(i._sys_close)
    _sys_flen                                0x08005f23   Thumb Code    36  retarget_io.o(i._sys_flen)
    _sys_istty                               0x08005f47   Thumb Code    36  retarget_io.o(i._sys_istty)
    _sys_open                                0x08005f6d   Thumb Code    80  retarget_io.o(i._sys_open)
    _sys_seek                                0x08005fd5   Thumb Code    44  retarget_io.o(i._sys_seek)
    _sys_write                               0x08006001   Thumb Code    70  retarget_io.o(i._sys_write)
    fputc                                    0x08006047   Thumb Code    26  fputc.o(i.fputc)
    main                                     0x08006061   Thumb Code   294  main.o(i.main)
    pvPortMalloc                             0x080065b9   Thumb Code   296  heap_4.o(i.pvPortMalloc)
    pxPortInitialiseStack                    0x080066f5   Thumb Code    30  port.o(i.pxPortInitialiseStack)
    uxListRemove                             0x08006725   Thumb Code    40  list.o(i.uxListRemove)
    vApplicationGetIdleTaskMemory            0x0800674d   Thumb Code    14  freertos.o(i.vApplicationGetIdleTaskMemory)
    vListInitialise                          0x08006765   Thumb Code    26  list.o(i.vListInitialise)
    vListInitialiseItem                      0x0800677f   Thumb Code     6  list.o(i.vListInitialiseItem)
    vListInsertEnd                           0x08006785   Thumb Code    24  list.o(i.vListInsertEnd)
    vPortEnterCritical                       0x0800679d   Thumb Code    76  port.o(i.vPortEnterCritical)
    vPortExitCritical                        0x080067f1   Thumb Code    56  port.o(i.vPortExitCritical)
    vPortFree                                0x0800682d   Thumb Code   140  heap_4.o(i.vPortFree)
    vPortSetupTimerInterrupt                 0x080068c1   Thumb Code    36  port.o(i.vPortSetupTimerInterrupt)
    vTaskStartScheduler                      0x080068e9   Thumb Code   146  tasks.o(i.vTaskStartScheduler)
    vTaskSuspendAll                          0x08006999   Thumb Code    12  tasks.o(i.vTaskSuspendAll)
    vTaskSwitchContext                       0x080069a9   Thumb Code   118  tasks.o(i.vTaskSwitchContext)
    vTask_item_selector                      0x08006a35   Thumb Code    18  main.o(i.vTask_item_selector)
    vTask_menu                               0x08006a49   Thumb Code   120  main.o(i.vTask_menu)
    vTask_read_keys                          0x08006ae5   Thumb Code    16  main.o(i.vTask_read_keys)
    xPortStartScheduler                      0x08006b05   Thumb Code   228  port.o(i.xPortStartScheduler)
    xTaskCreate                              0x08006bfd   Thumb Code   100  tasks.o(i.xTaskCreate)
    xTaskCreateStatic                        0x08006c61   Thumb Code   184  tasks.o(i.xTaskCreateStatic)
    xTaskIncrementTick                       0x08006d19   Thumb Code   282  tasks.o(i.xTaskIncrementTick)
    xTaskResumeAll                           0x08006e61   Thumb Code   224  tasks.o(i.xTaskResumeAll)
    f5x7                                     0x08006f64   Data         522  main.o(.constdata)
    AF9x10                                   0x0800716e   Data        1982  main.o(.constdata)
    AF12x16                                  0x0800792c   Data        3716  main.o(.constdata)
    f10x20                                   0x080087b0   Data        2842  main.o(.constdata)
    Logo                                     0x080092ca   Data        1027  main.o(.constdata)
    AHBPrescTable                            0x080096f1   Data          16  system_stm32f1xx.o(.constdata)
    APBPrescTable                            0x08009701   Data           8  system_stm32f1xx.o(.constdata)
    PEmap                                    0x08009709   Data         378  font.o(.constdata)
    __stdin_name                             0x08009883   Data           7  retarget_io.o(.constdata)
    __stdout_name                            0x0800988a   Data           8  retarget_io.o(.constdata)
    __stderr_name                            0x08009892   Data           8  retarget_io.o(.constdata)
    Region$$Table$$Base                      0x0800989c   Number         0  anon$$obj.o(Region$$Table)
    Region$$Table$$Limit                     0x080098bc   Number         0  anon$$obj.o(Region$$Table)
    defaultTaskHandle                        0x20000000   Data           4  main.o(.data)
    Data                                     0x20000004   Data           1  main.o(.data)
    uwTick                                   0x20000008   Data           4  stm32f1xx_hal.o(.data)
    uwTickPrio                               0x2000000c   Data           4  stm32f1xx_hal.o(.data)
    uwTickFreq                               0x20000010   Data           1  stm32f1xx_hal.o(.data)
    SystemCoreClock                          0x20000014   Data           4  system_stm32f1xx.o(.data)
    FontPointer                              0x20000018   Data           4  font.o(.data)
    rot                                      0x2000001c   Data           1  font.o(.data)
    Reverse                                  0x2000001d   Data           1  font.o(.data)
    Horizontal                               0x2000001e   Data           1  font.o(.data)
    FgColor                                  0x20000020   Data           2  font.o(.data)
    BkColor                                  0x20000022   Data           2  font.o(.data)
    FontFixed                                0x20000024   Data           1  font.o(.data)
    NonTransparence                          0x20000025   Data           1  font.o(.data)
    fontSize                                 0x20000026   Data           2  font.o(.data)
    firstchar                                0x20000028   Data           1  font.o(.data)
    lastchar                                 0x20000029   Data           1  font.o(.data)
    charwidth                                0x2000002a   Data           1  font.o(.data)
    FontWidth                                0x2000002b   Data           1  font.o(.data)
    FontHeight                               0x2000002c   Data           1  font.o(.data)
    FontXScale                               0x2000002d   Data           1  font.o(.data)
    FontYScale                               0x2000002e   Data           1  font.o(.data)
    FontSpace                                0x2000002f   Data           1  font.o(.data)
    cursorX                                  0x20000030   Data           4  font.o(.data)
    cursorY                                  0x20000034   Data           4  font.o(.data)
    peLETTER                                 0x20000038   Data           1  font.o(.data)
    prevLet                                  0x20000039   Data           1  font.o(.data)
    nextLet                                  0x2000003a   Data           1  font.o(.data)
    KS108_Coord                              0x2000003b   Data           3  ks0108.o(.data)
    Inverted                                 0x2000003e   Data           1  ks0108.o(.data)
    pxCurrentTCB                             0x20000040   Data           4  tasks.o(.data)
    __aeabi_stdin                            0x200000a0   Data           4  stdio_streams.o(.data)
    __aeabi_stdout                           0x200000a4   Data           4  stdio_streams.o(.data)
    __aeabi_stderr                           0x200000a8   Data           4  stdio_streams.o(.data)
    hadc1                                    0x200000ac   Data          48  main.o(.bss)
    hdma_adc1                                0x200000dc   Data          68  main.o(.bss)
    hcan                                     0x20000120   Data          40  main.o(.bss)
    hrtc                                     0x20000148   Data          20  main.o(.bss)
    hspi1                                    0x2000015c   Data          88  main.o(.bss)
    htim1                                    0x200001b4   Data          72  main.o(.bss)
    htim2                                    0x200001fc   Data          72  main.o(.bss)
    huart1                                   0x20000244   Data          72  main.o(.bss)
    huart2                                   0x2000028c   Data          72  main.o(.bss)
    huart3                                   0x200002d4   Data          72  main.o(.bss)
    data                                     0x2000031c   Data          37  main.o(.bss)
    Ctemp                                    0x20000341   Data          20  main.o(.bss)
    htim4                                    0x200005ac   Data          72  stm32f1xx_hal_timebase_tim.o(.bss)
    __stdin                                  0x200012e4   Data          84  stdio_streams.o(.bss)
    __stdout                                 0x20001338   Data          84  stdio_streams.o(.bss)
    __stderr                                 0x2000138c   Data          84  stdio_streams.o(.bss)
    __libspace_start                         0x200013e0   Data          96  libspace.o(.bss)
    __temporary_stack_top$libspace           0x20001440   Data           0  libspace.o(.bss)



==============================================================================

Memory Map of the image

  Image Entry point : 0x080000ed

  Load Region LR_IROM1 (Base: 0x08000000, Size: 0x00009968, Max: 0x00010000, ABSOLUTE)

    Execution Region ER_IROM1 (Exec base: 0x08000000, Load base: 0x08000000, Size: 0x000098bc, Max: 0x00010000, ABSOLUTE)

    Exec Addr    Load Addr    Size         Type   Attr      Idx    E Section Name        Object

    0x08000000   0x08000000   0x000000ec   Data   RO            3    RESET               startup_stm32f103xb.o
    0x080000ec   0x080000ec   0x00000008   Code   RO         5882  * !!!main             c_w.l(__main.o)
    0x080000f4   0x080000f4   0x00000034   Code   RO         6224    !!!scatter          c_w.l(__scatter.o)
    0x08000128   0x08000128   0x0000001a   Code   RO         6226    !!handler_copy      c_w.l(__scatter_copy.o)
    0x08000142   0x08000142   0x00000002   PAD
    0x08000144   0x08000144   0x0000001c   Code   RO         6228    !!handler_zi        c_w.l(__scatter_zi.o)
    0x08000160   0x08000160   0x00000000   Code   RO         5871    .ARM.Collect$$_printf_percent$$00000000  c_w.l(_printf_percent.o)
    0x08000160   0x08000160   0x00000004   Code   RO         5887    .ARM.Collect$$_printf_percent$$00000017  c_w.l(_printf_percent_end.o)
    0x08000164   0x08000164   0x00000002   Code   RO         6015    .ARM.Collect$$libinit$$00000000  c_w.l(libinit.o)
    0x08000166   0x08000166   0x00000000   Code   RO         6017    .ARM.Collect$$libinit$$00000002  c_w.l(libinit2.o)
    0x08000166   0x08000166   0x00000000   Code   RO         6019    .ARM.Collect$$libinit$$00000004  c_w.l(libinit2.o)
    0x08000166   0x08000166   0x00000008   Code   RO         6020    .ARM.Collect$$libinit$$00000005  c_w.l(libinit2.o)
    0x0800016e   0x0800016e   0x00000000   Code   RO         6022    .ARM.Collect$$libinit$$0000000A  c_w.l(libinit2.o)
    0x0800016e   0x0800016e   0x00000000   Code   RO         6024    .ARM.Collect$$libinit$$0000000C  c_w.l(libinit2.o)
    0x0800016e   0x0800016e   0x00000000   Code   RO         6026    .ARM.Collect$$libinit$$0000000E  c_w.l(libinit2.o)
    0x0800016e   0x0800016e   0x00000000   Code   RO         6029    .ARM.Collect$$libinit$$00000011  c_w.l(libinit2.o)
    0x0800016e   0x0800016e   0x00000000   Code   RO         6031    .ARM.Collect$$libinit$$00000013  c_w.l(libinit2.o)
    0x0800016e   0x0800016e   0x00000000   Code   RO         6033    .ARM.Collect$$libinit$$00000015  c_w.l(libinit2.o)
    0x0800016e   0x0800016e   0x00000000   Code   RO         6035    .ARM.Collect$$libinit$$00000017  c_w.l(libinit2.o)
    0x0800016e   0x0800016e   0x00000000   Code   RO         6037    .ARM.Collect$$libinit$$00000019  c_w.l(libinit2.o)
    0x0800016e   0x0800016e   0x00000000   Code   RO         6039    .ARM.Collect$$libinit$$0000001B  c_w.l(libinit2.o)
    0x0800016e   0x0800016e   0x00000000   Code   RO         6041    .ARM.Collect$$libinit$$0000001D  c_w.l(libinit2.o)
    0x0800016e   0x0800016e   0x00000000   Code   RO         6043    .ARM.Collect$$libinit$$0000001F  c_w.l(libinit2.o)
    0x0800016e   0x0800016e   0x00000000   Code   RO         6045    .ARM.Collect$$libinit$$00000021  c_w.l(libinit2.o)
    0x0800016e   0x0800016e   0x00000000   Code   RO         6047    .ARM.Collect$$libinit$$00000023  c_w.l(libinit2.o)
    0x0800016e   0x0800016e   0x00000004   Code   RO         6048    .ARM.Collect$$libinit$$00000024  c_w.l(libinit2.o)
    0x08000172   0x08000172   0x00000000   Code   RO         6049    .ARM.Collect$$libinit$$00000025  c_w.l(libinit2.o)
    0x08000172   0x08000172   0x00000000   Code   RO         6053    .ARM.Collect$$libinit$$0000002C  c_w.l(libinit2.o)
    0x08000172   0x08000172   0x00000000   Code   RO         6055    .ARM.Collect$$libinit$$0000002E  c_w.l(libinit2.o)
    0x08000172   0x08000172   0x00000000   Code   RO         6057    .ARM.Collect$$libinit$$00000030  c_w.l(libinit2.o)
    0x08000172   0x08000172   0x00000000   Code   RO         6059    .ARM.Collect$$libinit$$00000032  c_w.l(libinit2.o)
    0x08000172   0x08000172   0x00000002   Code   RO         6060    .ARM.Collect$$libinit$$00000033  c_w.l(libinit2.o)
    0x08000174   0x08000174   0x00000002   Code   RO         6203    .ARM.Collect$$libshutdown$$00000000  c_w.l(libshutdown.o)
    0x08000176   0x08000176   0x00000000   Code   RO         6062    .ARM.Collect$$libshutdown$$00000002  c_w.l(libshutdown2.o)
    0x08000176   0x08000176   0x00000000   Code   RO         6064    .ARM.Collect$$libshutdown$$00000004  c_w.l(libshutdown2.o)
    0x08000176   0x08000176   0x00000004   Code   RO         6065    .ARM.Collect$$libshutdown$$00000005  c_w.l(libshutdown2.o)
    0x0800017a   0x0800017a   0x00000000   Code   RO         6066    .ARM.Collect$$libshutdown$$00000006  c_w.l(libshutdown2.o)
    0x0800017a   0x0800017a   0x00000000   Code   RO         6069    .ARM.Collect$$libshutdown$$00000009  c_w.l(libshutdown2.o)
    0x0800017a   0x0800017a   0x00000000   Code   RO         6072    .ARM.Collect$$libshutdown$$0000000C  c_w.l(libshutdown2.o)
    0x0800017a   0x0800017a   0x00000000   Code   RO         6074    .ARM.Collect$$libshutdown$$0000000E  c_w.l(libshutdown2.o)
    0x0800017a   0x0800017a   0x00000000   Code   RO         6077    .ARM.Collect$$libshutdown$$00000011  c_w.l(libshutdown2.o)
    0x0800017a   0x0800017a   0x00000002   Code   RO         6078    .ARM.Collect$$libshutdown$$00000012  c_w.l(libshutdown2.o)
    0x0800017c   0x0800017c   0x00000000   Code   RO         5884    .ARM.Collect$$rtentry$$00000000  c_w.l(__rtentry.o)
    0x0800017c   0x0800017c   0x00000000   Code   RO         5899    .ARM.Collect$$rtentry$$00000002  c_w.l(__rtentry2.o)
    0x0800017c   0x0800017c   0x00000006   Code   RO         5911    .ARM.Collect$$rtentry$$00000004  c_w.l(__rtentry4.o)
    0x08000182   0x08000182   0x00000000   Code   RO         5901    .ARM.Collect$$rtentry$$00000009  c_w.l(__rtentry2.o)
    0x08000182   0x08000182   0x00000004   Code   RO         5902    .ARM.Collect$$rtentry$$0000000A  c_w.l(__rtentry2.o)
    0x08000186   0x08000186   0x00000000   Code   RO         5904    .ARM.Collect$$rtentry$$0000000C  c_w.l(__rtentry2.o)
    0x08000186   0x08000186   0x00000008   Code   RO         5905    .ARM.Collect$$rtentry$$0000000D  c_w.l(__rtentry2.o)
    0x0800018e   0x0800018e   0x00000002   Code   RO         6084    .ARM.Collect$$rtexit$$00000000  c_w.l(rtexit.o)
    0x08000190   0x08000190   0x00000000   Code   RO         6138    .ARM.Collect$$rtexit$$00000002  c_w.l(rtexit2.o)
    0x08000190   0x08000190   0x00000004   Code   RO         6139    .ARM.Collect$$rtexit$$00000003  c_w.l(rtexit2.o)
    0x08000194   0x08000194   0x00000006   Code   RO         6140    .ARM.Collect$$rtexit$$00000004  c_w.l(rtexit2.o)
    0x0800019a   0x0800019a   0x00000002   PAD
    0x0800019c   0x0800019c   0x00000096   Code   RO         5679    .emb_text           port.o
    0x08000232   0x08000232   0x00000002   PAD
    0x08000234   0x08000234   0x00000000   Code   RO         6144    .emb_text           c_w.l(maybetermalloc1.o)
    0x08000234   0x08000234   0x00000040   Code   RO            4    .text               startup_stm32f103xb.o
    0x08000274   0x08000274   0x00000018   Code   RO         5847    .text               c_w.l(noretval__2printf.o)
    0x0800028c   0x0800028c   0x00000068   Code   RO         5849    .text               c_w.l(__printf.o)
    0x080002f4   0x080002f4   0x0000004e   Code   RO         5876    .text               c_w.l(rt_memclr_w.o)
    0x08000342   0x08000342   0x00000002   PAD
    0x08000344   0x08000344   0x00000080   Code   RO         5878    .text               c_w.l(strcmpv7m.o)
    0x080003c4   0x080003c4   0x00000006   Code   RO         5880    .text               c_w.l(heapauxi.o)
    0x080003ca   0x080003ca   0x00000002   PAD
    0x080003cc   0x080003cc   0x00000024   Code   RO         5885    .text               c_w.l(_printf_char_file.o)
    0x080003f0   0x080003f0   0x00000030   Code   RO         5913    .text               c_w.l(_printf_char_common.o)
    0x08000420   0x08000420   0x00000008   Code   RO         5915    .text               c_w.l(ferror.o)
    0x08000428   0x08000428   0x00000138   Code   RO         5921    .text               c_w.l(initio.o)
    0x08000560   0x08000560   0x0000004a   Code   RO         5931    .text               c_w.l(sys_stackheap_outer.o)
    0x080005aa   0x080005aa   0x0000004e   Code   RO         5935    .text               c_w.l(h1_free.o)
    0x080005f8   0x080005f8   0x000001d6   Code   RO         5991    .text               c_w.l(flsbuf.o)
    0x080007ce   0x080007ce   0x00000046   Code   RO         5993    .text               c_w.l(setvbuf.o)
    0x08000814   0x08000814   0x000000ec   Code   RO         5996    .text               c_w.l(fopen.o)
    0x08000900   0x08000900   0x0000004c   Code   RO         5998    .text               c_w.l(fclose.o)
    0x0800094c   0x0800094c   0x00000012   Code   RO         6004    .text               c_w.l(exit.o)
    0x0800095e   0x0800095e   0x0000000e   Code   RO         6006    .text               c_w.l(defsig_rtred_outer.o)
    0x0800096c   0x0800096c   0x00000008   Code   RO         6081    .text               c_w.l(libspace.o)
    0x08000974   0x08000974   0x00000008   Code   RO         6091    .text               c_w.l(rt_heap_descriptor_intlibspace.o)
    0x0800097c   0x0800097c   0x00000004   Code   RO         6093    .text               c_w.l(hguard.o)
    0x08000980   0x08000980   0x0000008a   Code   RO         6095    .text               c_w.l(init_alloc.o)
    0x08000a0a   0x08000a0a   0x0000005e   Code   RO         6101    .text               c_w.l(h1_alloc.o)
    0x08000a68   0x08000a68   0x000000f8   Code   RO         6117    .text               c_w.l(fseek.o)
    0x08000b60   0x08000b60   0x000000f0   Code   RO         6119    .text               c_w.l(stdio.o)
    0x08000c50   0x08000c50   0x0000000a   Code   RO         6125    .text               c_w.l(defsig_exit.o)
    0x08000c5a   0x08000c5a   0x00000002   PAD
    0x08000c5c   0x08000c5c   0x00000034   Code   RO         6127    .text               c_w.l(defsig_rtred_inner.o)
    0x08000c90   0x08000c90   0x0000000c   Code   RO         6135    .text               c_w.l(sys_exit.o)
    0x08000c9c   0x08000c9c   0x0000000e   Code   RO         6146    .text               c_w.l(h1_init.o)
    0x08000caa   0x08000caa   0x00000034   Code   RO         6148    .text               c_w.l(h1_extend.o)
    0x08000cde   0x08000cde   0x00000042   Code   RO         6158    .text               c_w.l(ftell.o)
    0x08000d20   0x08000d20   0x00000032   Code   RO         6166    .text               c_w.l(defsig_general.o)
    0x08000d52   0x08000d52   0x0000000e   Code   RO         6168    .text               c_w.l(defsig_rtmem_outer.o)
    0x08000d60   0x08000d60   0x0000000e   Code   RO         6181    .text               c_w.l(sys_wrch.o)
    0x08000d6e   0x08000d6e   0x00000002   Code   RO         6185    .text               c_w.l(use_no_semi.o)
    0x08000d70   0x08000d70   0x00000000   Code   RO         6187    .text               c_w.l(indicate_semi.o)
    0x08000d70   0x08000d70   0x00000008   Code   RO         6191    .text               c_w.l(rt_errno_addr_intlibspace.o)
    0x08000d78   0x08000d78   0x00000050   Code   RO         6197    .text               c_w.l(defsig_rtmem_inner.o)
    0x08000dc8   0x08000dc8   0x00000010   Code   RO          386    i.ADC1_2_IRQHandler  stm32f1xx_it.o
    0x08000dd8   0x08000dd8   0x0000005c   Code   RO          640    i.ADC_ConversionStop_Disable  stm32f1xx_hal_adc.o
    0x08000e34   0x08000e34   0x00000012   Code   RO         4151    i.Bit_Is_Set        font.o
    0x08000e46   0x08000e46   0x00000004   Code   RO          387    i.BusFault_Handler  stm32f1xx_it.o
    0x08000e4a   0x08000e4a   0x00000002   PAD
    0x08000e4c   0x08000e4c   0x00000020   Code   RO         4153    i.CalcTextWidth     font.o
    0x08000e6c   0x08000e6c   0x000000ac   Code   RO         4154    i.CalcTextWidthEN   font.o
    0x08000f18   0x08000f18   0x000003b8   Code   RO         4155    i.CalcTextWidthPE   font.o
    0x080012d0   0x080012d0   0x00000010   Code   RO          388    i.DMA1_Channel1_IRQHandler  stm32f1xx_it.o
    0x080012e0   0x080012e0   0x00000002   Code   RO          389    i.DebugMon_Handler  stm32f1xx_it.o
    0x080012e2   0x080012e2   0x00000002   PAD
    0x080012e4   0x080012e4   0x0000002c   Code   RO         4299    i.Enable            ks0108.o
    0x08001310   0x08001310   0x00000006   Code   RO           13    i.Error_Handler     main.o
    0x08001316   0x08001316   0x00000002   Code   RO          822    i.HAL_ADCEx_InjectedConvCpltCallback  stm32f1xx_hal_adc_ex.o
    0x08001318   0x08001318   0x00000160   Code   RO          646    i.HAL_ADC_ConfigChannel  stm32f1xx_hal_adc.o
    0x08001478   0x08001478   0x00000002   Code   RO          647    i.HAL_ADC_ConvCpltCallback  stm32f1xx_hal_adc.o
    0x0800147a   0x0800147a   0x00000112   Code   RO          654    i.HAL_ADC_IRQHandler  stm32f1xx_hal_adc.o
    0x0800158c   0x0800158c   0x00000144   Code   RO          655    i.HAL_ADC_Init      stm32f1xx_hal_adc.o
    0x080016d0   0x080016d0   0x00000002   Code   RO          656    i.HAL_ADC_LevelOutOfWindowCallback  stm32f1xx_hal_adc.o
    0x080016d2   0x080016d2   0x00000002   PAD
    0x080016d4   0x080016d4   0x000000bc   Code   RO          469    i.HAL_ADC_MspInit   stm32f1xx_hal_msp.o
    0x08001790   0x08001790   0x00000174   Code   RO         1938    i.HAL_CAN_Init      stm32f1xx_hal_can.o
    0x08001904   0x08001904   0x00000088   Code   RO          471    i.HAL_CAN_MspInit   stm32f1xx_hal_msp.o
    0x0800198c   0x0800198c   0x00000056   Code   RO         1302    i.HAL_DMA_Abort     stm32f1xx_hal_dma.o
    0x080019e2   0x080019e2   0x00000002   PAD
    0x080019e4   0x080019e4   0x000000b0   Code   RO         1303    i.HAL_DMA_Abort_IT  stm32f1xx_hal_dma.o
    0x08001a94   0x08001a94   0x0000019c   Code   RO         1307    i.HAL_DMA_IRQHandler  stm32f1xx_hal_dma.o
    0x08001c30   0x08001c30   0x00000068   Code   RO         1308    i.HAL_DMA_Init      stm32f1xx_hal_dma.o
    0x08001c98   0x08001c98   0x00000028   Code   RO          923    i.HAL_Delay         stm32f1xx_hal.o
    0x08001cc0   0x08001cc0   0x00000320   Code   RO         1238    i.HAL_GPIO_Init     stm32f1xx_hal_gpio.o
    0x08001fe0   0x08001fe0   0x00000010   Code   RO         1240    i.HAL_GPIO_ReadPin  stm32f1xx_hal_gpio.o
    0x08001ff0   0x08001ff0   0x00000014   Code   RO         1241    i.HAL_GPIO_TogglePin  stm32f1xx_hal_gpio.o
    0x08002004   0x08002004   0x0000000c   Code   RO         1242    i.HAL_GPIO_WritePin  stm32f1xx_hal_gpio.o
    0x08002010   0x08002010   0x0000000c   Code   RO          927    i.HAL_GetTick       stm32f1xx_hal.o
    0x0800201c   0x0800201c   0x00000018   Code   RO          933    i.HAL_IncTick       stm32f1xx_hal.o
    0x08002034   0x08002034   0x00000028   Code   RO          934    i.HAL_Init          stm32f1xx_hal.o
    0x0800205c   0x0800205c   0x000000b4   Code   RO          565    i.HAL_InitTick      stm32f1xx_hal_timebase_tim.o
    0x08002110   0x08002110   0x00000060   Code   RO          472    i.HAL_MspInit       stm32f1xx_hal_msp.o
    0x08002170   0x08002170   0x00000020   Code   RO         1398    i.HAL_NVIC_EnableIRQ  stm32f1xx_hal_cortex.o
    0x08002190   0x08002190   0x0000007c   Code   RO         1404    i.HAL_NVIC_SetPriority  stm32f1xx_hal_cortex.o
    0x0800220c   0x0800220c   0x00000028   Code   RO         1405    i.HAL_NVIC_SetPriorityGrouping  stm32f1xx_hal_cortex.o
    0x08002234   0x08002234   0x0000000c   Code   RO         1525    i.HAL_PWR_EnableBkUpAccess  stm32f1xx_hal_pwr.o
    0x08002240   0x08002240   0x000000fc   Code   RO         1199    i.HAL_RCCEx_GetPeriphCLKFreq  stm32f1xx_hal_rcc_ex.o
    0x0800233c   0x0800233c   0x00000130   Code   RO         1200    i.HAL_RCCEx_PeriphCLKConfig  stm32f1xx_hal_rcc_ex.o
    0x0800246c   0x0800246c   0x0000018c   Code   RO         1091    i.HAL_RCC_ClockConfig  stm32f1xx_hal_rcc.o
    0x080025f8   0x080025f8   0x00000044   Code   RO         1095    i.HAL_RCC_GetClockConfig  stm32f1xx_hal_rcc.o
    0x0800263c   0x0800263c   0x0000000c   Code   RO         1096    i.HAL_RCC_GetHCLKFreq  stm32f1xx_hal_rcc.o
    0x08002648   0x08002648   0x00000020   Code   RO         1098    i.HAL_RCC_GetPCLK1Freq  stm32f1xx_hal_rcc.o
    0x08002668   0x08002668   0x00000020   Code   RO         1099    i.HAL_RCC_GetPCLK2Freq  stm32f1xx_hal_rcc.o
    0x08002688   0x08002688   0x00000070   Code   RO         1100    i.HAL_RCC_GetSysClockFreq  stm32f1xx_hal_rcc.o
    0x080026f8   0x080026f8   0x00000464   Code   RO         1103    i.HAL_RCC_OscConfig  stm32f1xx_hal_rcc.o
    0x08002b5c   0x08002b5c   0x000000c0   Code   RO         2166    i.HAL_RTC_Init      stm32f1xx_hal_rtc.o
    0x08002c1c   0x08002c1c   0x00000040   Code   RO          474    i.HAL_RTC_MspInit   stm32f1xx_hal_msp.o
    0x08002c5c   0x08002c5c   0x000000f8   Code   RO         2172    i.HAL_RTC_SetDate   stm32f1xx_hal_rtc.o
    0x08002d54   0x08002d54   0x000000dc   Code   RO         2173    i.HAL_RTC_SetTime   stm32f1xx_hal_rtc.o
    0x08002e30   0x08002e30   0x00000040   Code   RO         2174    i.HAL_RTC_WaitForSynchro  stm32f1xx_hal_rtc.o
    0x08002e70   0x08002e70   0x000000be   Code   RO         2446    i.HAL_SPI_Init      stm32f1xx_hal_spi.o
    0x08002f2e   0x08002f2e   0x00000002   PAD
    0x08002f30   0x08002f30   0x00000084   Code   RO          476    i.HAL_SPI_MspInit   stm32f1xx_hal_msp.o
    0x08002fb4   0x08002fb4   0x00000002   Code   RO         3474    i.HAL_TIMEx_BreakCallback  stm32f1xx_hal_tim_ex.o
    0x08002fb6   0x08002fb6   0x00000002   Code   RO         3475    i.HAL_TIMEx_CommutCallback  stm32f1xx_hal_tim_ex.o
    0x08002fb8   0x08002fb8   0x00000084   Code   RO         3493    i.HAL_TIMEx_MasterConfigSynchronization  stm32f1xx_hal_tim_ex.o
    0x0800303c   0x0800303c   0x00000066   Code   RO         2759    i.HAL_TIM_Base_Init  stm32f1xx_hal_tim.o
    0x080030a2   0x080030a2   0x00000002   PAD
    0x080030a4   0x080030a4   0x00000054   Code   RO          478    i.HAL_TIM_Base_MspInit  stm32f1xx_hal_msp.o
    0x080030f8   0x080030f8   0x00000078   Code   RO         2764    i.HAL_TIM_Base_Start_IT  stm32f1xx_hal_tim.o
    0x08003170   0x08003170   0x0000010c   Code   RO         2768    i.HAL_TIM_ConfigClockSource  stm32f1xx_hal_tim.o
    0x0800327c   0x0800327c   0x00000002   Code   RO         2793    i.HAL_TIM_IC_CaptureCallback  stm32f1xx_hal_tim.o
    0x0800327e   0x0800327e   0x00000196   Code   RO         2807    i.HAL_TIM_IRQHandler  stm32f1xx_hal_tim.o
    0x08003414   0x08003414   0x00000002   Code   RO         2810    i.HAL_TIM_OC_DelayElapsedCallback  stm32f1xx_hal_tim.o
    0x08003416   0x08003416   0x00000104   Code   RO         2831    i.HAL_TIM_PWM_ConfigChannel  stm32f1xx_hal_tim.o
    0x0800351a   0x0800351a   0x00000066   Code   RO         2834    i.HAL_TIM_PWM_Init  stm32f1xx_hal_tim.o
    0x08003580   0x08003580   0x00000002   Code   RO         2836    i.HAL_TIM_PWM_MspInit  stm32f1xx_hal_tim.o
    0x08003582   0x08003582   0x00000002   Code   RO         2837    i.HAL_TIM_PWM_PulseFinishedCallback  stm32f1xx_hal_tim.o
    0x08003584   0x08003584   0x00000018   Code   RO           14    i.HAL_TIM_PeriodElapsedCallback  main.o
    0x0800359c   0x0800359c   0x00000002   Code   RO         2850    i.HAL_TIM_TriggerCallback  stm32f1xx_hal_tim.o
    0x0800359e   0x0800359e   0x00000002   Code   RO         3753    i.HAL_UARTEx_RxEventCallback  stm32f1xx_hal_uart.o
    0x080035a0   0x080035a0   0x00000002   Code   RO         3767    i.HAL_UART_ErrorCallback  stm32f1xx_hal_uart.o
    0x080035a2   0x080035a2   0x00000002   PAD
    0x080035a4   0x080035a4   0x000002e4   Code   RO         3770    i.HAL_UART_IRQHandler  stm32f1xx_hal_uart.o
    0x08003888   0x08003888   0x00000076   Code   RO         3771    i.HAL_UART_Init     stm32f1xx_hal_uart.o
    0x080038fe   0x080038fe   0x00000002   PAD
    0x08003900   0x08003900   0x00000170   Code   RO          480    i.HAL_UART_MspInit  stm32f1xx_hal_msp.o
    0x08003a70   0x08003a70   0x00000002   Code   RO         3777    i.HAL_UART_RxCpltCallback  stm32f1xx_hal_uart.o
    0x08003a72   0x08003a72   0x00000002   Code   RO         3782    i.HAL_UART_TxCpltCallback  stm32f1xx_hal_uart.o
    0x08003a74   0x08003a74   0x00000004   Code   RO          390    i.HardFault_Handler  stm32f1xx_it.o
    0x08003a78   0x08003a78   0x00000030   Code   RO         5757    i.ITM_SendChar      retarget_io.o
    0x08003aa8   0x08003aa8   0x0000001c   Code   RO           15    i.Input_DB_GLCD     main.o
    0x08003ac4   0x08003ac4   0x00000024   Code   RO         4301    i.KS108_CLS         ks0108.o
    0x08003ae8   0x08003ae8   0x00000024   Code   RO         4302    i.KS108_ClearPage   ks0108.o
    0x08003b0c   0x08003b0c   0x000000d4   Code   RO         4303    i.KS108_DoReadData  ks0108.o
    0x08003be0   0x08003be0   0x0000012e   Code   RO         4304    i.KS108_DrawBitmap  ks0108.o
    0x08003d0e   0x08003d0e   0x000000f4   Code   RO         4305    i.KS108_FillRect    ks0108.o
    0x08003e02   0x08003e02   0x00000002   PAD
    0x08003e04   0x08003e04   0x00000088   Code   RO         4306    i.KS108_GotoXY      ks0108.o
    0x08003e8c   0x08003e8c   0x00000078   Code   RO         4307    i.KS108_Init        ks0108.o
    0x08003f04   0x08003f04   0x0000005c   Code   RO         4308    i.KS108_Init_Port   ks0108.o
    0x08003f60   0x08003f60   0x0000010e   Code   RO         4309    i.KS108_InvertRect  ks0108.o
    0x0800406e   0x0800406e   0x00000010   Code   RO         4310    i.KS108_ReadData    ks0108.o
    0x0800407e   0x0800407e   0x00000062   Code   RO         4311    i.KS108_SetDot      ks0108.o
    0x080040e0   0x080040e0   0x00000060   Code   RO         4313    i.KS108_WriteCommand  ks0108.o
    0x08004140   0x08004140   0x0000017c   Code   RO         4314    i.KS108_WriteData   ks0108.o
    0x080042bc   0x080042bc   0x00000018   Code   RO         4315    i.KS108_delay450ns  ks0108.o
    0x080042d4   0x080042d4   0x00000060   Code   RO         4156    i.LcdFont           font.o
    0x08004334   0x08004334   0x0000005c   Code   RO           16    i.MX_ADC1_Init      main.o
    0x08004390   0x08004390   0x00000038   Code   RO           17    i.MX_CAN_Init       main.o
    0x080043c8   0x080043c8   0x00000034   Code   RO           18    i.MX_DMA_Init       main.o
    0x080043fc   0x080043fc   0x00000100   Code   RO           19    i.MX_GPIO_Init      main.o
    0x080044fc   0x080044fc   0x00000070   Code   RO           20    i.MX_RTC_Init       main.o
    0x0800456c   0x0800456c   0x00000044   Code   RO           21    i.MX_SPI1_Init      main.o
    0x080045b0   0x080045b0   0x00000070   Code   RO           22    i.MX_TIM1_Init      main.o
    0x08004620   0x08004620   0x0000009c   Code   RO           23    i.MX_TIM2_Init      main.o
    0x080046bc   0x080046bc   0x00000038   Code   RO           24    i.MX_USART1_UART_Init  main.o
    0x080046f4   0x080046f4   0x00000038   Code   RO           25    i.MX_USART2_UART_Init  main.o
    0x0800472c   0x0800472c   0x00000038   Code   RO           26    i.MX_USART3_UART_Init  main.o
    0x08004764   0x08004764   0x00000004   Code   RO          391    i.MemManage_Handler  stm32f1xx_it.o
    0x08004768   0x08004768   0x00000004   Code   RO          392    i.NMI_Handler       stm32f1xx_it.o
    0x0800476c   0x0800476c   0x0000001c   Code   RO           27    i.Output_DB_GLCD    main.o
    0x08004788   0x08004788   0x00000338   Code   RO         4159    i.PutCharEN         font.o
    0x08004ac0   0x08004ac0   0x00000300   Code   RO         4160    i.PutCharPE         font.o
    0x08004dc0   0x08004dc0   0x000000d0   Code   RO         4163    i.PutText           font.o
    0x08004e90   0x08004e90   0x00000030   Code   RO         4164    i.Puts              font.o
    0x08004ec0   0x08004ec0   0x00000210   Code   RO         4165    i.PutsPE            font.o
    0x080050d0   0x080050d0   0x00000028   Code   RO         1104    i.RCC_Delay         stm32f1xx_hal_rcc.o
    0x080050f8   0x080050f8   0x00000016   Code   RO         2175    i.RTC_Bcd2ToByte    stm32f1xx_hal_rtc.o
    0x0800510e   0x0800510e   0x0000003a   Code   RO         2178    i.RTC_EnterInitMode  stm32f1xx_hal_rtc.o
    0x08005148   0x08005148   0x0000003a   Code   RO         2179    i.RTC_ExitInitMode  stm32f1xx_hal_rtc.o
    0x08005182   0x08005182   0x00000018   Code   RO         2181    i.RTC_ReadAlarmCounter  stm32f1xx_hal_rtc.o
    0x0800519a   0x0800519a   0x00000034   Code   RO         2182    i.RTC_ReadTimeCounter  stm32f1xx_hal_rtc.o
    0x080051ce   0x080051ce   0x00000084   Code   RO         2183    i.RTC_WeekDayNum    stm32f1xx_hal_rtc.o
    0x08005252   0x08005252   0x0000002e   Code   RO         2184    i.RTC_WriteAlarmCounter  stm32f1xx_hal_rtc.o
    0x08005280   0x08005280   0x0000002e   Code   RO         2185    i.RTC_WriteTimeCounter  stm32f1xx_hal_rtc.o
    0x080052ae   0x080052ae   0x00000002   PAD
    0x080052b0   0x080052b0   0x000000c8   Code   RO           28    i.Read_DB_GLCD      main.o
    0x08005378   0x08005378   0x00000064   Code   RO         4437    i.Rectangle         graphic.o
    0x080053dc   0x080053dc   0x000002ec   Code   RO         4438    i.RoundRectangle    graphic.o
    0x080056c8   0x080056c8   0x00000020   Code   RO         4166    i.SetLetter         font.o
    0x080056e8   0x080056e8   0x00000034   Code   RO         5680    i.SysTick_Handler   port.o
    0x0800571c   0x0800571c   0x0000008a   Code   RO           30    i.SystemClock_Config  main.o
    0x080057a6   0x080057a6   0x00000002   Code   RO         4115    i.SystemInit        system_stm32f1xx.o
    0x080057a8   0x080057a8   0x00000010   Code   RO          393    i.TIM4_IRQHandler   stm32f1xx_it.o
    0x080057b8   0x080057b8   0x00000074   Code   RO         2852    i.TIM_Base_SetConfig  stm32f1xx_hal_tim.o
    0x0800582c   0x0800582c   0x00000016   Code   RO         2863    i.TIM_ETR_SetConfig  stm32f1xx_hal_tim.o
    0x08005842   0x08005842   0x00000012   Code   RO         2864    i.TIM_ITRx_SetConfig  stm32f1xx_hal_tim.o
    0x08005854   0x08005854   0x00000060   Code   RO         2865    i.TIM_OC1_SetConfig  stm32f1xx_hal_tim.o
    0x080058b4   0x080058b4   0x00000068   Code   RO         2866    i.TIM_OC2_SetConfig  stm32f1xx_hal_tim.o
    0x0800591c   0x0800591c   0x00000068   Code   RO         2867    i.TIM_OC3_SetConfig  stm32f1xx_hal_tim.o
    0x08005984   0x08005984   0x00000048   Code   RO         2868    i.TIM_OC4_SetConfig  stm32f1xx_hal_tim.o
    0x080059cc   0x080059cc   0x00000026   Code   RO         2870    i.TIM_TI1_ConfigInputStage  stm32f1xx_hal_tim.o
    0x080059f2   0x080059f2   0x00000028   Code   RO         2872    i.TIM_TI2_ConfigInputStage  stm32f1xx_hal_tim.o
    0x08005a1a   0x08005a1a   0x00000002   PAD
    0x08005a1c   0x08005a1c   0x00000168   Code   RO         4168    i.TextBox           font.o
    0x08005b84   0x08005b84   0x00000014   Code   RO         3784    i.UART_DMAAbortOnError  stm32f1xx_hal_uart.o
    0x08005b98   0x08005b98   0x0000006c   Code   RO         3794    i.UART_EndRxTransfer  stm32f1xx_hal_uart.o
    0x08005c04   0x08005c04   0x00000020   Code   RO         3795    i.UART_EndTransmit_IT  stm32f1xx_hal_uart.o
    0x08005c24   0x08005c24   0x000000fc   Code   RO         3797    i.UART_Receive_IT   stm32f1xx_hal_uart.o
    0x08005d20   0x08005d20   0x000000fc   Code   RO         3798    i.UART_SetConfig    stm32f1xx_hal_uart.o
    0x08005e1c   0x08005e1c   0x00000060   Code   RO         3801    i.UART_Transmit_IT  stm32f1xx_hal_uart.o
    0x08005e7c   0x08005e7c   0x00000010   Code   RO          394    i.USART2_IRQHandler  stm32f1xx_it.o
    0x08005e8c   0x08005e8c   0x00000004   Code   RO          395    i.UsageFault_Handler  stm32f1xx_it.o
    0x08005e90   0x08005e90   0x00000020   Code   RO           31    i.Write_DB_GLCD     main.o
    0x08005eb0   0x08005eb0   0x00000010   Code   RO         1411    i.__NVIC_GetPriorityGrouping  stm32f1xx_hal_cortex.o
    0x08005ec0   0x08005ec0   0x00000028   Code   RO         1412    i.__NVIC_SetPriority  stm32f1xx_hal_cortex.o
    0x08005ee8   0x08005ee8   0x00000014   Code   RO           32    i._delay_us         main.o
    0x08005efc   0x08005efc   0x00000026   Code   RO         5758    i._sys_close        retarget_io.o
    0x08005f22   0x08005f22   0x00000024   Code   RO         5759    i._sys_flen         retarget_io.o
    0x08005f46   0x08005f46   0x00000024   Code   RO         5760    i._sys_istty        retarget_io.o
    0x08005f6a   0x08005f6a   0x00000002   PAD
    0x08005f6c   0x08005f6c   0x00000068   Code   RO         5761    i._sys_open         retarget_io.o
    0x08005fd4   0x08005fd4   0x0000002c   Code   RO         5763    i._sys_seek         retarget_io.o
    0x08006000   0x08006000   0x00000046   Code   RO         5764    i._sys_write        retarget_io.o
    0x08006046   0x08006046   0x0000001a   Code   RO         5918    i.fputc             c_w.l(fputc.o)
    0x08006060   0x08006060   0x00000178   Code   RO           33    i.main              main.o
    0x080061d8   0x080061d8   0x000000b4   Code   RO         4938    i.prvAddNewTaskToReadyList  tasks.o
    0x0800628c   0x0800628c   0x00000048   Code   RO         4939    i.prvCheckTasksWaitingTermination  tasks.o
    0x080062d4   0x080062d4   0x00000050   Code   RO         4940    i.prvDeleteTCB      tasks.o
    0x08006324   0x08006324   0x0000007c   Code   RO         5618    i.prvHeapInit       heap_4.o
    0x080063a0   0x080063a0   0x00000028   Code   RO         4941    i.prvIdleTask       tasks.o
    0x080063c8   0x080063c8   0x000000aa   Code   RO         4942    i.prvInitialiseNewTask  tasks.o
    0x08006472   0x08006472   0x00000002   PAD
    0x08006474   0x08006474   0x00000068   Code   RO         4943    i.prvInitialiseTaskLists  tasks.o
    0x080064dc   0x080064dc   0x00000068   Code   RO         5619    i.prvInsertBlockIntoFreeList  heap_4.o
    0x08006544   0x08006544   0x00000034   Code   RO         4944    i.prvResetNextTaskUnblockTime  tasks.o
    0x08006578   0x08006578   0x00000040   Code   RO         5681    i.prvTaskExitError  port.o
    0x080065b8   0x080065b8   0x0000013c   Code   RO         5620    i.pvPortMalloc      heap_4.o
    0x080066f4   0x080066f4   0x00000024   Code   RO         5682    i.pxPortInitialiseStack  port.o
    0x08006718   0x08006718   0x0000000c   Code   RO         5765    i.stdout_putchar    retarget_io.o
    0x08006724   0x08006724   0x00000028   Code   RO         4572    i.uxListRemove      list.o
    0x0800674c   0x0800674c   0x00000018   Code   RO          352    i.vApplicationGetIdleTaskMemory  freertos.o
    0x08006764   0x08006764   0x0000001a   Code   RO         4573    i.vListInitialise   list.o
    0x0800677e   0x0800677e   0x00000006   Code   RO         4574    i.vListInitialiseItem  list.o
    0x08006784   0x08006784   0x00000018   Code   RO         4576    i.vListInsertEnd    list.o
    0x0800679c   0x0800679c   0x00000054   Code   RO         5684    i.vPortEnterCritical  port.o
    0x080067f0   0x080067f0   0x0000003c   Code   RO         5685    i.vPortExitCritical  port.o
    0x0800682c   0x0800682c   0x00000094   Code   RO         5621    i.vPortFree         heap_4.o
    0x080068c0   0x080068c0   0x00000028   Code   RO         5686    i.vPortSetupTimerInterrupt  port.o
    0x080068e8   0x080068e8   0x000000b0   Code   RO         4965    i.vTaskStartScheduler  tasks.o
    0x08006998   0x08006998   0x00000010   Code   RO         4967    i.vTaskSuspendAll   tasks.o
    0x080069a8   0x080069a8   0x0000008c   Code   RO         4968    i.vTaskSwitchContext  tasks.o
    0x08006a34   0x08006a34   0x00000012   Code   RO           34    i.vTask_item_selector  main.o
    0x08006a46   0x08006a46   0x00000002   PAD
    0x08006a48   0x08006a48   0x0000009c   Code   RO           35    i.vTask_menu        main.o
    0x08006ae4   0x08006ae4   0x00000020   Code   RO           36    i.vTask_read_keys   main.o
    0x08006b04   0x08006b04   0x000000f8   Code   RO         5688    i.xPortStartScheduler  port.o
    0x08006bfc   0x08006bfc   0x00000064   Code   RO         4970    i.xTaskCreate       tasks.o
    0x08006c60   0x08006c60   0x000000b8   Code   RO         4971    i.xTaskCreateStatic  tasks.o
    0x08006d18   0x08006d18   0x00000148   Code   RO         4978    i.xTaskIncrementTick  tasks.o
    0x08006e60   0x08006e60   0x00000104   Code   RO         4984    i.xTaskResumeAll    tasks.o
    0x08006f64   0x08006f64   0x00002769   Data   RO           38    .constdata          main.o
    0x080096cd   0x080096cd   0x00000012   Data   RO         1105    .constdata          stm32f1xx_hal_rcc.o
    0x080096df   0x080096df   0x00000012   Data   RO         1201    .constdata          stm32f1xx_hal_rcc_ex.o
    0x080096f1   0x080096f1   0x00000018   Data   RO         4116    .constdata          system_stm32f1xx.o
    0x08009709   0x08009709   0x0000017a   Data   RO         4169    .constdata          font.o
    0x08009883   0x08009883   0x00000017   Data   RO         5766    .constdata          retarget_io.o
    0x0800989a   0x0800989a   0x00000002   PAD
    0x0800989c   0x0800989c   0x00000020   Data   RO         6222    Region$$Table       anon$$obj.o


    Execution Region RW_IRAM1 (Exec base: 0x20000000, Load base: 0x080098bc, Size: 0x00001a40, Max: 0x00005000, ABSOLUTE)

    Exec Addr    Load Addr    Size         Type   Attr      Idx    E Section Name        Object

    0x20000000   0x080098bc   0x00000005   Data   RW           39    .data               main.o
    0x20000005   0x080098c1   0x00000003   PAD
    0x20000008   0x080098c4   0x00000009   Data   RW          941    .data               stm32f1xx_hal.o
    0x20000011   0x080098cd   0x00000003   PAD
    0x20000014   0x080098d0   0x00000004   Data   RW         4117    .data               system_stm32f1xx.o
    0x20000018   0x080098d4   0x00000023   Data   RW         4170    .data               font.o
    0x2000003b   0x080098f7   0x00000004   Data   RW         4316    .data               ks0108.o
    0x2000003f   0x080098fb   0x00000001   PAD
    0x20000040   0x080098fc   0x0000003c   Data   RW         4987    .data               tasks.o
    0x2000007c   0x08009938   0x00000018   Data   RW         5626    .data               heap_4.o
    0x20000094   0x08009950   0x0000000c   Data   RW         5689    .data               port.o
    0x200000a0   0x0800995c   0x00000004   Data   RW         5891    .data               c_w.l(stdio_streams.o)
    0x200000a4   0x08009960   0x00000004   Data   RW         5892    .data               c_w.l(stdio_streams.o)
    0x200000a8   0x08009964   0x00000004   Data   RW         5893    .data               c_w.l(stdio_streams.o)
    0x200000ac        -       0x000002a9   Zero   RW           37    .bss                main.o
    0x20000355   0x08009968   0x00000003   PAD
    0x20000358        -       0x00000254   Zero   RW          353    .bss                freertos.o
    0x200005ac        -       0x00000048   Zero   RW          568    .bss                stm32f1xx_hal_timebase_tim.o
    0x200005f4        -       0x000000f0   Zero   RW         4986    .bss                tasks.o
    0x200006e4        -       0x00000c00   Zero   RW         5625    .bss                heap_4.o
    0x200012e4        -       0x00000054   Zero   RW         5888    .bss                c_w.l(stdio_streams.o)
    0x20001338        -       0x00000054   Zero   RW         5889    .bss                c_w.l(stdio_streams.o)
    0x2000138c        -       0x00000054   Zero   RW         5890    .bss                c_w.l(stdio_streams.o)
    0x200013e0        -       0x00000060   Zero   RW         6082    .bss                c_w.l(libspace.o)
    0x20001440        -       0x00000200   Zero   RW            2    HEAP                startup_stm32f103xb.o
    0x20001640        -       0x00000400   Zero   RW            1    STACK               startup_stm32f103xb.o


==============================================================================

Image component sizes


      Code (inc. data)   RO Data    RW Data    ZI Data      Debug   Object Name

         0          0          0          0          0      16668   event_groups.o
      4038        362        378         35          0      13220   font.o
        24         10          0          0        596       1200   freertos.o
       848          0          0          0          0       3137   graphic.o
       692         62          0         24       3072       7135   heap_4.o
      2106         62          0          4          0      11688   ks0108.o
        96          0          0          0          0       2660   list.o
      2130        268      10089          5        681     514710   main.o
       734         64          0         12          0      10236   port.o
       388         30         23          0          0       6746   retarget_io.o
        64         26        236          0       1536        796   startup_stm32f103xb.o
       116         24          0          9          0       5150   stm32f1xx_hal.o
      1046         24          0          0          0       4955   stm32f1xx_hal_adc.o
         2          0          0          0          0       1053   stm32f1xx_hal_adc_ex.o
       372          0          0          0          0       1307   stm32f1xx_hal_can.o
       252         22          0          0          0      28590   stm32f1xx_hal_cortex.o
       778         12          0          0          0       3239   stm32f1xx_hal_dma.o
       848         34          0          0          0       3860   stm32f1xx_hal_gpio.o
      1068        100          0          0          0       5096   stm32f1xx_hal_msp.o
        12          4          0          0          0        499   stm32f1xx_hal_pwr.o
      1816        108         18          0          0       6461   stm32f1xx_hal_rcc.o
       556         34         18          0          0       2329   stm32f1xx_hal_rcc_ex.o
      1162         16          0          0          0       8868   stm32f1xx_hal_rtc.o
       190          0          0          0          0       1099   stm32f1xx_hal_spi.o
      1878         46          0          0          0      13868   stm32f1xx_hal_tim.o
       136         14          0          0          0       2373   stm32f1xx_hal_tim_ex.o
       180         22          0          0         72       1427   stm32f1xx_hal_timebase_tim.o
      1626          8          0          0          0       8956   stm32f1xx_hal_uart.o
        86         24          0          0          0       4338   stm32f1xx_it.o
         2          0         24          4          0       1079   system_stm32f1xx.o
      1902        232          0         60        240      15188   tasks.o

    ----------------------------------------------------------------------
     25178       1608      10820        160       6200     707931   Object Totals
         0          0         32          0          0          0   (incl. Generated)
        30          0          2          7          3          0   (incl. Padding)

    ----------------------------------------------------------------------

      Code (inc. data)   RO Data    RW Data    ZI Data      Debug   Library Member Name

         8          0          0          0          0         68   __main.o
       104          0          0          0          0         84   __printf.o
         0          0          0          0          0          0   __rtentry.o
        12          0          0          0          0          0   __rtentry2.o
         6          0          0          0          0          0   __rtentry4.o
        52          8          0          0          0          0   __scatter.o
        26          0          0          0          0          0   __scatter_copy.o
        28          0          0          0          0          0   __scatter_zi.o
        48          6          0          0          0         96   _printf_char_common.o
        36          4          0          0          0         80   _printf_char_file.o
         0          0          0          0          0          0   _printf_percent.o
         4          0          0          0          0          0   _printf_percent_end.o
        10          0          0          0          0         68   defsig_exit.o
        50          0          0          0          0         88   defsig_general.o
        80         58          0          0          0         76   defsig_rtmem_inner.o
        14          0          0          0          0         80   defsig_rtmem_outer.o
        52         38          0          0          0         76   defsig_rtred_inner.o
        14          0          0          0          0         80   defsig_rtred_outer.o
        18          0          0          0          0         80   exit.o
        76          0          0          0          0         88   fclose.o
         8          0          0          0          0         68   ferror.o
       470          0          0          0          0         88   flsbuf.o
       236          4          0          0          0        128   fopen.o
        26          0          0          0          0         68   fputc.o
       248          6          0          0          0         84   fseek.o
        66          0          0          0          0         76   ftell.o
        94          0          0          0          0         80   h1_alloc.o
        52          0          0          0          0         68   h1_extend.o
        78          0          0          0          0         80   h1_free.o
        14          0          0          0          0         84   h1_init.o
         6          0          0          0          0        152   heapauxi.o
         4          0          0          0          0        136   hguard.o
         0          0          0          0          0          0   indicate_semi.o
       138          0          0          0          0        168   init_alloc.o
       312         46          0          0          0        112   initio.o
         2          0          0          0          0          0   libinit.o
        14          0          0          0          0          0   libinit2.o
         2          0          0          0          0          0   libshutdown.o
         6          0          0          0          0          0   libshutdown2.o
         8          4          0          0         96         68   libspace.o
         0          0          0          0          0          0   maybetermalloc1.o
        24          4          0          0          0         84   noretval__2printf.o
         8          4          0          0          0         68   rt_errno_addr_intlibspace.o
         8          4          0          0          0         68   rt_heap_descriptor_intlibspace.o
        78          0          0          0          0         80   rt_memclr_w.o
         2          0          0          0          0          0   rtexit.o
        10          0          0          0          0          0   rtexit2.o
        70          0          0          0          0         80   setvbuf.o
       240          6          0          0          0        156   stdio.o
         0          0          0         12        252          0   stdio_streams.o
       128          0          0          0          0         68   strcmpv7m.o
        12          4          0          0          0         68   sys_exit.o
        74          0          0          0          0         80   sys_stackheap_outer.o
        14          0          0          0          0         76   sys_wrch.o
         2          0          0          0          0         68   use_no_semi.o

    ----------------------------------------------------------------------
      3102        196          0         12        348       3320   Library Totals
        10          0          0          0          0          0   (incl. Padding)

    ----------------------------------------------------------------------

      Code (inc. data)   RO Data    RW Data    ZI Data      Debug   Library Name

      3092        196          0         12        348       3320   c_w.l

    ----------------------------------------------------------------------
      3102        196          0         12        348       3320   Library Totals

    ----------------------------------------------------------------------

==============================================================================


      Code (inc. data)   RO Data    RW Data    ZI Data      Debug   

     28280       1804      10820        172       6548     699599   Grand Totals
     28280       1804      10820        172       6548     699599   ELF Image Totals
     28280       1804      10820        172          0          0   ROM Totals

==============================================================================

    Total RO  Size (Code + RO Data)                39100 (  38.18kB)
    Total RW  Size (RW Data + ZI Data)              6720 (   6.56kB)
    Total ROM Size (Code + RO Data + RW Data)      39272 (  38.35kB)

==============================================================================

