Component: ARM Compiler 5.06 update 7 (build 960) Tool: armlink [4d3601]

==============================================================================

Section Cross References

    startup_stm32f103xb.o(STACK) refers (Special) to heapauxi.o(.text) for __use_two_region_memory
    startup_stm32f103xb.o(HEAP) refers (Special) to heapauxi.o(.text) for __use_two_region_memory
    startup_stm32f103xb.o(RESET) refers (Special) to heapauxi.o(.text) for __use_two_region_memory
    startup_stm32f103xb.o(RESET) refers to startup_stm32f103xb.o(STACK) for __initial_sp
    startup_stm32f103xb.o(RESET) refers to startup_stm32f103xb.o(.text) for Reset_Handler
    startup_stm32f103xb.o(RESET) refers to stm32f1xx_it.o(i.NMI_Handler) for NMI_Handler
    startup_stm32f103xb.o(RESET) refers to stm32f1xx_it.o(i.HardFault_Handler) for HardFault_Handler
    startup_stm32f103xb.o(RESET) refers to stm32f1xx_it.o(i.MemManage_Handler) for MemManage_Handler
    startup_stm32f103xb.o(RESET) refers to stm32f1xx_it.o(i.BusFault_Handler) for BusFault_Handler
    startup_stm32f103xb.o(RESET) refers to stm32f1xx_it.o(i.UsageFault_Handler) for UsageFault_Handler
    startup_stm32f103xb.o(RESET) refers to stm32f1xx_it.o(i.SVC_Handler) for SVC_Handler
    startup_stm32f103xb.o(RESET) refers to stm32f1xx_it.o(i.DebugMon_Handler) for DebugMon_Handler
    startup_stm32f103xb.o(RESET) refers to stm32f1xx_it.o(i.PendSV_Handler) for PendSV_Handler
    startup_stm32f103xb.o(RESET) refers to stm32f1xx_it.o(i.SysTick_Handler) for SysTick_Handler
    startup_stm32f103xb.o(RESET) refers to stm32f1xx_it.o(i.DMA1_Channel1_IRQHandler) for DMA1_Channel1_IRQHandler
    startup_stm32f103xb.o(RESET) refers to stm32f1xx_it.o(i.ADC1_2_IRQHandler) for ADC1_2_IRQHandler
    startup_stm32f103xb.o(RESET) refers to stm32f1xx_it.o(i.USART2_IRQHandler) for USART2_IRQHandler
    startup_stm32f103xb.o(.text) refers (Special) to heapauxi.o(.text) for __use_two_region_memory
    startup_stm32f103xb.o(.text) refers to system_stm32f1xx.o(i.SystemInit) for SystemInit
    startup_stm32f103xb.o(.text) refers to __main.o(!!!main) for __main
    startup_stm32f103xb.o(.text) refers to startup_stm32f103xb.o(HEAP) for Heap_Mem
    startup_stm32f103xb.o(.text) refers to startup_stm32f103xb.o(STACK) for Stack_Mem
    main.o(i.HAL_ADC_ConvCpltCallback) refers to _printf_percent.o(.ARM.Collect$$_printf_percent$$00000000) for _printf_percent
    main.o(i.HAL_ADC_ConvCpltCallback) refers to _printf_d.o(.ARM.Collect$$_printf_percent$$00000009) for _printf_d
    main.o(i.HAL_ADC_ConvCpltCallback) refers to _printf_dec.o(.text) for _printf_int_dec
    main.o(i.HAL_ADC_ConvCpltCallback) refers to noretval__2sprintf.o(.text) for __2sprintf
    main.o(i.HAL_ADC_ConvCpltCallback) refers to font.o(i.TextBox) for TextBox
    main.o(i.HAL_ADC_ConvCpltCallback) refers to main.o(.data) for .data
    main.o(i.HAL_ADC_ConvCpltCallback) refers to main.o(.bss) for .bss
    main.o(i.Input_DB_GLCD) refers to stm32f1xx_hal_gpio.o(i.HAL_GPIO_Init) for HAL_GPIO_Init
    main.o(i.MX_ADC1_Init) refers to stm32f1xx_hal_adc.o(i.HAL_ADC_Init) for HAL_ADC_Init
    main.o(i.MX_ADC1_Init) refers to stm32f1xx_hal_adc.o(i.HAL_ADC_ConfigChannel) for HAL_ADC_ConfigChannel
    main.o(i.MX_ADC1_Init) refers to main.o(.bss) for .bss
    main.o(i.MX_CAN_Init) refers to stm32f1xx_hal_can.o(i.HAL_CAN_Init) for HAL_CAN_Init
    main.o(i.MX_CAN_Init) refers to main.o(.bss) for .bss
    main.o(i.MX_GPIO_Init) refers to stm32f1xx_hal_gpio.o(i.HAL_GPIO_WritePin) for HAL_GPIO_WritePin
    main.o(i.MX_GPIO_Init) refers to stm32f1xx_hal_gpio.o(i.HAL_GPIO_Init) for HAL_GPIO_Init
    main.o(i.MX_SPI1_Init) refers to stm32f1xx_hal_spi.o(i.HAL_SPI_Init) for HAL_SPI_Init
    main.o(i.MX_SPI1_Init) refers to main.o(.bss) for .bss
    main.o(i.MX_TIM1_Init) refers to stm32f1xx_hal_tim.o(i.HAL_TIM_Base_Init) for HAL_TIM_Base_Init
    main.o(i.MX_TIM1_Init) refers to stm32f1xx_hal_tim.o(i.HAL_TIM_ConfigClockSource) for HAL_TIM_ConfigClockSource
    main.o(i.MX_TIM1_Init) refers to stm32f1xx_hal_tim_ex.o(i.HAL_TIMEx_MasterConfigSynchronization) for HAL_TIMEx_MasterConfigSynchronization
    main.o(i.MX_TIM1_Init) refers to main.o(.bss) for .bss
    main.o(i.MX_TIM2_Init) refers to rt_memclr_w.o(.text) for __aeabi_memclr4
    main.o(i.MX_TIM2_Init) refers to stm32f1xx_hal_tim.o(i.HAL_TIM_Base_Init) for HAL_TIM_Base_Init
    main.o(i.MX_TIM2_Init) refers to stm32f1xx_hal_tim.o(i.HAL_TIM_ConfigClockSource) for HAL_TIM_ConfigClockSource
    main.o(i.MX_TIM2_Init) refers to stm32f1xx_hal_tim.o(i.HAL_TIM_PWM_Init) for HAL_TIM_PWM_Init
    main.o(i.MX_TIM2_Init) refers to stm32f1xx_hal_tim_ex.o(i.HAL_TIMEx_MasterConfigSynchronization) for HAL_TIMEx_MasterConfigSynchronization
    main.o(i.MX_TIM2_Init) refers to stm32f1xx_hal_tim.o(i.HAL_TIM_PWM_ConfigChannel) for HAL_TIM_PWM_ConfigChannel
    main.o(i.MX_TIM2_Init) refers to main.o(.bss) for .bss
    main.o(i.Output_DB_GLCD) refers to stm32f1xx_hal_gpio.o(i.HAL_GPIO_Init) for HAL_GPIO_Init
[...]
    ../clib/signal.c                         0x00000000   Number         0  defsig_general.o ABSOLUTE
    ../clib/signal.c                         0x00000000   Number         0  defsig_other.o ABSOLUTE
    ../clib/signal.c                         0x00000000   Number         0  defsig_pvfn_inner.o ABSOLUTE
    ../clib/signal.c                         0x00000000   Number         0  defsig_stak_inner.o ABSOLUTE
    ../clib/signal.c                         0x00000000   Number         0  defsig_rtred_inner.o ABSOLUTE
    ../clib/signal.c                         0x00000000   Number         0  defsig_fpe_inner.o ABSOLUTE
    ../clib/signal.c                         0x00000000   Number         0  defsig_abrt_inner.o ABSOLUTE
    ../clib/signal.c                         0x00000000   Number         0  defsig_segv_inner.o ABSOLUTE
    ../clib/signal.c                         0x00000000   Number         0  defsig_cppl_inner.o ABSOLUTE
    ../clib/signal.s                         0x00000000   Number         0  defsig.o ABSOLUTE
    ../clib/stdlib.c                         0x00000000   Number         0  exit.o ABSOLUTE
    ../fplib/fpinit.s                        0x00000000   Number         0  fpinit.o ABSOLUTE
    ..\Drivers\STM32F1xx_HAL_Driver\Src\stm32f1xx_hal.c 0x00000000   Number         0  stm32f1xx_hal.o ABSOLUTE
    ..\Drivers\STM32F1xx_HAL_Driver\Src\stm32f1xx_hal_adc.c 0x00000000   Number         0  stm32f1xx_hal_adc.o ABSOLUTE
    ..\Drivers\STM32F1xx_HAL_Driver\Src\stm32f1xx_hal_adc_ex.c 0x00000000   Number         0  stm32f1xx_hal_adc_ex.o ABSOLUTE
    ..\Drivers\STM32F1xx_HAL_Driver\Src\stm32f1xx_hal_can.c 0x00000000   Number         0  stm32f1xx_hal_can.o ABSOLUTE
    ..\Drivers\STM32F1xx_HAL_Driver\Src\stm32f1xx_hal_cortex.c 0x00000000   Number         0  stm32f1xx_hal_cortex.o ABSOLUTE
    ..\Drivers\STM32F1xx_HAL_Driver\Src\stm32f1xx_hal_dma.c 0x00000000   Number         0  stm32f1xx_hal_dma.o ABSOLUTE
    ..\Drivers\STM32F1xx_HAL_Driver\Src\stm32f1xx_hal_exti.c 0x00000000   Number         0  stm32f1xx_hal_exti.o ABSOLUTE
    ..\Drivers\STM32F1xx_HAL_Driver\Src\stm32f1xx_hal_flash.c 0x00000000   Number         0  stm32f1xx_hal_flash.o ABSOLUTE
    ..\Drivers\STM32F1xx_HAL_Driver\Src\stm32f1xx_hal_flash_ex.c 0x00000000   Number         0  stm32f1xx_hal_flash_ex.o ABSOLUTE
    ..\Drivers\STM32F1xx_HAL_Driver\Src\stm32f1xx_hal_gpio.c 0x00000000   Number         0  stm32f1xx_hal_gpio.o ABSOLUTE
    ..\Drivers\STM32F1xx_HAL_Driver\Src\stm32f1xx_hal_gpio_ex.c 0x00000000   Number         0  stm32f1xx_hal_gpio_ex.o ABSOLUTE
    ..\Drivers\STM32F1xx_HAL_Driver\Src\stm32f1xx_hal_pwr.c 0x00000000   Number         0  stm32f1xx_hal_pwr.o ABSOLUTE
    ..\Drivers\STM32F1xx_HAL_Driver\Src\stm32f1xx_hal_rcc.c 0x00000000   Number         0  stm32f1xx_hal_rcc.o ABSOLUTE
    ..\Drivers\STM32F1xx_HAL_Driver\Src\stm32f1xx_hal_rcc_ex.c 0x00000000   Number         0  stm32f1xx_hal_rcc_ex.o ABSOLUTE
    ..\Drivers\STM32F1xx_HAL_Driver\Src\stm32f1xx_hal_spi.c 0x00000000   Number         0  stm32f1xx_hal_spi.o ABSOLUTE
    ..\Drivers\STM32F1xx_HAL_Driver\Src\stm32f1xx_hal_tim.c 0x00000000   Number         0  stm32f1xx_hal_tim.o ABSOLUTE
    ..\Drivers\STM32F1xx_HAL_Driver\Src\stm32f1xx_hal_tim_ex.c 0x00000000   Number         0  stm32f1xx_hal_tim_ex.o ABSOLUTE
    ..\Drivers\STM32F1xx_HAL_Driver\Src\stm32f1xx_hal_uart.c 0x00000000   Number         0  stm32f1xx_hal_uart.o ABSOLUTE
    ..\Src\FONT\Font.cpp                     0x00000000   Number         0  font.o ABSOLUTE
    ..\Src\GLCD\ks0108.cpp                   0x00000000   Number         0  ks0108.o ABSOLUTE
    ..\Src\Graphic\Graphic.cpp               0x00000000   Number         0  graphic.o ABSOLUTE
    ..\Src\main.c                            0x00000000   Number         0  main.o ABSOLUTE
    ..\Src\stm32f1xx_hal_msp.c               0x00000000   Number         0  stm32f1xx_hal_msp.o ABSOLUTE
    ..\Src\stm32f1xx_it.c                    0x00000000   Number         0  stm32f1xx_it.o ABSOLUTE
    ..\Src\system_stm32f1xx.c                0x00000000   Number         0  system_stm32f1xx.o ABSOLUTE
    ..\\Src\\FONT\\Font.cpp                  0x00000000   Number         0  font.o ABSOLUTE
    ..\\Src\\GLCD\\ks0108.cpp                0x00000000   Number         0  ks0108.o ABSOLUTE
    dc.s                                     0x00000000   Number         0  dc.o ABSOLUTE
    startup_stm32f103xb.s                    0x00000000   Number         0  startup_stm32f103xb.o ABSOLUTE
    RESET                                    0x08000000   Section      236  startup_stm32f103xb.o(RESET)
    !!!main                                  0x080000ec   Section        8  __main.o(!!!main)
    !!!scatter                               0x080000f4   Section       52  __scatter.o(!!!scatter)
    !!handler_copy                           0x08000128   Section       26  __scatter_copy.o(!!handler_copy)
    !!handler_zi                             0x08000144   Section       28  __scatter_zi.o(!!handler_zi)
    .ARM.Collect$$_printf_percent$$00000000  0x08000160   Section        0  _printf_percent.o(.ARM.Collect$$_printf_percent$$00000000)
    .ARM.Collect$$_printf_percent$$00000009  0x08000160   Section        6  _printf_d.o(.ARM.Collect$$_printf_percent$$00000009)
    .ARM.Collect$$_printf_percent$$00000017  0x08000166   Section        4  _printf_percent_end.o(.ARM.Collect$$_printf_percent$$00000017)
    .ARM.Collect$$libinit$$00000000          0x0800016a   Section        2  libinit.o(.ARM.Collect$$libinit$$00000000)
    .ARM.Collect$$libinit$$00000002          0x0800016c   Section        0  libinit2.o(.ARM.Collect$$libinit$$00000002)
    .ARM.Collect$$libinit$$00000004          0x0800016c   Section        0  libinit2.o(.ARM.Collect$$libinit$$00000004)
    .ARM.Collect$$libinit$$0000000A          0x0800016c   Section        0  libinit2.o(.ARM.Collect$$libinit$$0000000A)
    .ARM.Collect$$libinit$$0000000C          0x0800016c   Section        0  libinit2.o(.ARM.Collect$$libinit$$0000000C)
    .ARM.Collect$$libinit$$0000000E          0x0800016c   Section        0  libinit2.o(.ARM.Collect$$libinit$$0000000E)
    .ARM.Collect$$libinit$$00000011          0x0800016c   Section        0  libinit2.o(.ARM.Collect$$libinit$$00000011)
    .ARM.Collect$$libinit$$00000013          0x0800016c   Section        0  libinit2.o(.ARM.Collect$$libinit$$00000013)
    .ARM.Collect$$libinit$$00000015          0x0800016c   Section        0  libinit2.o(.ARM.Collect$$libinit$$00000015)
    .ARM.Collect$$libinit$$00000017          0x0800016c   Section        0  libinit2.o(.ARM.Collect$$libinit$$00000017)
    .ARM.Collect$$libinit$$00000019          0x0800016c   Section        0  libinit2.o(.ARM.Collect$$libinit$$00000019)
    .ARM.Collect$$libinit$$0000001B          0x0800016c   Section        0  libinit2.o(.ARM.Collect$$libinit$$0000001B)
    .ARM.Collect$$libinit$$0000001D          0x0800016c   Section        0  libinit2.o(.ARM.Collect$$libinit$$0000001D)
    .ARM.Collect$$libinit$$0000001F          0x0800016c   Section        0  libinit2.o(.ARM.Collect$$libinit$$0000001F)
    .ARM.Collect$$libinit$$00000021          0x0800016c   Section        0  libinit2.o(.ARM.Collect$$libinit$$00000021)
    .ARM.Collect$$libinit$$00000023          0x0800016c   Section        0  libinit2.o(.ARM.Collect$$libinit$$00000023)
    .ARM.Collect$$libinit$$00000025          0x0800016c   Section        0  libinit2.o(.ARM.Collect$$libinit$$00000025)
    .ARM.Collect$$libinit$$0000002C          0x0800016c   Section        0  libinit2.o(.ARM.Collect$$libinit$$0000002C)
    .ARM.Collect$$libinit$$0000002E          0x0800016c   Section        0  libinit2.o(.ARM.Collect$$libinit$$0000002E)
    .ARM.Collect$$libinit$$00000030          0x0800016c   Section        0  libinit2.o(.ARM.Collect$$libinit$$00000030)
    .ARM.Collect$$libinit$$00000032          0x0800016c   Section        0  libinit2.o(.ARM.Collect$$libinit$$00000032)
    .ARM.Collect$$libinit$$00000033          0x0800016c   Section        2  libinit2.o(.ARM.Collect$$libinit$$00000033)
    .ARM.Collect$$libshutdown$$00000000      0x0800016e   Section        2  libshutdown.o(.ARM.Collect$$libshutdown$$00000000)
    .ARM.Collect$$libshutdown$$00000002      0x08000170   Section        0  libshutdown2.o(.ARM.Collect$$libshutdown$$00000002)
    .ARM.Collect$$libshutdown$$00000004      0x08000170   Section        0  libshutdown2.o(.ARM.Collect$$libshutdown$$00000004)
    .ARM.Collect$$libshutdown$$00000006      0x08000170   Section        0  libshutdown2.o(.ARM.Collect$$libshutdown$$00000006)
    .ARM.Collect$$libshutdown$$00000009      0x08000170   Section        0  libshutdown2.o(.ARM.Collect$$libshutdown$$00000009)
    .ARM.Collect$$libshutdown$$0000000C      0x08000170   Section        0  libshutdown2.o(.ARM.Collect$$libshutdown$$0000000C)
    .ARM.Collect$$libshutdown$$0000000E      0x08000170   Section        0  libshutdown2.o(.ARM.Collect$$libshutdown$$0000000E)
    .ARM.Collect$$libshutdown$$00000011      0x08000170   Section        0  libshutdown2.o(.ARM.Collect$$libshutdown$$00000011)
    .ARM.Collect$$libshutdown$$00000012      0x08000170   Section        2  libshutdown2.o(.ARM.Collect$$libshutdown$$00000012)
    .ARM.Collect$$rtentry$$00000000          0x08000172   Section        0  __rtentry.o(.ARM.Collect$$rtentry$$00000000)
    .ARM.Collect$$rtentry$$00000002          0x08000172   Section        0  __rtentry2.o(.ARM.Collect$$rtentry$$00000002)
    .ARM.Collect$$rtentry$$00000004          0x08000172   Section        6  __rtentry4.o(.ARM.Collect$$rtentry$$00000004)
    .ARM.Collect$$rtentry$$00000009          0x08000178   Section        0  __rtentry2.o(.ARM.Collect$$rtentry$$00000009)
    .ARM.Collect$$rtentry$$0000000A          0x08000178   Section        4  __rtentry2.o(.ARM.Collect$$rtentry$$0000000A)
    .ARM.Collect$$rtentry$$0000000C          0x0800017c   Section        0  __rtentry2.o(.ARM.Collect$$rtentry$$0000000C)
    .ARM.Collect$$rtentry$$0000000D          0x0800017c   Section        8  __rtentry2.o(.ARM.Collect$$rtentry$$0000000D)
    .ARM.Collect$$rtexit$$00000000           0x08000184   Section        2  rtexit.o(.ARM.Collect$$rtexit$$00000000)
    .ARM.Collect$$rtexit$$00000002           0x08000186   Section        0  rtexit2.o(.ARM.Collect$$rtexit$$00000002)
    .ARM.Collect$$rtexit$$00000003           0x08000186   Section        4  rtexit2.o(.ARM.Collect$$rtexit$$00000003)
    .ARM.Collect$$rtexit$$00000004           0x0800018a   Section        6  rtexit2.o(.ARM.Collect$$rtexit$$00000004)
    .text                                    0x08000190   Section       64  startup_stm32f103xb.o(.text)
    .text                                    0x080001d0   Section        0  noretval__2sprintf.o(.text)
    .text                                    0x080001f8   Section        0  __printf.o(.text)
    .text                                    0x08000260   Section        0  _printf_dec.o(.text)
    .text                                    0x080002d8   Section       78  rt_memclr_w.o(.text)
    .text                                    0x08000326   Section        0  heapauxi.o(.text)
    .text                                    0x0800032c   Section        0  _printf_intcommon.o(.text)
    .text                                    0x080003e0   Section        0  _printf_char_common.o(.text)
    _printf_input_char                       0x080003e1   Thumb Code    10  _printf_char_common.o(.text)
    .text                                    0x08000410   Section        0  _sputc.o(.text)
    .text                                    0x0800041a   Section       74  sys_stackheap_outer.o(.text)
    .text                                    0x08000464   Section        0  exit.o(.text)
    .text                                    0x08000478   Section        8  libspace.o(.text)
    .text                                    0x08000480   Section        0  sys_exit.o(.text)
    .text                                    0x0800048c   Section        2  use_no_semi.o(.text)
    .text                                    0x0800048e   Section        0  indicate_semi.o(.text)
    i.ADC1_2_IRQHandler                      0x08000490   Section        0  stm32f1xx_it.o(i.ADC1_2_IRQHandler)
    i.ADC_ConversionStop_Disable             0x0800049c   Section        0  stm32f1xx_hal_adc.o(i.ADC_ConversionStop_Disable)
    i.ADC_DMAConvCplt                        0x080004f2   Section        0  stm32f1xx_hal_adc.o(i.ADC_DMAConvCplt)
    i.ADC_DMAError                           0x08000540   Section        0  stm32f1xx_hal_adc.o(i.ADC_DMAError)
    i.ADC_DMAHalfConvCplt                    0x0800055a   Section        0  stm32f1xx_hal_adc.o(i.ADC_DMAHalfConvCplt)
    i.ADC_Enable                             0x08000564   Section        0  stm32f1xx_hal_adc.o(i.ADC_Enable)
    i.Bit_Is_Set                             0x080005e0   Section        0  font.o(i.Bit_Is_Set)
    i.BusFault_Handler                       0x080005f0   Section        0  stm32f1xx_it.o(i.BusFault_Handler)
    i.CalcTextWidth                          0x080005f4   Section        0  font.o(i.CalcTextWidth)
    i.CalcTextWidthEN                        0x08000608   Section        0  font.o(i.CalcTextWidthEN)
    i.CalcTextWidthPE                        0x08000698   Section        0  font.o(i.CalcTextWidthPE)
    i.DMA1_Channel1_IRQHandler               0x080008e8   Section        0  stm32f1xx_it.o(i.DMA1_Channel1_IRQHandler)
    i.DMA_SetConfig                          0x080008f4   Section        0  stm32f1xx_hal_dma.o(i.DMA_SetConfig)
    DMA_SetConfig                            0x080008f5   Thumb Code    42  stm32f1xx_hal_dma.o(i.DMA_SetConfig)
    i.DebugMon_Handler                       0x0800091e   Section        0  stm32f1xx_it.o(i.DebugMon_Handler)
    i.Enable                                 0x08000920   Section        0  ks0108.o(i.Enable)
    i.Error_Handler                          0x08000950   Section        0  main.o(i.Error_Handler)
    i.HAL_ADCEx_Calibration_Start            0x08000954   Section        0  stm32f1xx_hal_adc_ex.o(i.HAL_ADCEx_Calibration_Start)
    i.HAL_ADCEx_InjectedConvCpltCallback     0x08000a2c   Section        0  stm32f1xx_hal_adc_ex.o(i.HAL_ADCEx_InjectedConvCpltCallback)
    i.HAL_ADC_ConfigChannel                  0x08000a30   Section        0  stm32f1xx_hal_adc.o(i.HAL_ADC_ConfigChannel)
    i.HAL_ADC_ConvCpltCallback               0x08000b2c   Section        0  main.o(i.HAL_ADC_ConvCpltCallback)
    i.HAL_ADC_ConvHalfCpltCallback           0x08000b6c   Section        0  stm32f1xx_hal_adc.o(i.HAL_ADC_ConvHalfCpltCallback)
    i.HAL_ADC_ErrorCallback                  0x08000b6e   Section        0  stm32f1xx_hal_adc.o(i.HAL_ADC_ErrorCallback)
    i.HAL_ADC_IRQHandler                     0x08000b70   Section        0  stm32f1xx_hal_adc.o(i.HAL_ADC_IRQHandler)
    i.HAL_ADC_Init                           0x08000c58   Section        0  stm32f1xx_hal_adc.o(i.HAL_ADC_Init)
    i.HAL_ADC_LevelOutOfWindowCallback       0x08000d74   Section        0  stm32f1xx_hal_adc.o(i.HAL_ADC_LevelOutOfWindowCallback)
    i.HAL_ADC_MspInit                        0x08000d78   Section        0  stm32f1xx_hal_msp.o(i.HAL_ADC_MspInit)
    i.HAL_ADC_Start_DMA                      0x08000e14   Section        0  stm32f1xx_hal_adc.o(i.HAL_ADC_Start_DMA)
    i.HAL_CAN_Init                           0x08000f20   Section        0  stm32f1xx_hal_can.o(i.HAL_CAN_Init)
    i.HAL_CAN_MspInit                        0x0800103c   Section        0  stm32f1xx_hal_msp.o(i.HAL_CAN_MspInit)
    i.HAL_DMA_Abort                          0x080010a8   Section        0  stm32f1xx_hal_dma.o(i.HAL_DMA_Abort)
    i.HAL_DMA_Abort_IT                       0x080010f0   Section        0  stm32f1xx_hal_dma.o(i.HAL_DMA_Abort_IT)
    i.HAL_DMA_IRQHandler                     0x08001188   Section        0  stm32f1xx_hal_dma.o(i.HAL_DMA_IRQHandler)
    i.HAL_DMA_Init                           0x080012dc   Section        0  stm32f1xx_hal_dma.o(i.HAL_DMA_Init)
    i.HAL_DMA_Start_IT                       0x08001338   Section        0  stm32f1xx_hal_dma.o(i.HAL_DMA_Start_IT)
    i.HAL_Delay                              0x080013a8   Section        0  stm32f1xx_hal.o(i.HAL_Delay)
    i.HAL_GPIO_Init                          0x080013cc   Section        0  stm32f1xx_hal_gpio.o(i.HAL_GPIO_Init)
    i.HAL_GPIO_ReadPin                       0x080015ac   Section        0  stm32f1xx_hal_gpio.o(i.HAL_GPIO_ReadPin)
    i.HAL_GPIO_TogglePin                     0x080015b6   Section        0  stm32f1xx_hal_gpio.o(i.HAL_GPIO_TogglePin)
    i.HAL_GPIO_WritePin                      0x080015c6   Section        0  stm32f1xx_hal_gpio.o(i.HAL_GPIO_WritePin)
    i.HAL_GetTick                            0x080015d0   Section        0  stm32f1xx_hal.o(i.HAL_GetTick)
    i.HAL_IncTick                            0x080015dc   Section        0  stm32f1xx_hal.o(i.HAL_IncTick)
    i.HAL_Init                               0x080015ec   Section        0  stm32f1xx_hal.o(i.HAL_Init)
    i.HAL_InitTick                           0x08001610   Section        0  stm32f1xx_hal.o(i.HAL_InitTick)
    i.HAL_MspInit                            0x08001650   Section        0  stm32f1xx_hal_msp.o(i.HAL_MspInit)
    i.HAL_NVIC_EnableIRQ                     0x0800168c   Section        0  stm32f1xx_hal_cortex.o(i.HAL_NVIC_EnableIRQ)
    i.HAL_NVIC_SetPriority                   0x080016a8   Section        0  stm32f1xx_hal_cortex.o(i.HAL_NVIC_SetPriority)
    i.HAL_NVIC_SetPriorityGrouping           0x080016e8   Section        0  stm32f1xx_hal_cortex.o(i.HAL_NVIC_SetPriorityGrouping)
    i.HAL_RCCEx_GetPeriphCLKFreq             0x0800170c   Section        0  stm32f1xx_hal_rcc_ex.o(i.HAL_RCCEx_GetPeriphCLKFreq)
    i.HAL_RCCEx_PeriphCLKConfig              0x080017d4   Section        0  stm32f1xx_hal_rcc_ex.o(i.HAL_RCCEx_PeriphCLKConfig)
    i.HAL_RCC_ClockConfig                    0x080018c0   Section        0  stm32f1xx_hal_rcc.o(i.HAL_RCC_ClockConfig)
    i.HAL_RCC_GetPCLK1Freq                   0x080019ec   Section        0  stm32f1xx_hal_rcc.o(i.HAL_RCC_GetPCLK1Freq)
    i.HAL_RCC_GetPCLK2Freq                   0x08001a0c   Section        0  stm32f1xx_hal_rcc.o(i.HAL_RCC_GetPCLK2Freq)
    i.HAL_RCC_GetSysClockFreq                0x08001a2c   Section        0  stm32f1xx_hal_rcc.o(i.HAL_RCC_GetSysClockFreq)
    i.HAL_RCC_OscConfig                      0x08001a98   Section        0  stm32f1xx_hal_rcc.o(i.HAL_RCC_OscConfig)
    i.HAL_SPI_Init                           0x08001db8   Section        0  stm32f1xx_hal_spi.o(i.HAL_SPI_Init)
    i.HAL_SPI_MspInit                        0x08001e6c   Section        0  stm32f1xx_hal_msp.o(i.HAL_SPI_MspInit)
    i.HAL_SYSTICK_Config                     0x08001edc   Section        0  stm32f1xx_hal_cortex.o(i.HAL_SYSTICK_Config)
    i.HAL_TIMEx_MasterConfigSynchronization  0x08001f04   Section        0  stm32f1xx_hal_tim_ex.o(i.HAL_TIMEx_MasterConfigSynchronization)
    i.HAL_TIM_Base_Init                      0x08001f6c   Section        0  stm32f1xx_hal_tim.o(i.HAL_TIM_Base_Init)
    i.HAL_TIM_Base_MspInit                   0x08001fc8   Section        0  stm32f1xx_hal_msp.o(i.HAL_TIM_Base_MspInit)
    i.HAL_TIM_ConfigClockSource              0x08002004   Section        0  stm32f1xx_hal_tim.o(i.HAL_TIM_ConfigClockSource)
    i.HAL_TIM_PWM_ConfigChannel              0x080020da   Section        0  stm32f1xx_hal_tim.o(i.HAL_TIM_PWM_ConfigChannel)
    i.HAL_TIM_PWM_Init                       0x080021a0   Section        0  stm32f1xx_hal_tim.o(i.HAL_TIM_PWM_Init)
    i.HAL_TIM_PWM_MspInit                    0x080021fa   Section        0  stm32f1xx_hal_tim.o(i.HAL_TIM_PWM_MspInit)
    i.HAL_UARTEx_RxEventCallback             0x080021fc   Section        0  stm32f1xx_hal_uart.o(i.HAL_UARTEx_RxEventCallback)
    i.HAL_UART_ErrorCallback                 0x080021fe   Section        0  stm32f1xx_hal_uart.o(i.HAL_UART_ErrorCallback)
    i.HAL_UART_IRQHandler                    0x08002200   Section        0  stm32f1xx_hal_uart.o(i.HAL_UART_IRQHandler)
    i.HAL_UART_Init                          0x0800240c   Section        0  stm32f1xx_hal_uart.o(i.HAL_UART_Init)
    i.HAL_UART_MspInit                       0x08002470   Section        0  stm32f1xx_hal_msp.o(i.HAL_UART_MspInit)
    i.HAL_UART_RxCpltCallback                0x08002580   Section        0  stm32f1xx_hal_uart.o(i.HAL_UART_RxCpltCallback)
    i.HAL_UART_TxCpltCallback                0x08002582   Section        0  stm32f1xx_hal_uart.o(i.HAL_UART_TxCpltCallback)
    i.HardFault_Handler                      0x08002584   Section        0  stm32f1xx_it.o(i.HardFault_Handler)
    i.Input_DB_GLCD                          0x08002588   Section        0  main.o(i.Input_DB_GLCD)
    i.KS108_CLS                              0x080025a4   Section        0  ks0108.o(i.KS108_CLS)
    i.KS108_ClearPage                        0x080025c6   Section        0  ks0108.o(i.KS108_ClearPage)
    i.KS108_DoReadData                       0x080025e8   Section        0  ks0108.o(i.KS108_DoReadData)
    i.KS108_DrawBitmap                       0x080026b4   Section        0  ks0108.o(i.KS108_DrawBitmap)
    i.KS108_FillRect                         0x080027a0   Section        0  ks0108.o(i.KS108_FillRect)
    i.KS108_GotoXY                           0x08002870   Section        0  ks0108.o(i.KS108_GotoXY)
    i.KS108_Init                             0x080028c4   Section        0  ks0108.o(i.KS108_Init)
    i.KS108_Init_Port                        0x08002948   Section        0  ks0108.o(i.KS108_Init_Port)
    i.KS108_InvertRect                       0x080029a0   Section        0  ks0108.o(i.KS108_InvertRect)
    i.KS108_ReadData                         0x08002a70   Section        0  ks0108.o(i.KS108_ReadData)
    i.KS108_SetDot                           0x08002a82   Section        0  ks0108.o(i.KS108_SetDot)
    i.KS108_WriteCommand                     0x08002abc   Section        0  ks0108.o(i.KS108_WriteCommand)
    i.KS108_WriteData                        0x08002b20   Section        0  ks0108.o(i.KS108_WriteData)
    i.KS108_delay450ns                       0x08002c80   Section        0  ks0108.o(i.KS108_delay450ns)
    i.LcdFont                                0x08002c94   Section        0  font.o(i.LcdFont)
    i.MX_ADC1_Init                           0x08002cbc   Section        0  main.o(i.MX_ADC1_Init)
    MX_ADC1_Init                             0x08002cbd   Thumb Code    68  main.o(i.MX_ADC1_Init)
    i.MX_CAN_Init                            0x08002d08   Section        0  main.o(i.MX_CAN_Init)
    MX_CAN_Init                              0x08002d09   Thumb Code    48  main.o(i.MX_CAN_Init)
    i.MX_GPIO_Init                           0x08002d40   Section        0  main.o(i.MX_GPIO_Init)
    MX_GPIO_Init                             0x08002d41   Thumb Code   196  main.o(i.MX_GPIO_Init)
    i.MX_SPI1_Init                           0x08002e14   Section        0  main.o(i.MX_SPI1_Init)
    MX_SPI1_Init                             0x08002e15   Thumb Code    58  main.o(i.MX_SPI1_Init)
    i.MX_TIM1_Init                           0x08002e58   Section        0  main.o(i.MX_TIM1_Init)
    MX_TIM1_Init                             0x08002e59   Thumb Code    94  main.o(i.MX_TIM1_Init)
    i.MX_TIM2_Init                           0x08002ec0   Section        0  main.o(i.MX_TIM2_Init)
    MX_TIM2_Init                             0x08002ec1   Thumb Code   140  main.o(i.MX_TIM2_Init)
    i.MemManage_Handler                      0x08002f50   Section        0  stm32f1xx_it.o(i.MemManage_Handler)
    i.NMI_Handler                            0x08002f52   Section        0  stm32f1xx_it.o(i.NMI_Handler)
    i.Output_DB_GLCD                         0x08002f54   Section        0  main.o(i.Output_DB_GLCD)
    i.PendSV_Handler                         0x08002f7c   Section        0  stm32f1xx_it.o(i.PendSV_Handler)
    i.PutCharEN                              0x08002f80   Section        0  font.o(i.PutCharEN)
    i.PutCharPE                              0x08003154   Section        0  font.o(i.PutCharPE)
    i.PutText                                0x080032e0   Section        0  font.o(i.PutText)
    i.Puts                                   0x08003378   Section        0  font.o(i.Puts)
    i.PutsPE                                 0x080033a4   Section        0  font.o(i.PutsPE)
    i.Read_DB_GLCD                           0x08003548   Section        0  main.o(i.Read_DB_GLCD)
    i.Rectangle                              0x080035f0   Section        0  graphic.o(i.Rectangle)
    i.RoundRectangle                         0x0800363c   Section        0  graphic.o(i.RoundRectangle)
    i.SVC_Handler                            0x08003842   Section        0  stm32f1xx_it.o(i.SVC_Handler)
    i.SetLetter                              0x08003844   Section        0  font.o(i.SetLetter)
    i.SysTick_Handler                        0x0800385c   Section        0  stm32f1xx_it.o(i.SysTick_Handler)
    i.SystemClock_Config                     0x08003860   Section        0  main.o(i.SystemClock_Config)
    i.SystemInit                             0x080038d8   Section        0  system_stm32f1xx.o(i.SystemInit)
    i.TIM_Base_SetConfig                     0x080038dc   Section        0  stm32f1xx_hal_tim.o(i.TIM_Base_SetConfig)
    i.TIM_ETR_SetConfig                      0x08003948   Section        0  stm32f1xx_hal_tim.o(i.TIM_ETR_SetConfig)
    i.TIM_ITRx_SetConfig                     0x0800395c   Section        0  stm32f1xx_hal_tim.o(i.TIM_ITRx_SetConfig)
    TIM_ITRx_SetConfig                       0x0800395d   Thumb Code    16  stm32f1xx_hal_tim.o(i.TIM_ITRx_SetConfig)
    i.TIM_OC1_SetConfig                      0x0800396c   Section        0  stm32f1xx_hal_tim.o(i.TIM_OC1_SetConfig)
    TIM_OC1_SetConfig                        0x0800396d   Thumb Code    74  stm32f1xx_hal_tim.o(i.TIM_OC1_SetConfig)
    i.TIM_OC2_SetConfig                      0x080039bc   Section        0  stm32f1xx_hal_tim.o(i.TIM_OC2_SetConfig)
    i.TIM_OC3_SetConfig                      0x08003a14   Section        0  stm32f1xx_hal_tim.o(i.TIM_OC3_SetConfig)
    TIM_OC3_SetConfig                        0x08003a15   Thumb Code    82  stm32f1xx_hal_tim.o(i.TIM_OC3_SetConfig)
    i.TIM_OC4_SetConfig                      0x08003a6c   Section        0  stm32f1xx_hal_tim.o(i.TIM_OC4_SetConfig)
    TIM_OC4_SetConfig                        0x08003a6d   Thumb Code    64  stm32f1xx_hal_tim.o(i.TIM_OC4_SetConfig)
    i.TIM_TI1_ConfigInputStage               0x08003ab0   Section        0  stm32f1xx_hal_tim.o(i.TIM_TI1_ConfigInputStage)
    TIM_TI1_ConfigInputStage                 0x08003ab1   Thumb Code    34  stm32f1xx_hal_tim.o(i.TIM_TI1_ConfigInputStage)
    i.TIM_TI2_ConfigInputStage               0x08003ad2   Section        0  stm32f1xx_hal_tim.o(i.TIM_TI2_ConfigInputStage)
    TIM_TI2_ConfigInputStage                 0x08003ad3   Thumb Code    36  stm32f1xx_hal_tim.o(i.TIM_TI2_ConfigInputStage)
    i.TextBox                                0x08003af8   Section        0  font.o(i.TextBox)
    i.UART_DMAAbortOnError                   0x08003c0c   Section        0  stm32f1xx_hal_uart.o(i.UART_DMAAbortOnError)
    UART_DMAAbortOnError                     0x08003c0d   Thumb Code    16  stm32f1xx_hal_uart.o(i.UART_DMAAbortOnError)
    i.UART_EndRxTransfer                     0x08003c1c   Section        0  stm32f1xx_hal_uart.o(i.UART_EndRxTransfer)
    UART_EndRxTransfer                       0x08003c1d   Thumb Code    48  stm32f1xx_hal_uart.o(i.UART_EndRxTransfer)
    i.UART_Receive_IT                        0x08003c4c   Section        0  stm32f1xx_hal_uart.o(i.UART_Receive_IT)
    UART_Receive_IT                          0x08003c4d   Thumb Code   182  stm32f1xx_hal_uart.o(i.UART_Receive_IT)
    i.UART_SetConfig                         0x08003d04   Section        0  stm32f1xx_hal_uart.o(i.UART_SetConfig)
    UART_SetConfig                           0x08003d05   Thumb Code   178  stm32f1xx_hal_uart.o(i.UART_SetConfig)
    i.USART2_IRQHandler                      0x08003dbc   Section        0  stm32f1xx_it.o(i.USART2_IRQHandler)
    i.UsageFault_Handler                     0x08003dc8   Section        0  stm32f1xx_it.o(i.UsageFault_Handler)
    i.Write_DB_GLCD                          0x08003dcc   Section        0  main.o(i.Write_DB_GLCD)
    i.__NVIC_SetPriority                     0x08003df0   Section        0  stm32f1xx_hal_cortex.o(i.__NVIC_SetPriority)
    __NVIC_SetPriority                       0x08003df1   Thumb Code    32  stm32f1xx_hal_cortex.o(i.__NVIC_SetPriority)
    i._delay_us                              0x08003e10   Section        0  main.o(i._delay_us)
    i.main                                   0x08003e24   Section        0  main.o(i.main)
    .constdata                               0x080040a0   Section     1549  main.o(.constdata)
    .constdata                               0x080046ad   Section       16  system_stm32f1xx.o(.constdata)
    .constdata                               0x080046bd   Section        8  system_stm32f1xx.o(.constdata)
    .constdata                               0x080046c5   Section      378  font.o(.constdata)
    .data                                    0x20000000   Section        8  main.o(.data)
    .data                                    0x20000008   Section       12  stm32f1xx_hal.o(.data)
    .data                                    0x20000014   Section        4  system_stm32f1xx.o(.data)
    .data                                    0x20000018   Section       36  font.o(.data)
    .data                                    0x2000003c   Section        4  ks0108.o(.data)
    .bss                                     0x20000040   Section      652  main.o(.bss)
    .bss                                     0x200002cc   Section       68  main.o(.bss)
    .bss                                     0x20000310   Section       96  libspace.o(.bss)
    HEAP                                     0x20000370   Section      512  startup_stm32f103xb.o(HEAP)
    Heap_Mem                                 0x20000370   Data         512  startup_stm32f103xb.o(HEAP)
    STACK                                    0x20000570   Section     1024  startup_stm32f103xb.o(STACK)
    Stack_Mem                                0x20000570   Data        1024  startup_stm32f103xb.o(STACK)
    __initial_sp                             0x20000970   Data           0  startup_stm32f103xb.o(STACK)

    Global Symbols

    Symbol Name                              Value     Ov Type        Size  Object(Section)

    BuildAttributes$$THM_ISAv4$P$D$K$B$S$PE$A:L22UL41UL21$X:L11$S22US41US21$IEEE1$IW$USESV6$~STKCKD$USESV7$~SHL$OSPACE$ROPI$EBA8$UX$STANDARDLIB$REQ8$PRES8$EABIv2 0x00000000   Number         0  anon$$obj.o ABSOLUTE
    __ARM_use_no_argv                        0x00000000   Number         0  main.o ABSOLUTE
    __ARM_exceptions_init                     - Undefined Weak Reference
    __alloca_initialize                       - Undefined Weak Reference
    __arm_fini_                               - Undefined Weak Reference
    __arm_preinit_                            - Undefined Weak Reference
    __cpp_initialize__aeabi_                  - Undefined Weak Reference
    __cxa_finalize                            - Undefined Weak Reference
    __rt_locale                               - Undefined Weak Reference
    __sigvec_lookup                           - Undefined Weak Reference
    _atexit_init                              - Undefined Weak Reference
    _call_atexit_fns                          - Undefined Weak Reference
    _clock_init                               - Undefined Weak Reference
    _fp_trap_init                             - Undefined Weak Reference
    _fp_trap_shutdown                         - Undefined Weak Reference
    _get_lc_collate                           - Undefined Weak Reference
    _get_lc_ctype                             - Undefined Weak Reference
    _get_lc_monetary                          - Undefined Weak Reference
    _get_lc_numeric                           - Undefined Weak Reference
    _get_lc_time                              - Undefined Weak Reference
    _getenv_init                              - Undefined Weak Reference
    _handle_redirection                       - Undefined Weak Reference
    _init_alloc                               - Undefined Weak Reference
    _init_user_alloc                          - Undefined Weak Reference
    _initio                                   - Undefined Weak Reference
    _printf_post_padding                      - Undefined Weak Reference
    _printf_pre_padding                       - Undefined Weak Reference
    _printf_truncate_signed                   - Undefined Weak Reference
    _printf_truncate_unsigned                 - Undefined Weak Reference
    _rand_init                                - Undefined Weak Reference
    _signal_finish                            - Undefined Weak Reference
    _signal_init                              - Undefined Weak Reference
    _terminate_alloc                          - Undefined Weak Reference
    _terminate_user_alloc                     - Undefined Weak Reference
    _terminateio                              - Undefined Weak Reference
    __Vectors_Size                           0x000000ec   Number         0  startup_stm32f103xb.o ABSOLUTE
    __Vectors                                0x08000000   Data           4  startup_stm32f103xb.o(RESET)
    __Vectors_End                            0x080000ec   Data           0  startup_stm32f103xb.o(RESET)
    __main                                   0x080000ed   Thumb Code     8  __main.o(!!!main)
    __scatterload                            0x080000f5   Thumb Code     0  __scatter.o(!!!scatter)
    __scatterload_rt2                        0x080000f5   Thumb Code    44  __scatter.o(!!!scatter)
    __scatterload_rt2_thumb_only             0x080000f5   Thumb Code     0  __scatter.o(!!!scatter)
    __scatterload_null                       0x08000103   Thumb Code     0  __scatter.o(!!!scatter)
    __scatterload_copy                       0x08000129   Thumb Code    26  __scatter_copy.o(!!handler_copy)
    __scatterload_zeroinit                   0x08000145   Thumb Code    28  __scatter_zi.o(!!handler_zi)
    _printf_d                                0x08000161   Thumb Code     0  _printf_d.o(.ARM.Collect$$_printf_percent$$00000009)
    _printf_percent                          0x08000161   Thumb Code     0  _printf_percent.o(.ARM.Collect$$_printf_percent$$00000000)
    _printf_percent_end                      0x08000167   Thumb Code     0  _printf_percent_end.o(.ARM.Collect$$_printf_percent$$00000017)
    __rt_lib_init                            0x0800016b   Thumb Code     0  libinit.o(.ARM.Collect$$libinit$$00000000)
    __rt_lib_init_alloca_1                   0x0800016d   Thumb Code     0  libinit2.o(.ARM.Collect$$libinit$$0000002E)
    __rt_lib_init_argv_1                     0x0800016d   Thumb Code     0  libinit2.o(.ARM.Collect$$libinit$$0000002C)
    __rt_lib_init_atexit_1                   0x0800016d   Thumb Code     0  libinit2.o(.ARM.Collect$$libinit$$0000001B)
    __rt_lib_init_clock_1                    0x0800016d   Thumb Code     0  libinit2.o(.ARM.Collect$$libinit$$00000021)
    __rt_lib_init_cpp_1                      0x0800016d   Thumb Code     0  libinit2.o(.ARM.Collect$$libinit$$00000032)
    __rt_lib_init_exceptions_1               0x0800016d   Thumb Code     0  libinit2.o(.ARM.Collect$$libinit$$00000030)
    __rt_lib_init_fp_1                       0x0800016d   Thumb Code     0  libinit2.o(.ARM.Collect$$libinit$$00000002)
    __rt_lib_init_fp_trap_1                  0x0800016d   Thumb Code     0  libinit2.o(.ARM.Collect$$libinit$$0000001F)
    __rt_lib_init_getenv_1                   0x0800016d   Thumb Code     0  libinit2.o(.ARM.Collect$$libinit$$00000023)
    __rt_lib_init_heap_1                     0x0800016d   Thumb Code     0  libinit2.o(.ARM.Collect$$libinit$$0000000A)
    __rt_lib_init_lc_collate_1               0x0800016d   Thumb Code     0  libinit2.o(.ARM.Collect$$libinit$$00000011)
    __rt_lib_init_lc_ctype_1                 0x0800016d   Thumb Code     0  libinit2.o(.ARM.Collect$$libinit$$00000013)
    __rt_lib_init_lc_monetary_1              0x0800016d   Thumb Code     0  libinit2.o(.ARM.Collect$$libinit$$00000015)
    __rt_lib_init_lc_numeric_1               0x0800016d   Thumb Code     0  libinit2.o(.ARM.Collect$$libinit$$00000017)
    __rt_lib_init_lc_time_1                  0x0800016d   Thumb Code     0  libinit2.o(.ARM.Collect$$libinit$$00000019)
    __rt_lib_init_preinit_1                  0x0800016d   Thumb Code     0  libinit2.o(.ARM.Collect$$libinit$$00000004)
    __rt_lib_init_rand_1                     0x0800016d   Thumb Code     0  libinit2.o(.ARM.Collect$$libinit$$0000000E)
    __rt_lib_init_return                     0x0800016d   Thumb Code     0  libinit2.o(.ARM.Collect$$libinit$$00000033)
    __rt_lib_init_signal_1                   0x0800016d   Thumb Code     0  libinit2.o(.ARM.Collect$$libinit$$0000001D)
    __rt_lib_init_stdio_1                    0x0800016d   Thumb Code     0  libinit2.o(.ARM.Collect$$libinit$$00000025)
    __rt_lib_init_user_alloc_1               0x0800016d   Thumb Code     0  libinit2.o(.ARM.Collect$$libinit$$0000000C)
    __rt_lib_shutdown                        0x0800016f   Thumb Code     0  libshutdown.o(.ARM.Collect$$libshutdown$$00000000)
    __rt_lib_shutdown_cpp_1                  0x08000171   Thumb Code     0  libshutdown2.o(.ARM.Collect$$libshutdown$$00000004)
    __rt_lib_shutdown_fini_1                 0x08000171   Thumb Code     0  libshutdown2.o(.ARM.Collect$$libshutdown$$00000002)
    __rt_lib_shutdown_fp_trap_1              0x08000171   Thumb Code     0  libshutdown2.o(.ARM.Collect$$libshutdown$$00000009)
    __rt_lib_shutdown_heap_1                 0x08000171   Thumb Code     0  libshutdown2.o(.ARM.Collect$$libshutdown$$00000011)
    __rt_lib_shutdown_return                 0x08000171   Thumb Code     0  libshutdown2.o(.ARM.Collect$$libshutdown$$00000012)
    __rt_lib_shutdown_signal_1               0x08000171   Thumb Code     0  libshutdown2.o(.ARM.Collect$$libshutdown$$0000000C)
    __rt_lib_shutdown_stdio_1                0x08000171   Thumb Code     0  libshutdown2.o(.ARM.Collect$$libshutdown$$00000006)
    __rt_lib_shutdown_user_alloc_1           0x08000171   Thumb Code     0  libshutdown2.o(.ARM.Collect$$libshutdown$$0000000E)
    __rt_entry                               0x08000173   Thumb Code     0  __rtentry.o(.ARM.Collect$$rtentry$$00000000)
    __rt_entry_presh_1                       0x08000173   Thumb Code     0  __rtentry2.o(.ARM.Collect$$rtentry$$00000002)
    __rt_entry_sh                            0x08000173   Thumb Code     0  __rtentry4.o(.ARM.Collect$$rtentry$$00000004)
    __rt_entry_li                            0x08000179   Thumb Code     0  __rtentry2.o(.ARM.Collect$$rtentry$$0000000A)
    __rt_entry_postsh_1                      0x08000179   Thumb Code     0  __rtentry2.o(.ARM.Collect$$rtentry$$00000009)
    __rt_entry_main                          0x0800017d   Thumb Code     0  __rtentry2.o(.ARM.Collect$$rtentry$$0000000D)
    __rt_entry_postli_1                      0x0800017d   Thumb Code     0  __rtentry2.o(.ARM.Collect$$rtentry$$0000000C)
    __rt_exit                                0x08000185   Thumb Code     0  rtexit.o(.ARM.Collect$$rtexit$$00000000)
    __rt_exit_ls                             0x08000187   Thumb Code     0  rtexit2.o(.ARM.Collect$$rtexit$$00000003)
    __rt_exit_prels_1                        0x08000187   Thumb Code     0  rtexit2.o(.ARM.Collect$$rtexit$$00000002)
    __rt_exit_exit                           0x0800018b   Thumb Code     0  rtexit2.o(.ARM.Collect$$rtexit$$00000004)
    Reset_Handler                            0x08000191   Thumb Code     8  startup_stm32f103xb.o(.text)
    CAN1_RX1_IRQHandler                      0x080001ab   Thumb Code     0  startup_stm32f103xb.o(.text)
    CAN1_SCE_IRQHandler                      0x080001ab   Thumb Code     0  startup_stm32f103xb.o(.text)
    DMA1_Channel2_IRQHandler                 0x080001ab   Thumb Code     0  startup_stm32f103xb.o(.text)
    DMA1_Channel3_IRQHandler                 0x080001ab   Thumb Code     0  startup_stm32f103xb.o(.text)
    DMA1_Channel4_IRQHandler                 0x080001ab   Thumb Code     0  startup_stm32f103xb.o(.text)
    DMA1_Channel5_IRQHandler                 0x080001ab   Thumb Code     0  startup_stm32f103xb.o(.text)
    DMA1_Channel6_IRQHandler                 0x080001ab   Thumb Code     0  startup_stm32f103xb.o(.text)
    DMA1_Channel7_IRQHandler                 0x080001ab   Thumb Code     0  startup_stm32f103xb.o(.text)
    EXTI0_IRQHandler                         0x080001ab   Thumb Code     0  startup_stm32f103xb.o(.text)
    EXTI15_10_IRQHandler                     0x080001ab   Thumb Code     0  startup_stm32f103xb.o(.text)
    EXTI1_IRQHandler                         0x080001ab   Thumb Code     0  startup_stm32f103xb.o(.text)
    EXTI2_IRQHandler                         0x080001ab   Thumb Code     0  startup_stm32f103xb.o(.text)
    EXTI3_IRQHandler                         0x080001ab   Thumb Code     0  startup_stm32f103xb.o(.text)
    EXTI4_IRQHandler                         0x080001ab   Thumb Code     0  startup_stm32f103xb.o(.text)
    EXTI9_5_IRQHandler                       0x080001ab   Thumb Code     0  startup_stm32f103xb.o(.text)
    FLASH_IRQHandler                         0x080001ab   Thumb Code     0  startup_stm32f103xb.o(.text)
    I2C1_ER_IRQHandler                       0x080001ab   Thumb Code     0  startup_stm32f103xb.o(.text)
    I2C1_EV_IRQHandler                       0x080001ab   Thumb Code     0  startup_stm32f103xb.o(.text)
    I2C2_ER_IRQHandler                       0x080001ab   Thumb Code     0  startup_stm32f103xb.o(.text)
    I2C2_EV_IRQHandler                       0x080001ab   Thumb Code     0  startup_stm32f103xb.o(.text)
    PVD_IRQHandler                           0x080001ab   Thumb Code     0  startup_stm32f103xb.o(.text)
    RCC_IRQHandler                           0x080001ab   Thumb Code     0  startup_stm32f103xb.o(.text)
    RTC_Alarm_IRQHandler                     0x080001ab   Thumb Code     0  startup_stm32f103xb.o(.text)
    RTC_IRQHandler                           0x080001ab   Thumb Code     0  startup_stm32f103xb.o(.text)
    SPI1_IRQHandler                          0x080001ab   Thumb Code     0  startup_stm32f103xb.o(.text)
    SPI2_IRQHandler                          0x080001ab   Thumb Code     0  startup_stm32f103xb.o(.text)
    TAMPER_IRQHandler                        0x080001ab   Thumb Code     0  startup_stm32f103xb.o(.text)
    TIM1_BRK_IRQHandler                      0x080001ab   Thumb Code     0  startup_stm32f103xb.o(.text)
    TIM1_CC_IRQHandler                       0x080001ab   Thumb Code     0  startup_stm32f103xb.o(.text)
    TIM1_TRG_COM_IRQHandler                  0x080001ab   Thumb Code     0  startup_stm32f103xb.o(.text)
    TIM1_UP_IRQHandler                       0x080001ab   Thumb Code     0  startup_stm32f103xb.o(.text)
    TIM2_IRQHandler                          0x080001ab   Thumb Code     0  startup_stm32f103xb.o(.text)
    TIM3_IRQHandler                          0x080001ab   Thumb Code     0  startup_stm32f103xb.o(.text)
    TIM4_IRQHandler                          0x080001ab   Thumb Code     0  startup_stm32f103xb.o(.text)
    USART1_IRQHandler                        0x080001ab   Thumb Code     0  startup_stm32f103xb.o(.text)
    USART3_IRQHandler                        0x080001ab   Thumb Code     0  startup_stm32f103xb.o(.text)
    USBWakeUp_IRQHandler                     0x080001ab   Thumb Code     0  startup_stm32f103xb.o(.text)
    USB_HP_CAN1_TX_IRQHandler                0x080001ab   Thumb Code     0  startup_stm32f103xb.o(.text)
    USB_LP_CAN1_RX0_IRQHandler               0x080001ab   Thumb Code     0  startup_stm32f103xb.o(.text)
    WWDG_IRQHandler                          0x080001ab   Thumb Code     0  startup_stm32f103xb.o(.text)
    __user_initial_stackheap                 0x080001ad   Thumb Code     0  startup_stm32f103xb.o(.text)
    __2sprintf                               0x080001d1   Thumb Code    34  noretval__2sprintf.o(.text)
    __printf                                 0x080001f9   Thumb Code   104  __printf.o(.text)
    _printf_int_dec                          0x08000261   Thumb Code   104  _printf_dec.o(.text)
    __aeabi_memclr4                          0x080002d9   Thumb Code     0  rt_memclr_w.o(.text)
    __aeabi_memclr8                          0x080002d9   Thumb Code     0  rt_memclr_w.o(.text)
    __rt_memclr_w                            0x080002d9   Thumb Code    78  rt_memclr_w.o(.text)
    _memset_w                                0x080002dd   Thumb Code     0  rt_memclr_w.o(.text)
    __use_two_region_memory                  0x08000327   Thumb Code     2  heapauxi.o(.text)
    __rt_heap_escrow$2region                 0x08000329   Thumb Code     2  heapauxi.o(.text)
    __rt_heap_expand$2region                 0x0800032b   Thumb Code     2  heapauxi.o(.text)
    _printf_int_common                       0x0800032d   Thumb Code   178  _printf_intcommon.o(.text)
    _printf_char_common                      0x080003eb   Thumb Code    32  _printf_char_common.o(.text)
    _sputc                                   0x08000411   Thumb Code    10  _sputc.o(.text)
    __user_setup_stackheap                   0x0800041b   Thumb Code    74  sys_stackheap_outer.o(.text)
    exit                                     0x08000465   Thumb Code    18  exit.o(.text)
    __user_libspace                          0x08000479   Thumb Code     8  libspace.o(.text)
    __user_perproc_libspace                  0x08000479   Thumb Code     0  libspace.o(.text)
    __user_perthread_libspace                0x08000479   Thumb Code     0  libspace.o(.text)
    _sys_exit                                0x08000481   Thumb Code     8  sys_exit.o(.text)
    __I$use$semihosting                      0x0800048d   Thumb Code     0  use_no_semi.o(.text)
    __use_no_semihosting_swi                 0x0800048d   Thumb Code     2  use_no_semi.o(.text)
    __semihosting_library_function           0x0800048f   Thumb Code     0  indicate_semi.o(.text)
    ADC1_2_IRQHandler                        0x08000491   Thumb Code     6  stm32f1xx_it.o(i.ADC1_2_IRQHandler)
    ADC_ConversionStop_Disable               0x0800049d   Thumb Code    86  stm32f1xx_hal_adc.o(i.ADC_ConversionStop_Disable)
    ADC_DMAConvCplt                          0x080004f3   Thumb Code    78  stm32f1xx_hal_adc.o(i.ADC_DMAConvCplt)
    ADC_DMAError                             0x08000541   Thumb Code    26  stm32f1xx_hal_adc.o(i.ADC_DMAError)
    ADC_DMAHalfConvCplt                      0x0800055b   Thumb Code    10  stm32f1xx_hal_adc.o(i.ADC_DMAHalfConvCplt)
    ADC_Enable                               0x08000565   Thumb Code   114  stm32f1xx_hal_adc.o(i.ADC_Enable)
    Bit_Is_Set                               0x080005e1   Thumb Code    16  font.o(i.Bit_Is_Set)
    BusFault_Handler                         0x080005f1   Thumb Code     2  stm32f1xx_it.o(i.BusFault_Handler)
    CalcTextWidth                            0x080005f5   Thumb Code    14  font.o(i.CalcTextWidth)
    CalcTextWidthEN                          0x08000609   Thumb Code   138  font.o(i.CalcTextWidthEN)
    CalcTextWidthPE                          0x08000699   Thumb Code   584  font.o(i.CalcTextWidthPE)
    DMA1_Channel1_IRQHandler                 0x080008e9   Thumb Code     6  stm32f1xx_it.o(i.DMA1_Channel1_IRQHandler)
    DebugMon_Handler                         0x0800091f   Thumb Code     2  stm32f1xx_it.o(i.DebugMon_Handler)
    Enable                                   0x08000921   Thumb Code    42  ks0108.o(i.Enable)
    Error_Handler                            0x08000951   Thumb Code     4  main.o(i.Error_Handler)
    HAL_ADCEx_Calibration_Start              0x08000955   Thumb Code   210  stm32f1xx_hal_adc_ex.o(i.HAL_ADCEx_Calibration_Start)
    HAL_ADCEx_InjectedConvCpltCallback       0x08000a2d   Thumb Code     2  stm32f1xx_hal_adc_ex.o(i.HAL_ADCEx_InjectedConvCpltCallback)
    HAL_ADC_ConfigChannel                    0x08000a31   Thumb Code   240  stm32f1xx_hal_adc.o(i.HAL_ADC_ConfigChannel)
    HAL_ADC_ConvCpltCallback                 0x08000b2d   Thumb Code    36  main.o(i.HAL_ADC_ConvCpltCallback)
    HAL_ADC_ConvHalfCpltCallback             0x08000b6d   Thumb Code     2  stm32f1xx_hal_adc.o(i.HAL_ADC_ConvHalfCpltCallback)
    HAL_ADC_ErrorCallback                    0x08000b6f   Thumb Code     2  stm32f1xx_hal_adc.o(i.HAL_ADC_ErrorCallback)
    HAL_ADC_IRQHandler                       0x08000b71   Thumb Code   230  stm32f1xx_hal_adc.o(i.HAL_ADC_IRQHandler)
    HAL_ADC_Init                             0x08000c59   Thumb Code   272  stm32f1xx_hal_adc.o(i.HAL_ADC_Init)
    HAL_ADC_LevelOutOfWindowCallback         0x08000d75   Thumb Code     2  stm32f1xx_hal_adc.o(i.HAL_ADC_LevelOutOfWindowCallback)
    HAL_ADC_MspInit                          0x08000d79   Thumb Code   136  stm32f1xx_hal_msp.o(i.HAL_ADC_MspInit)
    HAL_ADC_Start_DMA                        0x08000e15   Thumb Code   246  stm32f1xx_hal_adc.o(i.HAL_ADC_Start_DMA)
    HAL_CAN_Init                             0x08000f21   Thumb Code   282  stm32f1xx_hal_can.o(i.HAL_CAN_Init)
    HAL_CAN_MspInit                          0x0800103d   Thumb Code    96  stm32f1xx_hal_msp.o(i.HAL_CAN_MspInit)
    HAL_DMA_Abort                            0x080010a9   Thumb Code    70  stm32f1xx_hal_dma.o(i.HAL_DMA_Abort)
    HAL_DMA_Abort_IT                         0x080010f1   Thumb Code   148  stm32f1xx_hal_dma.o(i.HAL_DMA_Abort_IT)
    HAL_DMA_IRQHandler                       0x08001189   Thumb Code   316  stm32f1xx_hal_dma.o(i.HAL_DMA_IRQHandler)
    HAL_DMA_Init                             0x080012dd   Thumb Code    84  stm32f1xx_hal_dma.o(i.HAL_DMA_Init)
    HAL_DMA_Start_IT                         0x08001339   Thumb Code   112  stm32f1xx_hal_dma.o(i.HAL_DMA_Start_IT)
    HAL_Delay                                0x080013a9   Thumb Code    32  stm32f1xx_hal.o(i.HAL_Delay)
    HAL_GPIO_Init                            0x080013cd   Thumb Code   446  stm32f1xx_hal_gpio.o(i.HAL_GPIO_Init)
    HAL_GPIO_ReadPin                         0x080015ad   Thumb Code    10  stm32f1xx_hal_gpio.o(i.HAL_GPIO_ReadPin)
    HAL_GPIO_TogglePin                       0x080015b7   Thumb Code    16  stm32f1xx_hal_gpio.o(i.HAL_GPIO_TogglePin)
    HAL_GPIO_WritePin                        0x080015c7   Thumb Code    10  stm32f1xx_hal_gpio.o(i.HAL_GPIO_WritePin)
    HAL_GetTick                              0x080015d1   Thumb Code     6  stm32f1xx_hal.o(i.HAL_GetTick)
    HAL_IncTick                              0x080015dd   Thumb Code    12  stm32f1xx_hal.o(i.HAL_IncTick)
    HAL_Init                                 0x080015ed   Thumb Code    32  stm32f1xx_hal.o(i.HAL_Init)
    HAL_InitTick                             0x08001611   Thumb Code    54  stm32f1xx_hal.o(i.HAL_InitTick)
    HAL_MspInit                              0x08001651   Thumb Code    52  stm32f1xx_hal_msp.o(i.HAL_MspInit)
    HAL_NVIC_EnableIRQ                       0x0800168d   Thumb Code    26  stm32f1xx_hal_cortex.o(i.HAL_NVIC_EnableIRQ)
    HAL_NVIC_SetPriority                     0x080016a9   Thumb Code    60  stm32f1xx_hal_cortex.o(i.HAL_NVIC_SetPriority)
    HAL_NVIC_SetPriorityGrouping             0x080016e9   Thumb Code    26  stm32f1xx_hal_cortex.o(i.HAL_NVIC_SetPriorityGrouping)
    HAL_RCCEx_GetPeriphCLKFreq               0x0800170d   Thumb Code   166  stm32f1xx_hal_rcc_ex.o(i.HAL_RCCEx_GetPeriphCLKFreq)
    HAL_RCCEx_PeriphCLKConfig                0x080017d5   Thumb Code   224  stm32f1xx_hal_rcc_ex.o(i.HAL_RCCEx_PeriphCLKConfig)
    HAL_RCC_ClockConfig                      0x080018c1   Thumb Code   280  stm32f1xx_hal_rcc.o(i.HAL_RCC_ClockConfig)
    HAL_RCC_GetPCLK1Freq                     0x080019ed   Thumb Code    20  stm32f1xx_hal_rcc.o(i.HAL_RCC_GetPCLK1Freq)
    HAL_RCC_GetPCLK2Freq                     0x08001a0d   Thumb Code    20  stm32f1xx_hal_rcc.o(i.HAL_RCC_GetPCLK2Freq)
    HAL_RCC_GetSysClockFreq                  0x08001a2d   Thumb Code    74  stm32f1xx_hal_rcc.o(i.HAL_RCC_GetSysClockFreq)
    HAL_RCC_OscConfig                        0x08001a99   Thumb Code   778  stm32f1xx_hal_rcc.o(i.HAL_RCC_OscConfig)
    HAL_SPI_Init                             0x08001db9   Thumb Code   178  stm32f1xx_hal_spi.o(i.HAL_SPI_Init)
    HAL_SPI_MspInit                          0x08001e6d   Thumb Code    98  stm32f1xx_hal_msp.o(i.HAL_SPI_MspInit)
    HAL_SYSTICK_Config                       0x08001edd   Thumb Code    40  stm32f1xx_hal_cortex.o(i.HAL_SYSTICK_Config)
    HAL_TIMEx_MasterConfigSynchronization    0x08001f05   Thumb Code    92  stm32f1xx_hal_tim_ex.o(i.HAL_TIMEx_MasterConfigSynchronization)
    HAL_TIM_Base_Init                        0x08001f6d   Thumb Code    90  stm32f1xx_hal_tim.o(i.HAL_TIM_Base_Init)
    HAL_TIM_Base_MspInit                     0x08001fc9   Thumb Code    52  stm32f1xx_hal_msp.o(i.HAL_TIM_Base_MspInit)
    HAL_TIM_ConfigClockSource                0x08002005   Thumb Code   214  stm32f1xx_hal_tim.o(i.HAL_TIM_ConfigClockSource)
    HAL_TIM_PWM_ConfigChannel                0x080020db   Thumb Code   198  stm32f1xx_hal_tim.o(i.HAL_TIM_PWM_ConfigChannel)
    HAL_TIM_PWM_Init                         0x080021a1   Thumb Code    90  stm32f1xx_hal_tim.o(i.HAL_TIM_PWM_Init)
    HAL_TIM_PWM_MspInit                      0x080021fb   Thumb Code     2  stm32f1xx_hal_tim.o(i.HAL_TIM_PWM_MspInit)
    HAL_UARTEx_RxEventCallback               0x080021fd   Thumb Code     2  stm32f1xx_hal_uart.o(i.HAL_UARTEx_RxEventCallback)
    HAL_UART_ErrorCallback                   0x080021ff   Thumb Code     2  stm32f1xx_hal_uart.o(i.HAL_UART_ErrorCallback)
    HAL_UART_IRQHandler                      0x08002201   Thumb Code   520  stm32f1xx_hal_uart.o(i.HAL_UART_IRQHandler)
    HAL_UART_Init                            0x0800240d   Thumb Code    98  stm32f1xx_hal_uart.o(i.HAL_UART_Init)
    HAL_UART_MspInit                         0x08002471   Thumb Code   248  stm32f1xx_hal_msp.o(i.HAL_UART_MspInit)
    HAL_UART_RxCpltCallback                  0x08002581   Thumb Code     2  stm32f1xx_hal_uart.o(i.HAL_UART_RxCpltCallback)
    HAL_UART_TxCpltCallback                  0x08002583   Thumb Code     2  stm32f1xx_hal_uart.o(i.HAL_UART_TxCpltCallback)
    HardFault_Handler                        0x08002585   Thumb Code     2  stm32f1xx_it.o(i.HardFault_Handler)
    Input_DB_GLCD                            0x08002589   Thumb Code    24  main.o(i.Input_DB_GLCD)
    KS108_CLS                                0x080025a5   Thumb Code    34  ks0108.o(i.KS108_CLS)
    KS108_ClearPage                          0x080025c7   Thumb Code    32  ks0108.o(i.KS108_ClearPage)
    KS108_DoReadData                         0x080025e9   Thumb Code   194  ks0108.o(i.KS108_DoReadData)
    KS108_DrawBitmap                         0x080026b5   Thumb Code   236  ks0108.o(i.KS108_DrawBitmap)
    KS108_FillRect                           0x080027a1   Thumb Code   208  ks0108.o(i.KS108_FillRect)
    KS108_GotoXY                             0x08002871   Thumb Code    78  ks0108.o(i.KS108_GotoXY)
    KS108_Init                               0x080028c5   Thumb Code   118  ks0108.o(i.KS108_Init)
    KS108_Init_Port                          0x08002949   Thumb Code    82  ks0108.o(i.KS108_Init_Port)
    KS108_InvertRect                         0x080029a1   Thumb Code   208  ks0108.o(i.KS108_InvertRect)
    KS108_ReadData                           0x08002a71   Thumb Code    18  ks0108.o(i.KS108_ReadData)
    KS108_SetDot                             0x08002a83   Thumb Code    56  ks0108.o(i.KS108_SetDot)
    KS108_WriteCommand                       0x08002abd   Thumb Code    96  ks0108.o(i.KS108_WriteCommand)
    KS108_WriteData                          0x08002b21   Thumb Code   342  ks0108.o(i.KS108_WriteData)
    KS108_delay450ns                         0x08002c81   Thumb Code    20  ks0108.o(i.KS108_delay450ns)
    LcdFont                                  0x08002c95   Thumb Code    34  font.o(i.LcdFont)
    MemManage_Handler                        0x08002f51   Thumb Code     2  stm32f1xx_it.o(i.MemManage_Handler)
    NMI_Handler                              0x08002f53   Thumb Code     2  stm32f1xx_it.o(i.NMI_Handler)
    Output_DB_GLCD                           0x08002f55   Thumb Code    34  main.o(i.Output_DB_GLCD)
    PendSV_Handler                           0x08002f7d   Thumb Code     2  stm32f1xx_it.o(i.PendSV_Handler)
    PutCharEN                                0x08002f81   Thumb Code   464  font.o(i.PutCharEN)
    PutCharPE                                0x08003155   Thumb Code   392  font.o(i.PutCharPE)
    PutText                                  0x080032e1   Thumb Code   146  font.o(i.PutText)
    Puts                                     0x08003379   Thumb Code    38  font.o(i.Puts)
    PutsPE                                   0x080033a5   Thumb Code   412  font.o(i.PutsPE)
    Read_DB_GLCD                             0x08003549   Thumb Code   158  main.o(i.Read_DB_GLCD)
    Rectangle                                0x080035f1   Thumb Code    76  graphic.o(i.Rectangle)
    RoundRectangle                           0x0800363d   Thumb Code   518  graphic.o(i.RoundRectangle)
    SVC_Handler                              0x08003843   Thumb Code     2  stm32f1xx_it.o(i.SVC_Handler)
    SetLetter                                0x08003845   Thumb Code    18  font.o(i.SetLetter)
    SysTick_Handler                          0x0800385d   Thumb Code     4  stm32f1xx_it.o(i.SysTick_Handler)
    SystemClock_Config                       0x08003861   Thumb Code   120  main.o(i.SystemClock_Config)
    SystemInit                               0x080038d9   Thumb Code     2  system_stm32f1xx.o(i.SystemInit)
    TIM_Base_SetConfig                       0x080038dd   Thumb Code    94  stm32f1xx_hal_tim.o(i.TIM_Base_SetConfig)
    TIM_ETR_SetConfig                        0x08003949   Thumb Code    20  stm32f1xx_hal_tim.o(i.TIM_ETR_SetConfig)
    TIM_OC2_SetConfig                        0x080039bd   Thumb Code    84  stm32f1xx_hal_tim.o(i.TIM_OC2_SetConfig)
    TextBox                                  0x08003af9   Thumb Code   270  font.o(i.TextBox)
    USART2_IRQHandler                        0x08003dbd   Thumb Code     6  stm32f1xx_it.o(i.USART2_IRQHandler)
    UsageFault_Handler                       0x08003dc9   Thumb Code     2  stm32f1xx_it.o(i.UsageFault_Handler)
    Write_DB_GLCD                            0x08003dcd   Thumb Code    30  main.o(i.Write_DB_GLCD)
    _delay_us                                0x08003e11   Thumb Code    18  main.o(i._delay_us)
    main                                     0x08003e25   Thumb Code   536  main.o(i.main)
    f5x7                                     0x080040a0   Data         522  main.o(.constdata)
    Logo                                     0x080042aa   Data        1027  main.o(.constdata)
    AHBPrescTable                            0x080046ad   Data          16  system_stm32f1xx.o(.constdata)
    APBPrescTable                            0x080046bd   Data           8  system_stm32f1xx.o(.constdata)
    PEmap                                    0x080046c5   Data         378  font.o(.constdata)
    Region$$Table$$Base                      0x08004840   Number         0  anon$$obj.o(Region$$Table)
    Region$$Table$$Limit                     0x08004860   Number         0  anon$$obj.o(Region$$Table)
    keyNumber                                0x20000000   Data           1  main.o(.data)
    Data                                     0x20000001   Data           1  main.o(.data)
    keysValue                                0x20000004   Data           4  main.o(.data)
    uwTickFreq                               0x20000008   Data           1  stm32f1xx_hal.o(.data)
    uwTickPrio                               0x2000000c   Data           4  stm32f1xx_hal.o(.data)
    uwTick                                   0x20000010   Data           4  stm32f1xx_hal.o(.data)
    SystemCoreClock                          0x20000014   Data           4  system_stm32f1xx.o(.data)
    rot                                      0x20000018   Data           1  font.o(.data)
    Reverse                                  0x20000019   Data           1  font.o(.data)
    Horizontal                               0x2000001a   Data           1  font.o(.data)
    FontFixed                                0x2000001b   Data           1  font.o(.data)
    NonTransparence                          0x2000001c   Data           1  font.o(.data)
    FontXScale                               0x2000001d   Data           1  font.o(.data)
    FontYScale                               0x2000001e   Data           1  font.o(.data)
    FontSpace                                0x2000001f   Data           1  font.o(.data)
    peLETTER                                 0x20000020   Data           1  font.o(.data)
    prevLet                                  0x20000021   Data           1  font.o(.data)
    nextLet                                  0x20000022   Data           1  font.o(.data)
    firstchar                                0x20000023   Data           1  font.o(.data)
    lastchar                                 0x20000024   Data           1  font.o(.data)
    charwidth                                0x20000025   Data           1  font.o(.data)
    FontWidth                                0x20000026   Data           1  font.o(.data)
    FontHeight                               0x20000027   Data           1  font.o(.data)
    FgColor                                  0x20000028   Data           2  font.o(.data)
    BkColor                                  0x2000002a   Data           2  font.o(.data)
    fontSize                                 0x2000002c   Data           2  font.o(.data)
    cursorX                                  0x20000030   Data           4  font.o(.data)
    cursorY                                  0x20000034   Data           4  font.o(.data)
    FontPointer                              0x20000038   Data           4  font.o(.data)
    Inverted                                 0x2000003c   Data           1  ks0108.o(.data)
    KS108_Coord                              0x2000003d   Data           3  ks0108.o(.data)
    hadc1                                    0x20000040   Data          48  main.o(.bss)
    hcan                                     0x20000070   Data          40  main.o(.bss)
    hspi1                                    0x20000098   Data          88  main.o(.bss)
    htim1                                    0x200000f0   Data          72  main.o(.bss)
    htim2                                    0x20000138   Data          72  main.o(.bss)
    huart1                                   0x20000180   Data          68  main.o(.bss)
    huart2                                   0x200001c4   Data          68  main.o(.bss)
    huart3                                   0x20000208   Data          68  main.o(.bss)
    str                                      0x2000024c   Data         128  main.o(.bss)
    hdma_adc1                                0x200002cc   Data          68  main.o(.bss)
    __libspace_start                         0x20000310   Data          96  libspace.o(.bss)
    __temporary_stack_top$libspace           0x20000370   Data           0  libspace.o(.bss)



==============================================================================

Memory Map of the image

  Image Entry point : 0x080000ed

  Load Region LR_IROM1 (Base: 0x08000000, Size: 0x000048a0, Max: 0x00010000, ABSOLUTE)

    Execution Region ER_IROM1 (Exec base: 0x08000000, Load base: 0x08000000, Size: 0x00004860, Max: 0x00010000, ABSOLUTE)

    Exec Addr    Load Addr    Size         Type   Attr      Idx    E Section Name        Object

    0x08000000   0x08000000   0x000000ec   Data   RO            3    RESET               startup_stm32f103xb.o
    0x080000ec   0x080000ec   0x00000008   Code   RO         4007  * !!!main             c_w.l(__main.o)
    0x080000f4   0x080000f4   0x00000034   Code   RO         4175    !!!scatter          c_w.l(__scatter.o)
    0x08000128   0x08000128   0x0000001a   Code   RO         4177    !!handler_copy      c_w.l(__scatter_copy.o)
    0x08000142   0x08000142   0x00000002   PAD
    0x08000144   0x08000144   0x0000001c   Code   RO         4179    !!handler_zi        c_w.l(__scatter_zi.o)
    0x08000160   0x08000160   0x00000000   Code   RO         4002    .ARM.Collect$$_printf_percent$$00000000  c_w.l(_printf_percent.o)
    0x08000160   0x08000160   0x00000006   Code   RO         4001    .ARM.Collect$$_printf_percent$$00000009  c_w.l(_printf_d.o)
    0x08000166   0x08000166   0x00000004   Code   RO         4016    .ARM.Collect$$_printf_percent$$00000017  c_w.l(_printf_percent_end.o)
    0x0800016a   0x0800016a   0x00000002   Code   RO         4043    .ARM.Collect$$libinit$$00000000  c_w.l(libinit.o)
    0x0800016c   0x0800016c   0x00000000   Code   RO         4050    .ARM.Collect$$libinit$$00000002  c_w.l(libinit2.o)
    0x0800016c   0x0800016c   0x00000000   Code   RO         4052    .ARM.Collect$$libinit$$00000004  c_w.l(libinit2.o)
    0x0800016c   0x0800016c   0x00000000   Code   RO         4055    .ARM.Collect$$libinit$$0000000A  c_w.l(libinit2.o)
    0x0800016c   0x0800016c   0x00000000   Code   RO         4057    .ARM.Collect$$libinit$$0000000C  c_w.l(libinit2.o)
    0x0800016c   0x0800016c   0x00000000   Code   RO         4059    .ARM.Collect$$libinit$$0000000E  c_w.l(libinit2.o)
    0x0800016c   0x0800016c   0x00000000   Code   RO         4062    .ARM.Collect$$libinit$$00000011  c_w.l(libinit2.o)
    0x0800016c   0x0800016c   0x00000000   Code   RO         4064    .ARM.Collect$$libinit$$00000013  c_w.l(libinit2.o)
    0x0800016c   0x0800016c   0x00000000   Code   RO         4066    .ARM.Collect$$libinit$$00000015  c_w.l(libinit2.o)
    0x0800016c   0x0800016c   0x00000000   Code   RO         4068    .ARM.Collect$$libinit$$00000017  c_w.l(libinit2.o)
    0x0800016c   0x0800016c   0x00000000   Code   RO         4070    .ARM.Collect$$libinit$$00000019  c_w.l(libinit2.o)
    0x0800016c   0x0800016c   0x00000000   Code   RO         4072    .ARM.Collect$$libinit$$0000001B  c_w.l(libinit2.o)
    0x0800016c   0x0800016c   0x00000000   Code   RO         4074    .ARM.Collect$$libinit$$0000001D  c_w.l(libinit2.o)
    0x0800016c   0x0800016c   0x00000000   Code   RO         4076    .ARM.Collect$$libinit$$0000001F  c_w.l(libinit2.o)
    0x0800016c   0x0800016c   0x00000000   Code   RO         4078    .ARM.Collect$$libinit$$00000021  c_w.l(libinit2.o)
    0x0800016c   0x0800016c   0x00000000   Code   RO         4080    .ARM.Collect$$libinit$$00000023  c_w.l(libinit2.o)
    0x0800016c   0x0800016c   0x00000000   Code   RO         4082    .ARM.Collect$$libinit$$00000025  c_w.l(libinit2.o)
    0x0800016c   0x0800016c   0x00000000   Code   RO         4086    .ARM.Collect$$libinit$$0000002C  c_w.l(libinit2.o)
    0x0800016c   0x0800016c   0x00000000   Code   RO         4088    .ARM.Collect$$libinit$$0000002E  c_w.l(libinit2.o)
    0x0800016c   0x0800016c   0x00000000   Code   RO         4090    .ARM.Collect$$libinit$$00000030  c_w.l(libinit2.o)
    0x0800016c   0x0800016c   0x00000000   Code   RO         4092    .ARM.Collect$$libinit$$00000032  c_w.l(libinit2.o)
    0x0800016c   0x0800016c   0x00000002   Code   RO         4093    .ARM.Collect$$libinit$$00000033  c_w.l(libinit2.o)
    0x0800016e   0x0800016e   0x00000002   Code   RO         4113    .ARM.Collect$$libshutdown$$00000000  c_w.l(libshutdown.o)
    0x08000170   0x08000170   0x00000000   Code   RO         4126    .ARM.Collect$$libshutdown$$00000002  c_w.l(libshutdown2.o)
    0x08000170   0x08000170   0x00000000   Code   RO         4128    .ARM.Collect$$libshutdown$$00000004  c_w.l(libshutdown2.o)
    0x08000170   0x08000170   0x00000000   Code   RO         4130    .ARM.Collect$$libshutdown$$00000006  c_w.l(libshutdown2.o)
    0x08000170   0x08000170   0x00000000   Code   RO         4133    .ARM.Collect$$libshutdown$$00000009  c_w.l(libshutdown2.o)
    0x08000170   0x08000170   0x00000000   Code   RO         4136    .ARM.Collect$$libshutdown$$0000000C  c_w.l(libshutdown2.o)
    0x08000170   0x08000170   0x00000000   Code   RO         4138    .ARM.Collect$$libshutdown$$0000000E  c_w.l(libshutdown2.o)
    0x08000170   0x08000170   0x00000000   Code   RO         4141    .ARM.Collect$$libshutdown$$00000011  c_w.l(libshutdown2.o)
    0x08000170   0x08000170   0x00000002   Code   RO         4142    .ARM.Collect$$libshutdown$$00000012  c_w.l(libshutdown2.o)
    0x08000172   0x08000172   0x00000000   Code   RO         4009    .ARM.Collect$$rtentry$$00000000  c_w.l(__rtentry.o)
    0x08000172   0x08000172   0x00000000   Code   RO         4018    .ARM.Collect$$rtentry$$00000002  c_w.l(__rtentry2.o)
    0x08000172   0x08000172   0x00000006   Code   RO         4030    .ARM.Collect$$rtentry$$00000004  c_w.l(__rtentry4.o)
    0x08000178   0x08000178   0x00000000   Code   RO         4020    .ARM.Collect$$rtentry$$00000009  c_w.l(__rtentry2.o)
    0x08000178   0x08000178   0x00000004   Code   RO         4021    .ARM.Collect$$rtentry$$0000000A  c_w.l(__rtentry2.o)
    0x0800017c   0x0800017c   0x00000000   Code   RO         4023    .ARM.Collect$$rtentry$$0000000C  c_w.l(__rtentry2.o)
    0x0800017c   0x0800017c   0x00000008   Code   RO         4024    .ARM.Collect$$rtentry$$0000000D  c_w.l(__rtentry2.o)
    0x08000184   0x08000184   0x00000002   Code   RO         4047    .ARM.Collect$$rtexit$$00000000  c_w.l(rtexit.o)
    0x08000186   0x08000186   0x00000000   Code   RO         4095    .ARM.Collect$$rtexit$$00000002  c_w.l(rtexit2.o)
    0x08000186   0x08000186   0x00000004   Code   RO         4096    .ARM.Collect$$rtexit$$00000003  c_w.l(rtexit2.o)
    0x0800018a   0x0800018a   0x00000006   Code   RO         4097    .ARM.Collect$$rtexit$$00000004  c_w.l(rtexit2.o)
    0x08000190   0x08000190   0x00000040   Code   RO            4    .text               startup_stm32f103xb.o
    0x080001d0   0x080001d0   0x00000028   Code   RO         3975    .text               c_w.l(noretval__2sprintf.o)
    0x080001f8   0x080001f8   0x00000068   Code   RO         3977    .text               c_w.l(__printf.o)
    0x08000260   0x08000260   0x00000078   Code   RO         3979    .text               c_w.l(_printf_dec.o)
    0x080002d8   0x080002d8   0x0000004e   Code   RO         4003    .text               c_w.l(rt_memclr_w.o)
    0x08000326   0x08000326   0x00000006   Code   RO         4005    .text               c_w.l(heapauxi.o)
    0x0800032c   0x0800032c   0x000000b2   Code   RO         4010    .text               c_w.l(_printf_intcommon.o)
    0x080003de   0x080003de   0x00000002   PAD
    0x080003e0   0x080003e0   0x00000030   Code   RO         4012    .text               c_w.l(_printf_char_common.o)
    0x08000410   0x08000410   0x0000000a   Code   RO         4014    .text               c_w.l(_sputc.o)
    0x0800041a   0x0800041a   0x0000004a   Code   RO         4034    .text               c_w.l(sys_stackheap_outer.o)
    0x08000464   0x08000464   0x00000012   Code   RO         4036    .text               c_w.l(exit.o)
    0x08000476   0x08000476   0x00000002   PAD
    0x08000478   0x08000478   0x00000008   Code   RO         4044    .text               c_w.l(libspace.o)
    0x08000480   0x08000480   0x0000000c   Code   RO         4105    .text               c_w.l(sys_exit.o)
    0x0800048c   0x0800048c   0x00000002   Code   RO         4116    .text               c_w.l(use_no_semi.o)
    0x0800048e   0x0800048e   0x00000000   Code   RO         4118    .text               c_w.l(indicate_semi.o)
    0x0800048e   0x0800048e   0x00000002   PAD
    0x08000490   0x08000490   0x0000000c   Code   RO          261    i.ADC1_2_IRQHandler  stm32f1xx_it.o
    0x0800049c   0x0800049c   0x00000056   Code   RO          476    i.ADC_ConversionStop_Disable  stm32f1xx_hal_adc.o
    0x080004f2   0x080004f2   0x0000004e   Code   RO          477    i.ADC_DMAConvCplt   stm32f1xx_hal_adc.o
    0x08000540   0x08000540   0x0000001a   Code   RO          478    i.ADC_DMAError      stm32f1xx_hal_adc.o
    0x0800055a   0x0800055a   0x0000000a   Code   RO          479    i.ADC_DMAHalfConvCplt  stm32f1xx_hal_adc.o
    0x08000564   0x08000564   0x0000007c   Code   RO          480    i.ADC_Enable        stm32f1xx_hal_adc.o
    0x080005e0   0x080005e0   0x00000010   Code   RO         3651    i.Bit_Is_Set        font.o
    0x080005f0   0x080005f0   0x00000002   Code   RO          262    i.BusFault_Handler  stm32f1xx_it.o
    0x080005f2   0x080005f2   0x00000002   PAD
    0x080005f4   0x080005f4   0x00000014   Code   RO         3653    i.CalcTextWidth     font.o
    0x08000608   0x08000608   0x00000090   Code   RO         3654    i.CalcTextWidthEN   font.o
    0x08000698   0x08000698   0x00000250   Code   RO         3655    i.CalcTextWidthPE   font.o
    0x080008e8   0x080008e8   0x0000000c   Code   RO          263    i.DMA1_Channel1_IRQHandler  stm32f1xx_it.o
    0x080008f4   0x080008f4   0x0000002a   Code   RO         1130    i.DMA_SetConfig     stm32f1xx_hal_dma.o
    0x0800091e   0x0800091e   0x00000002   Code   RO          264    i.DebugMon_Handler  stm32f1xx_it.o
    0x08000920   0x08000920   0x00000030   Code   RO         3795    i.Enable            ks0108.o
    0x08000950   0x08000950   0x00000004   Code   RO           13    i.Error_Handler     main.o
    0x08000954   0x08000954   0x000000d8   Code   RO          656    i.HAL_ADCEx_Calibration_Start  stm32f1xx_hal_adc_ex.o
    0x08000a2c   0x08000a2c   0x00000002   Code   RO          658    i.HAL_ADCEx_InjectedConvCpltCallback  stm32f1xx_hal_adc_ex.o
    0x08000a2e   0x08000a2e   0x00000002   PAD
    0x08000a30   0x08000a30   0x000000fc   Code   RO          482    i.HAL_ADC_ConfigChannel  stm32f1xx_hal_adc.o
    0x08000b2c   0x08000b2c   0x00000040   Code   RO           14    i.HAL_ADC_ConvCpltCallback  main.o
    0x08000b6c   0x08000b6c   0x00000002   Code   RO          484    i.HAL_ADC_ConvHalfCpltCallback  stm32f1xx_hal_adc.o
    0x08000b6e   0x08000b6e   0x00000002   Code   RO          486    i.HAL_ADC_ErrorCallback  stm32f1xx_hal_adc.o
    0x08000b70   0x08000b70   0x000000e6   Code   RO          490    i.HAL_ADC_IRQHandler  stm32f1xx_hal_adc.o
    0x08000c56   0x08000c56   0x00000002   PAD
    0x08000c58   0x08000c58   0x0000011c   Code   RO          491    i.HAL_ADC_Init      stm32f1xx_hal_adc.o
    0x08000d74   0x08000d74   0x00000002   Code   RO          492    i.HAL_ADC_LevelOutOfWindowCallback  stm32f1xx_hal_adc.o
    0x08000d76   0x08000d76   0x00000002   PAD
    0x08000d78   0x08000d78   0x0000009c   Code   RO          356    i.HAL_ADC_MspInit   stm32f1xx_hal_msp.o
    0x08000e14   0x08000e14   0x0000010c   Code   RO          498    i.HAL_ADC_Start_DMA  stm32f1xx_hal_adc.o
    0x08000f20   0x08000f20   0x0000011a   Code   RO         1741    i.HAL_CAN_Init      stm32f1xx_hal_can.o
    0x0800103a   0x0800103a   0x00000002   PAD
    0x0800103c   0x0800103c   0x0000006c   Code   RO          358    i.HAL_CAN_MspInit   stm32f1xx_hal_msp.o
    0x080010a8   0x080010a8   0x00000046   Code   RO         1131    i.HAL_DMA_Abort     stm32f1xx_hal_dma.o
    0x080010ee   0x080010ee   0x00000002   PAD
    0x080010f0   0x080010f0   0x00000098   Code   RO         1132    i.HAL_DMA_Abort_IT  stm32f1xx_hal_dma.o
    0x08001188   0x08001188   0x00000154   Code   RO         1136    i.HAL_DMA_IRQHandler  stm32f1xx_hal_dma.o
    0x080012dc   0x080012dc   0x0000005c   Code   RO         1137    i.HAL_DMA_Init      stm32f1xx_hal_dma.o
    0x08001338   0x08001338   0x00000070   Code   RO         1141    i.HAL_DMA_Start_IT  stm32f1xx_hal_dma.o
    0x080013a8   0x080013a8   0x00000024   Code   RO          759    i.HAL_Delay         stm32f1xx_hal.o
    0x080013cc   0x080013cc   0x000001e0   Code   RO         1067    i.HAL_GPIO_Init     stm32f1xx_hal_gpio.o
    0x080015ac   0x080015ac   0x0000000a   Code   RO         1069    i.HAL_GPIO_ReadPin  stm32f1xx_hal_gpio.o
    0x080015b6   0x080015b6   0x00000010   Code   RO         1070    i.HAL_GPIO_TogglePin  stm32f1xx_hal_gpio.o
    0x080015c6   0x080015c6   0x0000000a   Code   RO         1071    i.HAL_GPIO_WritePin  stm32f1xx_hal_gpio.o
    0x080015d0   0x080015d0   0x0000000c   Code   RO          763    i.HAL_GetTick       stm32f1xx_hal.o
    0x080015dc   0x080015dc   0x00000010   Code   RO          769    i.HAL_IncTick       stm32f1xx_hal.o
    0x080015ec   0x080015ec   0x00000024   Code   RO          770    i.HAL_Init          stm32f1xx_hal.o
    0x08001610   0x08001610   0x00000040   Code   RO          771    i.HAL_InitTick      stm32f1xx_hal.o
    0x08001650   0x08001650   0x0000003c   Code   RO          359    i.HAL_MspInit       stm32f1xx_hal_msp.o
    0x0800168c   0x0800168c   0x0000001a   Code   RO         1227    i.HAL_NVIC_EnableIRQ  stm32f1xx_hal_cortex.o
    0x080016a6   0x080016a6   0x00000002   PAD
    0x080016a8   0x080016a8   0x00000040   Code   RO         1233    i.HAL_NVIC_SetPriority  stm32f1xx_hal_cortex.o
    0x080016e8   0x080016e8   0x00000024   Code   RO         1234    i.HAL_NVIC_SetPriorityGrouping  stm32f1xx_hal_cortex.o
    0x0800170c   0x0800170c   0x000000c8   Code   RO         1029    i.HAL_RCCEx_GetPeriphCLKFreq  stm32f1xx_hal_rcc_ex.o
    0x080017d4   0x080017d4   0x000000ec   Code   RO         1030    i.HAL_RCCEx_PeriphCLKConfig  stm32f1xx_hal_rcc_ex.o
    0x080018c0   0x080018c0   0x0000012c   Code   RO          927    i.HAL_RCC_ClockConfig  stm32f1xx_hal_rcc.o
    0x080019ec   0x080019ec   0x00000020   Code   RO          934    i.HAL_RCC_GetPCLK1Freq  stm32f1xx_hal_rcc.o
    0x08001a0c   0x08001a0c   0x00000020   Code   RO          935    i.HAL_RCC_GetPCLK2Freq  stm32f1xx_hal_rcc.o
    0x08001a2c   0x08001a2c   0x0000006c   Code   RO          936    i.HAL_RCC_GetSysClockFreq  stm32f1xx_hal_rcc.o
    0x08001a98   0x08001a98   0x00000320   Code   RO          939    i.HAL_RCC_OscConfig  stm32f1xx_hal_rcc.o
    0x08001db8   0x08001db8   0x000000b2   Code   RO         1972    i.HAL_SPI_Init      stm32f1xx_hal_spi.o
    0x08001e6a   0x08001e6a   0x00000002   PAD
    0x08001e6c   0x08001e6c   0x00000070   Code   RO          361    i.HAL_SPI_MspInit   stm32f1xx_hal_msp.o
    0x08001edc   0x08001edc   0x00000028   Code   RO         1238    i.HAL_SYSTICK_Config  stm32f1xx_hal_cortex.o
    0x08001f04   0x08001f04   0x00000068   Code   RO         3008    i.HAL_TIMEx_MasterConfigSynchronization  stm32f1xx_hal_tim_ex.o
    0x08001f6c   0x08001f6c   0x0000005a   Code   RO         2285    i.HAL_TIM_Base_Init  stm32f1xx_hal_tim.o
    0x08001fc6   0x08001fc6   0x00000002   PAD
    0x08001fc8   0x08001fc8   0x0000003c   Code   RO          363    i.HAL_TIM_Base_MspInit  stm32f1xx_hal_msp.o
    0x08002004   0x08002004   0x000000d6   Code   RO         2294    i.HAL_TIM_ConfigClockSource  stm32f1xx_hal_tim.o
    0x080020da   0x080020da   0x000000c6   Code   RO         2357    i.HAL_TIM_PWM_ConfigChannel  stm32f1xx_hal_tim.o
    0x080021a0   0x080021a0   0x0000005a   Code   RO         2360    i.HAL_TIM_PWM_Init  stm32f1xx_hal_tim.o
    0x080021fa   0x080021fa   0x00000002   Code   RO         2362    i.HAL_TIM_PWM_MspInit  stm32f1xx_hal_tim.o
    0x080021fc   0x080021fc   0x00000002   Code   RO         3267    i.HAL_UARTEx_RxEventCallback  stm32f1xx_hal_uart.o
    0x080021fe   0x080021fe   0x00000002   Code   RO         3281    i.HAL_UART_ErrorCallback  stm32f1xx_hal_uart.o
    0x08002200   0x08002200   0x0000020c   Code   RO         3284    i.HAL_UART_IRQHandler  stm32f1xx_hal_uart.o
    0x0800240c   0x0800240c   0x00000062   Code   RO         3285    i.HAL_UART_Init     stm32f1xx_hal_uart.o
    0x0800246e   0x0800246e   0x00000002   PAD
    0x08002470   0x08002470   0x00000110   Code   RO          365    i.HAL_UART_MspInit  stm32f1xx_hal_msp.o
    0x08002580   0x08002580   0x00000002   Code   RO         3291    i.HAL_UART_RxCpltCallback  stm32f1xx_hal_uart.o
    0x08002582   0x08002582   0x00000002   Code   RO         3296    i.HAL_UART_TxCpltCallback  stm32f1xx_hal_uart.o
    0x08002584   0x08002584   0x00000002   Code   RO          265    i.HardFault_Handler  stm32f1xx_it.o
    0x08002586   0x08002586   0x00000002   PAD
    0x08002588   0x08002588   0x0000001c   Code   RO           15    i.Input_DB_GLCD     main.o
    0x080025a4   0x080025a4   0x00000022   Code   RO         3798    i.KS108_CLS         ks0108.o
    0x080025c6   0x080025c6   0x00000020   Code   RO         3799    i.KS108_ClearPage   ks0108.o
    0x080025e6   0x080025e6   0x00000002   PAD
    0x080025e8   0x080025e8   0x000000cc   Code   RO         3800    i.KS108_DoReadData  ks0108.o
    0x080026b4   0x080026b4   0x000000ec   Code   RO         3801    i.KS108_DrawBitmap  ks0108.o
    0x080027a0   0x080027a0   0x000000d0   Code   RO         3802    i.KS108_FillRect    ks0108.o
    0x08002870   0x08002870   0x00000054   Code   RO         3803    i.KS108_GotoXY      ks0108.o
    0x080028c4   0x080028c4   0x00000084   Code   RO         3804    i.KS108_Init        ks0108.o
    0x08002948   0x08002948   0x00000058   Code   RO         3805    i.KS108_Init_Port   ks0108.o
    0x080029a0   0x080029a0   0x000000d0   Code   RO         3806    i.KS108_InvertRect  ks0108.o
    0x08002a70   0x08002a70   0x00000012   Code   RO         3807    i.KS108_ReadData    ks0108.o
    0x08002a82   0x08002a82   0x00000038   Code   RO         3808    i.KS108_SetDot      ks0108.o
    0x08002aba   0x08002aba   0x00000002   PAD
    0x08002abc   0x08002abc   0x00000064   Code   RO         3810    i.KS108_WriteCommand  ks0108.o
    0x08002b20   0x08002b20   0x00000160   Code   RO         3811    i.KS108_WriteData   ks0108.o
    0x08002c80   0x08002c80   0x00000014   Code   RO         3812    i.KS108_delay450ns  ks0108.o
    0x08002c94   0x08002c94   0x00000028   Code   RO         3656    i.LcdFont           font.o
    0x08002cbc   0x08002cbc   0x0000004c   Code   RO           16    i.MX_ADC1_Init      main.o
    0x08002d08   0x08002d08   0x00000038   Code   RO           17    i.MX_CAN_Init       main.o
    0x08002d40   0x08002d40   0x000000d4   Code   RO           18    i.MX_GPIO_Init      main.o
    0x08002e14   0x08002e14   0x00000044   Code   RO           19    i.MX_SPI1_Init      main.o
    0x08002e58   0x08002e58   0x00000068   Code   RO           20    i.MX_TIM1_Init      main.o
    0x08002ec0   0x08002ec0   0x00000090   Code   RO           21    i.MX_TIM2_Init      main.o
    0x08002f50   0x08002f50   0x00000002   Code   RO          266    i.MemManage_Handler  stm32f1xx_it.o
    0x08002f52   0x08002f52   0x00000002   Code   RO          267    i.NMI_Handler       stm32f1xx_it.o
    0x08002f54   0x08002f54   0x00000028   Code   RO           22    i.Output_DB_GLCD    main.o
    0x08002f7c   0x08002f7c   0x00000002   Code   RO          268    i.PendSV_Handler    stm32f1xx_it.o
    0x08002f7e   0x08002f7e   0x00000002   PAD
    0x08002f80   0x08002f80   0x000001d4   Code   RO         3659    i.PutCharEN         font.o
    0x08003154   0x08003154   0x0000018c   Code   RO         3660    i.PutCharPE         font.o
    0x080032e0   0x080032e0   0x00000098   Code   RO         3663    i.PutText           font.o
    0x08003378   0x08003378   0x0000002c   Code   RO         3664    i.Puts              font.o
    0x080033a4   0x080033a4   0x000001a4   Code   RO         3665    i.PutsPE            font.o
    0x08003548   0x08003548   0x000000a8   Code   RO           23    i.Read_DB_GLCD      main.o
    0x080035f0   0x080035f0   0x0000004c   Code   RO         3935    i.Rectangle         graphic.o
    0x0800363c   0x0800363c   0x00000206   Code   RO         3936    i.RoundRectangle    graphic.o
    0x08003842   0x08003842   0x00000002   Code   RO          269    i.SVC_Handler       stm32f1xx_it.o
    0x08003844   0x08003844   0x00000018   Code   RO         3666    i.SetLetter         font.o
    0x0800385c   0x0800385c   0x00000004   Code   RO          270    i.SysTick_Handler   stm32f1xx_it.o
    0x08003860   0x08003860   0x00000078   Code   RO           24    i.SystemClock_Config  main.o
    0x080038d8   0x080038d8   0x00000002   Code   RO         3614    i.SystemInit        system_stm32f1xx.o
    0x080038da   0x080038da   0x00000002   PAD
    0x080038dc   0x080038dc   0x0000006c   Code   RO         2378    i.TIM_Base_SetConfig  stm32f1xx_hal_tim.o
    0x08003948   0x08003948   0x00000014   Code   RO         2389    i.TIM_ETR_SetConfig  stm32f1xx_hal_tim.o
    0x0800395c   0x0800395c   0x00000010   Code   RO         2390    i.TIM_ITRx_SetConfig  stm32f1xx_hal_tim.o
    0x0800396c   0x0800396c   0x00000050   Code   RO         2391    i.TIM_OC1_SetConfig  stm32f1xx_hal_tim.o
    0x080039bc   0x080039bc   0x00000058   Code   RO         2392    i.TIM_OC2_SetConfig  stm32f1xx_hal_tim.o
    0x08003a14   0x08003a14   0x00000058   Code   RO         2393    i.TIM_OC3_SetConfig  stm32f1xx_hal_tim.o
    0x08003a6c   0x08003a6c   0x00000044   Code   RO         2394    i.TIM_OC4_SetConfig  stm32f1xx_hal_tim.o
    0x08003ab0   0x08003ab0   0x00000022   Code   RO         2396    i.TIM_TI1_ConfigInputStage  stm32f1xx_hal_tim.o
    0x08003ad2   0x08003ad2   0x00000024   Code   RO         2398    i.TIM_TI2_ConfigInputStage  stm32f1xx_hal_tim.o
    0x08003af6   0x08003af6   0x00000002   PAD
    0x08003af8   0x08003af8   0x00000114   Code   RO         3668    i.TextBox           font.o
    0x08003c0c   0x08003c0c   0x00000010   Code   RO         3298    i.UART_DMAAbortOnError  stm32f1xx_hal_uart.o
    0x08003c1c   0x08003c1c   0x00000030   Code   RO         3308    i.UART_EndRxTransfer  stm32f1xx_hal_uart.o
    0x08003c4c   0x08003c4c   0x000000b6   Code   RO         3310    i.UART_Receive_IT   stm32f1xx_hal_uart.o
    0x08003d02   0x08003d02   0x00000002   PAD
    0x08003d04   0x08003d04   0x000000b8   Code   RO         3311    i.UART_SetConfig    stm32f1xx_hal_uart.o
    0x08003dbc   0x08003dbc   0x0000000c   Code   RO          271    i.USART2_IRQHandler  stm32f1xx_it.o
    0x08003dc8   0x08003dc8   0x00000002   Code   RO          272    i.UsageFault_Handler  stm32f1xx_it.o
    0x08003dca   0x08003dca   0x00000002   PAD
    0x08003dcc   0x08003dcc   0x00000024   Code   RO           25    i.Write_DB_GLCD     main.o
    0x08003df0   0x08003df0   0x00000020   Code   RO         1240    i.__NVIC_SetPriority  stm32f1xx_hal_cortex.o
    0x08003e10   0x08003e10   0x00000012   Code   RO           26    i._delay_us         main.o
    0x08003e22   0x08003e22   0x00000002   PAD
    0x08003e24   0x08003e24   0x0000027c   Code   RO           27    i.main              main.o
    0x080040a0   0x080040a0   0x0000060d   Data   RO           32    .constdata          main.o
    0x080046ad   0x080046ad   0x00000010   Data   RO         3615    .constdata          system_stm32f1xx.o
    0x080046bd   0x080046bd   0x00000008   Data   RO         3616    .constdata          system_stm32f1xx.o
    0x080046c5   0x080046c5   0x0000017a   Data   RO         3669    .constdata          font.o
    0x0800483f   0x0800483f   0x00000001   PAD
    0x08004840   0x08004840   0x00000020   Data   RO         4173    Region$$Table       anon$$obj.o


    Execution Region RW_IRAM1 (Exec base: 0x20000000, Load base: 0x08004860, Size: 0x00000970, Max: 0x00005000, ABSOLUTE)

    Exec Addr    Load Addr    Size         Type   Attr      Idx    E Section Name        Object

    0x20000000   0x08004860   0x00000008   Data   RW           36    .data               main.o
    0x20000008   0x08004868   0x0000000c   Data   RW          777    .data               stm32f1xx_hal.o
    0x20000014   0x08004874   0x00000004   Data   RW         3617    .data               system_stm32f1xx.o
    0x20000018   0x08004878   0x00000024   Data   RW         3670    .data               font.o
    0x2000003c   0x0800489c   0x00000004   Data   RW         3813    .data               ks0108.o
    0x20000040        -       0x0000028c   Zero   RW           28    .bss                main.o
    0x200002cc        -       0x00000044   Zero   RW           29    .bss                main.o
    0x20000310        -       0x00000060   Zero   RW         4045    .bss                c_w.l(libspace.o)
    0x20000370        -       0x00000200   Zero   RW            2    HEAP                startup_stm32f103xb.o
    0x20000570        -       0x00000400   Zero   RW            1    STACK               startup_stm32f103xb.o


==============================================================================

Image component sizes


      Code (inc. data)   RO Data    RW Data    ZI Data      Debug   Object Name

      2592         90        378         36          0      13990   font.o
       594          0          0          0          0       1909   graphic.o
      1820         56          0          4          0      11964   ks0108.o
      1774        210       1549          8        720     474737   main.o
        64         26        236          0       1536        808   startup_stm32f103xb.o
       164         28          0         12          0       5861   stm32f1xx_hal.o
      1364         56          0          0          0       9243   stm32f1xx_hal_adc.o
       218          6          0          0          0       1959   stm32f1xx_hal_adc_ex.o
       282          0          0          0          0       1315   stm32f1xx_hal_can.o
       198         14          0          0          0      28911   stm32f1xx_hal_cortex.o
       808         36          0          0          0       4958   stm32f1xx_hal_dma.o
       516         34          0          0          0       4112   stm32f1xx_hal_gpio.o
       768         86          0          0          0       4522   stm32f1xx_hal_msp.o
      1272        100          0          0          0       5164   stm32f1xx_hal_rcc.o
       436         46          0          0          0       2517   stm32f1xx_hal_rcc_ex.o
       178          0          0          0          0       1223   stm32f1xx_hal_spi.o
      1132         34          0          0          0      10704   stm32f1xx_hal_tim.o
       104         12          0          0          0       1316   stm32f1xx_hal_tim_ex.o
      1060         10          0          0          0       7560   stm32f1xx_hal_uart.o
        56         18          0          0          0       5033   stm32f1xx_it.o
         2          0         24          4          0       1083   system_stm32f1xx.o

    ----------------------------------------------------------------------
     15440        862       2220         64       2256     598889   Object Totals
         0          0         32          0          0          0   (incl. Generated)
        38          0          1          0          0          0   (incl. Padding)

    ----------------------------------------------------------------------

      Code (inc. data)   RO Data    RW Data    ZI Data      Debug   Library Member Name

         8          0          0          0          0         68   __main.o
       104          0          0          0          0         84   __printf.o
         0          0          0          0          0          0   __rtentry.o
        12          0          0          0          0          0   __rtentry2.o
         6          0          0          0          0          0   __rtentry4.o
        52          8          0          0          0          0   __scatter.o
        26          0          0          0          0          0   __scatter_copy.o
        28          0          0          0          0          0   __scatter_zi.o
        48          6          0          0          0         96   _printf_char_common.o
         6          0          0          0          0          0   _printf_d.o
       120         16          0          0          0         92   _printf_dec.o
       178          0          0          0          0         88   _printf_intcommon.o
         0          0          0          0          0          0   _printf_percent.o
         4          0          0          0          0          0   _printf_percent_end.o
        10          0          0          0          0         68   _sputc.o
        18          0          0          0          0         80   exit.o
         6          0          0          0          0        152   heapauxi.o
         0          0          0          0          0          0   indicate_semi.o
         2          0          0          0          0          0   libinit.o
         2          0          0          0          0          0   libinit2.o
         2          0          0          0          0          0   libshutdown.o
         2          0          0          0          0          0   libshutdown2.o
         8          4          0          0         96         68   libspace.o
        40          6          0          0          0         84   noretval__2sprintf.o
        78          0          0          0          0         80   rt_memclr_w.o
         2          0          0          0          0          0   rtexit.o
        10          0          0          0          0          0   rtexit2.o
        12          4          0          0          0         68   sys_exit.o
        74          0          0          0          0         80   sys_stackheap_outer.o
         2          0          0          0          0         68   use_no_semi.o

    ----------------------------------------------------------------------
       868         44          0          0         96       1176   Library Totals
         8          0          0          0          0          0   (incl. Padding)

    ----------------------------------------------------------------------

      Code (inc. data)   RO Data    RW Data    ZI Data      Debug   Library Name

       860         44          0          0         96       1176   c_w.l

    ----------------------------------------------------------------------
       868         44          0          0         96       1176   Library Totals

    ----------------------------------------------------------------------

==============================================================================


      Code (inc. data)   RO Data    RW Data    ZI Data      Debug   

     16308        906       2220         64       2352     592989   Grand Totals
     16308        906       2220         64       2352     592989   ELF Image Totals
     16308        906       2220         64          0          0   ROM Totals

==============================================================================

    Total RO  Size (Code + RO Data)                18528 (  18.09kB)
    Total RW  Size (RW Data + ZI Data)              2416 (   2.36kB)
    Total ROM Size (Code + RO Data + RW Data)      18592 (  18.16kB)

==============================================================================

